AI CHESSATHON MATCH LOG
=======================

MATCH
  Round          Rated 93
  Team           En Passant Labs
  Colour         White
  Opponent       Brokefish
  Opening        French Advance
  Start FEN      r3kbnr/pp1b1ppp/1qn1p3/3pP3/3P4/5N1P/PP2BPP1/RNBQK2R b KQkq - 0 8
  You moved      Second
  Machine        w-ce5f0d
  Finished       2026-09-10 09:29:58 UTC
  Match ID       ddb4dd35-10ce-42df-90dd-ef7de1c4db99

INIT
  Ready in       36.7 s
  Budget         90.0 s
  Used           41 percent

CLOCK
  Base           120.0 s plus 0.5 s per move
  Moves          66
  Time used      119.5 s
  Slowest        4.2 s on move 1
  Fastest        0.0 s on move 63
  Average        1.8 s
  Left at end    33.5 s

RESULT
  Won by checkmate
  Game lasted 269.7 s

MOVES
    #  move          time     clock left
    1  Na3           4.2 s      116.3 s
    2  Nc2           3.1 s      113.7 s
    3  O-O           3.0 s      111.2 s
    4  Qd3           3.0 s      108.7 s
    5  Rb1           2.9 s      106.3 s
    6  Bd2           2.9 s      103.9 s
    7  dxe5          2.8 s      101.6 s
    8  Ne3           2.8 s       99.4 s
    9  Nxf5          2.7 s       97.2 s
   10  Qe4           2.7 s       95.0 s
   11  Rfc1          2.6 s       92.9 s
   12  Rc4           2.6 s       90.8 s
   13  Rbc1          2.5 s       88.8 s
   14  Rxc5          2.5 s       86.8 s
   15  R1c2          2.4 s       84.9 s
   16  Bg5           2.4 s       83.0 s
   17  R5c3          2.3 s       81.2 s
   18  Qxe2          2.3 s       79.3 s
   19  Rxe2          2.3 s       77.6 s
   20  Rxc8+         2.2 s       75.9 s
   21  Bd8           2.2 s       74.2 s
   22  Bxb6          2.2 s       72.5 s
   23  Re4           2.1 s       70.9 s
   24  Bc5           2.1 s       69.3 s
   25  Rc4           2.0 s       67.8 s
   26  Rb4           2.0 s       66.3 s
   27  Rxb6          2.0 s       64.8 s
   28  Kh2           1.9 s       63.4 s
   29  Kg3           1.9 s       62.0 s
   30  Kf4           1.9 s       60.6 s
   31  Ke3           1.8 s       59.2 s
   32  Nd4           1.8 s       57.9 s
   33  h4            1.8 s       56.6 s
   34  Rb4           1.8 s       55.4 s
   35  Kf4           1.7 s       54.1 s
   36  Kf3           1.7 s       52.9 s
   37  Rb7           1.7 s       51.7 s
   38  Ke4           1.6 s       50.6 s
   39  Kf4           1.6 s       49.5 s
   40  Nc6+          1.6 s       48.4 s
   41  Rb8+          1.6 s       47.3 s
   42  Rd8           1.6 s       46.2 s
   43  Nb4           1.5 s       45.2 s
   44  Ke3           1.5 s       44.2 s
   45  Rxd7+         1.5 s       43.2 s
   46  Rd2           1.5 s       42.3 s
   47  Rd4           1.4 s       41.3 s
   48  Kxd4          1.4 s       40.4 s
   49  Kc5           1.4 s       39.5 s
   50  f3            1.4 s       38.6 s
   51  Kd6           1.4 s       37.8 s
   52  Kxe6          1.3 s       36.9 s
   53  Kd7           1.3 s       36.1 s
   54  fxg4          1.3 s       35.3 s
   55  bxa3          1.3 s       34.5 s
   56  e6            1.3 s       33.7 s
   57  e7            1.3 s       33.0 s
   58  gxh3          1.2 s       32.2 s
   59  e8=Q          1.2 s       31.5 s
   60  g5            1.2 s       30.8 s
   61  g6            0.4 s       31.0 s
   62  g7            0.0 s       31.5 s
   63  g8=Q          0.0 s       32.0 s
   64  Qgf7+         0.0 s       32.5 s
   65  Qeg8+         0.0 s       33.0 s
   66  Qfh7#         0.0 s       33.5 s

OUTPUT
  49 bytes on stderr

  [chessathon] numba warmup 35.8s (init budget ok)

Email hello@aichessathon.com with this file if anything here is unclear.
