AI CHESSATHON MATCH LOG
=======================

MATCH
  Round          Rated 100
  Team           En Passant Labs
  Colour         White
  Opponent       Deep Red
  Opening        Sicilian Sveshnikov
  Start FEN      r1bqkb1r/pp3ppp/2np4/1N1Pp3/8/8/PPP2PPP/R1BQKB1R b KQkq - 0 8
  You moved      Second
  Machine        w-940ac8
  Finished       2026-09-10 16:24:23 UTC
  Match ID       560b557b-7c86-460f-91a9-b916d88a01bb

INIT
  Ready in       36.8 s
  Budget         90.0 s
  Used           41 percent

CLOCK
  Base           120.0 s plus 0.5 s per move
  Moves          65
  Time used      118.7 s
  Slowest        4.3 s on move 1
  Fastest        0.0 s on move 65
  Average        1.8 s
  Left at end    33.8 s

RESULT
  Lost by checkmate
  Game lasted 249.3 s

MOVES
    #  move          time     clock left
    1  Be2           4.3 s      116.2 s
    2  O-O           3.1 s      113.6 s
    3  Nc3           3.0 s      111.1 s
    4  Be3           3.0 s      108.6 s
    5  Bg4           2.9 s      106.2 s
    6  Na4           2.9 s      103.8 s
    7  Bh5           2.8 s      101.5 s
    8  Bxg6          2.8 s       99.3 s
    9  Qd3           2.7 s       97.0 s
   10  Nc3           2.7 s       94.9 s
   11  Qd2           2.6 s       92.8 s
   12  Bd4           2.6 s       90.7 s
   13  b3            2.5 s       88.7 s
   14  Qxd4          2.5 s       86.7 s
   15  a4            2.4 s       84.8 s
   16  a5            2.4 s       82.9 s
   17  Ne2           2.3 s       81.1 s
   18  Nf4           2.3 s       79.3 s
   19  Qxc3          2.3 s       77.5 s
   20  Nxg6          2.2 s       75.8 s
   21  Nf4           2.2 s       74.1 s
   22  Ne6           2.1 s       72.4 s
   23  Nf4           2.1 s       70.8 s
   24  Rad1          2.1 s       69.2 s
   25  Rxd1          2.0 s       67.7 s
   26  Rd2           2.0 s       66.2 s
   27  Ne2           2.0 s       64.7 s
   28  Nc3           1.9 s       63.3 s
   29  Rd4           1.9 s       61.9 s
   30  Nxe4          1.9 s       60.5 s
   31  Rxe4          1.8 s       59.2 s
   32  gxf3          1.8 s       57.8 s
   33  Rd4           1.8 s       56.6 s
   34  Kg2           1.8 s       55.3 s
   35  Rxd6          1.7 s       54.1 s
   36  Kg3           1.7 s       52.9 s
   37  Kg4           1.7 s       51.7 s
   38  Rd2           1.7 s       50.5 s
   39  Rd8+          1.6 s       49.4 s
   40  Rb8           1.6 s       48.3 s
   41  Rb6           1.6 s       47.2 s
   42  h3            1.6 s       46.2 s
   43  Kxg5          1.5 s       45.2 s
   44  Kf6           1.5 s       44.2 s
   45  Ke6           1.5 s       43.2 s
   46  Rb4           1.5 s       42.2 s
   47  Kd6           1.4 s       41.3 s
   48  Rc4+          1.4 s       40.3 s
   49  Rb4+          1.4 s       39.4 s
   50  Ke5           1.4 s       38.6 s
   51  Kf6           1.4 s       37.7 s
   52  Rg4           1.3 s       36.9 s
   53  Kg5           1.3 s       36.0 s
   54  Kh5           1.3 s       35.2 s
   55  Rg6+          1.3 s       34.5 s
   56  Rg5+          1.3 s       33.7 s
   57  Rg4+          1.3 s       32.9 s
   58  Rg8           1.2 s       32.2 s
   59  Kh4           1.2 s       31.5 s
   60  Rb8+          0.6 s       31.4 s
   61  Rb7           0.0 s       31.8 s
   62  Kg4           0.0 s       32.3 s
   63  Kg3           0.0 s       32.8 s
   64  Kf2           0.0 s       33.3 s
   65  Kf1           0.0 s       33.8 s

OUTPUT
  49 bytes on stderr

  [chessathon] numba warmup 35.8s (init budget ok)

Email hello@aichessathon.com with this file if anything here is unclear.
