AI CHESSATHON MATCH LOG
=======================

MATCH
  Round          Rated 66
  Team           En Passant Labs
  Colour         Black
  Opponent       Benko
  Opening        Four Knights Game
  Start FEN      r1bq1rk1/pppp1ppp/2n2n2/1B2p3/4P3/2P2N1P/PPP2PP1/R1BQ1RK1 b - - 0 7
  You moved      First
  Machine        w-2742fe
  Finished       2026-09-08 12:33:07 UTC
  Match ID       ed97b91d-6f0b-4c1c-8b80-9269b1ec6d15

INIT
  Ready in       33.9 s
  Budget         90.0 s
  Used           38 percent

CLOCK
  Base           120.0 s plus 0.5 s per move
  Moves          76
  Time used      130.7 s
  Slowest        4.1 s on move 1
  Fastest        0.0 s on move 72
  Average        1.7 s
  Left at end    27.3 s

RESULT
  Won by checkmate
  Game lasted 280.8 s

MOVES
    #  move          time     clock left
    1  Nxe4          4.1 s      116.4 s
    2  Nd6           3.1 s      113.8 s
    3  dxc6          3.0 s      111.3 s
    4  Bf5           3.0 s      108.8 s
    5  Qh4           2.9 s      106.4 s
    6  Qa4           2.9 s      104.0 s
    7  Qa5           2.8 s      101.7 s
    8  Qa3           2.8 s       99.4 s
    9  Bxc2          2.7 s       97.2 s
   10  Qa4           2.7 s       95.1 s
   11  Bf5           2.6 s       93.0 s
   12  Qb3           2.6 s       90.9 s
   13  Nb5           2.5 s       88.9 s
   14  Qxd1          2.5 s       86.9 s
   15  Nxa3          2.4 s       85.0 s
   16  Nc2           2.4 s       83.1 s
   17  Be6           2.3 s       81.2 s
   18  Bd5           2.3 s       79.4 s
   19  f6            2.3 s       77.6 s
   20  fxg5          2.2 s       75.9 s
   21  Bxc6          2.2 s       74.2 s
   22  Ba4           2.2 s       72.6 s
   23  Bxd1          2.1 s       71.0 s
   24  c6            2.1 s       69.4 s
   25  Rf7           2.0 s       67.8 s
   26  Re7           2.0 s       66.3 s
   27  Rd7           2.0 s       64.9 s
   28  Kf7           1.9 s       63.4 s
   29  Kf6           1.9 s       62.0 s
   30  Kg6           1.9 s       60.6 s
   31  Kf5           1.8 s       59.3 s
   32  Kg6           1.8 s       58.0 s
   33  Kh5           1.8 s       56.7 s
   34  Rc8           1.8 s       55.4 s
   35  h6            1.7 s       54.2 s
   36  hxg5          1.7 s       53.0 s
   37  Kg6           1.7 s       51.8 s
   38  Kf5           1.7 s       50.6 s
   39  Kf6           1.6 s       49.5 s
   40  Ra8           1.6 s       48.4 s
   41  Kg6           1.6 s       47.3 s
   42  Kh5           1.6 s       46.3 s
   43  Kh6           1.5 s       45.2 s
   44  Kh7           1.5 s       44.2 s
   45  Kg6           1.5 s       43.3 s
   46  Kf7           1.5 s       42.3 s
   47  Kf6           1.4 s       41.3 s
   48  Kg6           1.4 s       40.4 s
   49  Rh8           1.4 s       39.5 s
   50  Kf7           1.4 s       38.6 s
   51  Kf6           1.4 s       37.8 s
   52  Kg6           1.3 s       36.9 s
   53  Rf7           1.3 s       36.1 s
   54  Rf3           1.3 s       35.3 s
   55  Kf7           1.3 s       34.5 s
   56  Rhxh3+        1.3 s       33.8 s
   57  Kf6           1.3 s       33.0 s
   58  Rxh5          1.2 s       32.3 s
   59  Rh8           1.2 s       31.6 s
   60  Re8           1.2 s       30.9 s
   61  Kg6           1.2 s       30.2 s
   62  Re1           1.2 s       29.5 s
   63  Ra1           1.2 s       28.8 s
   64  Kf5           1.1 s       28.2 s
   65  Ra3           1.1 s       27.6 s
   66  Ke4           1.1 s       27.0 s
   67  Rh3           1.1 s       26.4 s
   68  Rh1+          1.1 s       25.8 s
   69  Rh2           1.1 s       25.2 s
   70  Kf3           1.1 s       24.6 s
   71  Rd2           0.3 s       24.9 s
   72  Rd1+          0.0 s       25.4 s
   73  g6            0.0 s       25.9 s
   74  Rxe1+         0.0 s       26.4 s
   75  Rf1           0.0 s       26.8 s
   76  Rh1#          0.0 s       27.3 s

OUTPUT
  49 bytes on stderr

  [chessathon] numba warmup 33.0s (init budget ok)

Email hello@aichessathon.com with this file if anything here is unclear.
