AI CHESSATHON MATCH LOG
=======================

MATCH
  Round          Rated 80
  Team           En Passant Labs
  Colour         Black
  Opponent       GMmmmm
  Opening        King's Indian Classical
  Start FEN      rnbq1rk1/ppp2pbp/3p1np1/3Pp3/2P1P3/2N2N2/PP2BPPP/R1BQK2R b KQ - 0 7
  You moved      First
  Machine        w-382a7a
  Finished       2026-09-09 11:25:33 UTC
  Match ID       75ab01db-0e2f-498f-b667-60c2b952d24f

INIT
  Ready in       37.7 s
  Budget         90.0 s
  Used           42 percent

CLOCK
  Base           120.0 s plus 0.5 s per move
  Moves          25
  Time used      60.7 s
  Slowest        4.3 s on move 1
  Fastest        0.0 s on move 25
  Average        2.4 s
  Left at end    71.8 s

RESULT
  Won by checkmate
  Game lasted 156.7 s

MOVES
    #  move          time     clock left
    1  Na6           4.3 s      116.2 s
    2  Nc5           3.1 s      113.6 s
    3  Bg4           3.0 s      111.1 s
    4  Bd7           3.0 s      108.6 s
    5  Re8           2.9 s      106.2 s
    6  Na6           2.9 s      103.9 s
    7  Nb8           2.8 s      101.6 s
    8  Nh5           2.8 s       99.3 s
    9  Nf4           2.7 s       97.1 s
   10  exf4          2.7 s       94.9 s
   11  Qf6           2.6 s       92.8 s
   12  Bc8           2.6 s       90.8 s
   13  Nd7           2.5 s       88.7 s
   14  Ne5           2.5 s       86.8 s
   15  Nxf3+         2.4 s       84.8 s
   16  Qg5           2.4 s       82.9 s
   17  Qh4           2.3 s       81.1 s
   18  Bxh3          2.3 s       79.3 s
   19  Qxh3+         2.3 s       77.5 s
   20  Re5           2.2 s       75.8 s
   21  Rg5           2.2 s       74.1 s
   22  Qxf3          2.1 s       72.5 s
   23  Rxg2          2.1 s       70.9 s
   24  Rh2           0.0 s       71.3 s
   25  Rh1#          0.0 s       71.8 s

OUTPUT
  49 bytes on stderr

  [chessathon] numba warmup 36.7s (init budget ok)

Email hello@aichessathon.com with this file if anything here is unclear.
