AI CHESSATHON MATCH LOG
=======================

MATCH
  Round          Rated 107
  Team           En Passant Labs
  Colour         Black
  Opponent       Istanbul's finest
  Opening        Italian Game
  Start FEN      r1bqk2r/ppp2ppp/1bnp1n2/4p3/PPB1P3/2PP1N2/5PPP/RNBQK2R b KQkq - 0 7
  You moved      First
  Machine        w-8afbf6
  Finished       2026-09-11 09:08:21 UTC
  Match ID       b7af2f3c-92a8-42d6-84e6-46fa1e1052aa

INIT
  Ready in       41.3 s
  Budget         90.0 s
  Used           46 percent

CLOCK
  Base           120.0 s plus 0.5 s per move
  Moves          50
  Time used      131.2 s
  Slowest        6.0 s on move 6
  Fastest        0.0 s on move 50
  Average        2.6 s
  Left at end    13.8 s

RESULT
  Won by checkmate
  Game lasted 256.6 s

MOVES
    #  move          time     clock left
    1  a6            4.3 s      116.2 s
    2  Ba7           3.1 s      113.6 s
    3  O-O           3.0 s      111.0 s
    4  d5            3.0 s      108.5 s
    5  Nxd5          3.0 s      106.0 s
    6  Nf4           6.0 s      100.5 s
    7  exd4          3.0 s       98.0 s
    8  Qf6           3.0 s       95.5 s
    9  Qxf4          3.0 s       93.0 s
   10  Bg4           3.0 s       90.5 s
   11  dxc3          6.0 s       85.0 s
   12  Qxb4          3.0 s       82.5 s
   13  Nxa5          3.0 s       80.0 s
   14  Bf5           3.0 s       77.5 s
   15  Qb2           3.0 s       75.0 s
   16  Bd3           3.0 s       72.5 s
   17  Rad8          3.0 s       70.0 s
   18  Bc2           3.0 s       67.5 s
   19  Bxd1          3.0 s       65.0 s
   20  Rd7           6.0 s       59.5 s
   21  Re7           3.0 s       57.0 s
   22  Qb4           6.0 s       51.5 s
   23  Nc6           3.0 s       49.0 s
   24  Bd4           3.0 s       46.5 s
   25  g6            3.0 s       44.0 s
   26  Bxc3          3.0 s       41.5 s
   27  f5            3.0 s       39.0 s
   28  Kg7           3.0 s       36.5 s
   29  fxe4          3.0 s       34.0 s
   30  Rf5           3.0 s       31.5 s
   31  Rxd5          3.0 s       29.0 s
   32  g5            2.9 s       26.6 s
   33  gxh4          2.7 s       24.4 s
   34  Kg6           2.4 s       22.5 s
   35  Qd4           4.4 s       18.6 s
   36  Qd1           1.7 s       17.4 s
   37  Qxe1+         1.6 s       16.4 s
   38  Kf5           1.4 s       15.4 s
   39  Red7          1.3 s       14.6 s
   40  Rd2           1.2 s       13.9 s
   41  Rf7           1.1 s       13.3 s
   42  Kg4           1.0 s       12.8 s
   43  Kh5           1.0 s       12.3 s
   44  Kh6           1.1 s       11.7 s
   45  Rdxf2         0.8 s       11.3 s
   46  Kh5           0.0 s       11.8 s
   47  Rxf8          0.0 s       12.3 s
   48  Rf1+          0.0 s       12.8 s
   49  R8f2+         0.0 s       13.3 s
   50  Rh1#          0.0 s       13.8 s

OUTPUT
  329 bytes on stderr

  [chessathon] numba warmup 40.4s (init budget ok)
  [chessathon] slow move: 6002ms (budget 3000ms), depth 8
  [chessathon] slow move: 6002ms (budget 3000ms), depth 9
  [chessathon] slow move: 6002ms (budget 3000ms), depth 9
  [chessathon] slow move: 6002ms (budget 3000ms), depth 9
  [chessathon] slow move: 4370ms (budget 2184ms), depth 9

Email hello@aichessathon.com with this file if anything here is unclear.
