AI CHESSATHON MATCH LOG
=======================

MATCH
  Round          Rated 86
  Team           En Passant Labs
  Colour         Black
  Opponent       Zagreus 2.3.1
  Opening        Semi-Slav Defence
  Start FEN      r1bqkb1r/pp1n1ppp/2p1pn2/3p4/2PP4/2N1PN1P/PP3PP1/R1BQKB1R b KQkq - 0 6
  You moved      First
  Machine        w-e59fd5
  Finished       2026-09-09 17:26:50 UTC
  Match ID       20972c2a-5717-41a0-a669-a6521b984bd4

INIT
  Ready in       34.7 s
  Budget         90.0 s
  Used           39 percent

CLOCK
  Base           120.0 s plus 0.5 s per move
  Moves          69
  Time used      129.3 s
  Slowest        4.1 s on move 1
  Fastest        1.1 s on move 69
  Average        1.9 s
  Left at end    25.2 s

RESULT
  Drawn by threefold repetition
  Game lasted 263.3 s

MOVES
    #  move          time     clock left
    1  Ne4           4.1 s      116.4 s
    2  dxe4          3.1 s      113.8 s
    3  Nf6           3.0 s      111.3 s
    4  Be7           3.0 s      108.8 s
    5  O-O           2.9 s      106.4 s
    6  Qd5           2.9 s      104.0 s
    7  Qxb3          2.8 s      101.7 s
    8  Bd8           2.8 s       99.4 s
    9  Bc7           2.7 s       97.2 s
   10  Re8           2.7 s       95.1 s
   11  Bxb6          2.6 s       92.9 s
   12  a6            2.6 s       90.9 s
   13  Nd7           2.5 s       88.9 s
   14  e5            2.5 s       86.9 s
   15  exd4          2.4 s       84.9 s
   16  Nc5           2.4 s       83.1 s
   17  Nb3           2.3 s       81.2 s
   18  Be6           2.3 s       79.4 s
   19  Kf8           2.3 s       77.6 s
   20  Bxg4          2.2 s       75.9 s
   21  Rab8          2.2 s       74.2 s
   22  Ra8           2.2 s       72.6 s
   23  Re7           2.1 s       71.0 s
   24  Rxd7          2.1 s       69.4 s
   25  Rb8           2.0 s       67.8 s
   26  Nc1           2.0 s       66.3 s
   27  Nd3           2.0 s       64.8 s
   28  Nxb2          1.9 s       63.4 s
   29  Na4           1.9 s       62.0 s
   30  Ke8           1.9 s       60.6 s
   31  Ra8           1.8 s       59.3 s
   32  Rd8           1.8 s       57.9 s
   33  Ke7           1.8 s       56.7 s
   34  Kxd8          1.8 s       55.4 s
   35  Nb2+          1.7 s       54.2 s
   36  Nd1           1.7 s       53.0 s
   37  Nf2           1.7 s       51.8 s
   38  Nh1           1.7 s       50.6 s
   39  g6            1.6 s       49.5 s
   40  Kd7           1.6 s       48.4 s
   41  Kd6           1.6 s       47.3 s
   42  Ng3+          1.6 s       46.3 s
   43  Nxe4+         1.5 s       45.2 s
   44  c5            1.5 s       44.2 s
   45  Kc6           1.5 s       43.2 s
   46  Kxc5          1.5 s       42.3 s
   47  Kb5           1.4 s       41.3 s
   48  Kxb6          1.4 s       40.4 s
   49  Kb5           1.4 s       39.5 s
   50  Kb4           1.4 s       38.6 s
   51  Kb3           1.4 s       37.8 s
   52  Kc2           1.3 s       36.9 s
   53  Kd3           1.3 s       36.1 s
   54  Kc4           1.3 s       35.3 s
   55  Kb4           1.3 s       34.5 s
   56  a5            1.3 s       33.8 s
   57  Kb5           1.3 s       33.0 s
   58  a4            1.2 s       32.3 s
   59  Kc5           1.2 s       31.6 s
   60  a3            1.2 s       30.8 s
   61  Kd5           1.2 s       30.2 s
   62  Kxe5          1.2 s       29.5 s
   63  Kd5           1.2 s       28.8 s
   64  Kc5           1.1 s       28.2 s
   65  Kd5           1.1 s       27.6 s
   66  Kc5           1.1 s       26.9 s
   67  Kd5           1.1 s       26.3 s
   68  Ke5           1.1 s       25.8 s
   69  Kd5           1.1 s       25.2 s

OUTPUT
  49 bytes on stderr

  [chessathon] numba warmup 33.8s (init budget ok)

Email hello@aichessathon.com with this file if anything here is unclear.
