AI CHESSATHON MATCH LOG
=======================

MATCH
  Round          Rated 87
  Team           En Passant Labs
  Colour         White
  Opponent       Fork 72
  Opening        Sicilian Classical
  Start FEN      r1bqkb1r/pp2pppp/2np1n2/1B6/3NP3/2N5/PPP2PPP/R1BQK2R b KQkq - 4 6
  You moved      Second
  Machine        w-8d3742
  Finished       2026-09-09 18:28:18 UTC
  Match ID       72808d9f-5528-49c7-9c22-6f72952f22cb

INIT
  Ready in       34.1 s
  Budget         90.0 s
  Used           38 percent

CLOCK
  Base           120.0 s plus 0.5 s per move
  Moves          105
  Time used      151.3 s
  Slowest        4.1 s on move 1
  Fastest        0.0 s on move 97
  Average        1.4 s
  Left at end    21.2 s

RESULT
  Won by checkmate
  Game lasted 310.0 s

MOVES
    #  move          time     clock left
    1  Nd5           4.1 s      116.4 s
    2  exd5          3.1 s      113.8 s
    3  Bxc6+         3.0 s      111.2 s
    4  Nxc6          3.0 s      108.8 s
    5  Qf3           2.9 s      106.3 s
    6  Bd2           2.9 s      104.0 s
    7  dxc6          2.8 s      101.7 s
    8  Be3           2.8 s       99.4 s
    9  Ke2           2.7 s       97.2 s
   10  Qxc6+         2.7 s       95.0 s
   11  Kd3           2.6 s       92.9 s
   12  Rab1          2.6 s       90.9 s
   13  Rhc1          2.5 s       88.8 s
   14  Bd2           2.5 s       86.9 s
   15  Re1           2.4 s       84.9 s
   16  Rxe5          2.4 s       83.0 s
   17  Re2           2.3 s       81.2 s
   18  Ree1          2.3 s       79.4 s
   19  Rec1          2.3 s       77.6 s
   20  Kxd2          2.2 s       75.9 s
   21  Kd1           2.2 s       74.2 s
   22  Rxc1          2.2 s       72.5 s
   23  Rb1           2.1 s       70.9 s
   24  Kc2           2.1 s       69.4 s
   25  Kd3           2.0 s       67.8 s
   26  Rc1           2.0 s       66.3 s
   27  Rc4           2.0 s       64.8 s
   28  Rc2           1.9 s       63.4 s
   29  Rd2           1.9 s       62.0 s
   30  Ke4           1.9 s       60.6 s
   31  Kxf5          1.8 s       59.3 s
   32  f3            1.8 s       57.9 s
   33  Ke4           1.8 s       56.6 s
   34  Rc2           1.8 s       55.4 s
   35  a3            1.7 s       54.1 s
   36  Kxd4          1.7 s       52.9 s
   37  Ke4           1.7 s       51.8 s
   38  Rxg2          1.7 s       50.6 s
   39  Ke5           1.6 s       49.5 s
   40  Kd4           1.6 s       48.4 s
   41  Ke3           1.6 s       47.3 s
   42  Kf4           1.6 s       46.3 s
   43  Kg3           1.5 s       45.2 s
   44  Re2           1.5 s       44.2 s
   45  Kf4           1.5 s       43.2 s
   46  Kf5           1.5 s       42.3 s
   47  Rc2           1.4 s       41.3 s
   48  Ke6           1.4 s       40.4 s
   49  f4            1.4 s       39.5 s
   50  Rf2           1.4 s       38.6 s
   51  Re2           1.4 s       37.8 s
   52  f5            1.3 s       36.9 s
   53  Rg2           1.3 s       36.1 s
   54  Rf2           1.3 s       35.3 s
   55  Kd5           1.3 s       34.5 s
   56  f6            1.3 s       33.7 s
   57  Rxf6+         1.3 s       33.0 s
   58  Rf4           1.2 s       32.3 s
   59  Rd4           1.2 s       31.5 s
   60  Rd2           1.2 s       30.8 s
   61  Re2+          1.2 s       30.2 s
   62  Rc2           1.2 s       29.5 s
   63  Kc5           1.2 s       28.8 s
   64  Rd2+          1.1 s       28.2 s
   65  Re2+          1.1 s       27.6 s
   66  Rc2           1.1 s       26.9 s
   67  Rf2+          1.1 s       26.3 s
   68  Kd4           1.1 s       25.8 s
   69  Ke4           1.1 s       25.2 s
   70  Rg2+          1.1 s       24.6 s
   71  Rc2           1.0 s       24.1 s
   72  Kd3           1.0 s       23.5 s
   73  Re2           1.0 s       23.0 s
   74  Rf2           1.0 s       22.5 s
   75  Kd2           1.0 s       22.0 s
   76  Kd1           1.0 s       21.5 s
   77  Rf8           1.0 s       21.0 s
   78  Rh8+          1.0 s       20.6 s
   79  Rxh4+         1.0 s       20.1 s
   80  Kc1           0.9 s       19.6 s
   81  b3            0.9 s       19.2 s
   82  Kb1           0.9 s       18.8 s
   83  a4            0.9 s       18.4 s
   84  a5            0.9 s       18.0 s
   85  Kb2           0.9 s       17.6 s
   86  Kxb3          0.9 s       17.2 s
   87  Kc3           0.9 s       16.8 s
   88  a6            0.9 s       16.4 s
   89  Kd3           0.9 s       16.0 s
   90  a7            0.9 s       15.7 s
   91  a8=Q          0.8 s       15.3 s
   92  Qc6           0.8 s       15.0 s
   93  Ke3           0.2 s       15.2 s
   94  Kd4           0.0 s       15.7 s
   95  Qf6+          0.0 s       16.2 s
   96  Ke3           0.0 s       16.7 s
   97  Ke2           0.0 s       17.2 s
   98  Kd3           0.0 s       17.7 s
   99  Ke3           0.0 s       18.2 s
  100  Qc6           0.0 s       18.7 s
  101  Ke4           0.0 s       19.2 s
  102  Ke3           0.0 s       19.7 s
  103  Qg6+          0.0 s       20.2 s
  104  Kf2           0.0 s       20.7 s
  105  Qh5#          0.0 s       21.2 s

OUTPUT
  49 bytes on stderr

  [chessathon] numba warmup 33.2s (init budget ok)

Email hello@aichessathon.com with this file if anything here is unclear.
