AI CHESSATHON MATCH LOG
=======================

MATCH
  Round          Rated 81
  Team           En Passant Labs
  Colour         White
  Opponent       Magnus CarlSON 😭
  Opening        Semi-Slav Defence
  Start FEN      r1bqk2r/pp1n1ppp/2pbpn2/3p4/2PP4/2N1PN2/PP2BPPP/R1BQ1RK1 b kq - 4 7
  You moved      Second
  Machine        w-382a7a
  Finished       2026-09-09 12:25:51 UTC
  Match ID       6e3b93e2-ce5a-4d71-ae5c-c17a377d7f16

INIT
  Ready in       37.4 s
  Budget         90.0 s
  Used           42 percent

CLOCK
  Base           120.0 s plus 0.5 s per move
  Moves          47
  Time used      92.8 s
  Slowest        4.3 s on move 1
  Fastest        0.0 s on move 44
  Average        2.0 s
  Left at end    50.7 s

RESULT
  Won by checkmate
  Game lasted 227.5 s

MOVES
    #  move          time     clock left
    1  c5            4.3 s      116.2 s
    2  Qc2           3.1 s      113.6 s
    3  cxb6          3.0 s      111.1 s
    4  e4            3.0 s      108.6 s
    5  Nxe4          2.9 s      106.2 s
    6  Bd3           2.9 s      103.8 s
    7  Bd2           2.8 s      101.5 s
    8  Nxf6+         2.8 s       99.2 s
    9  Rfe1          2.7 s       97.0 s
   10  Bc3           2.7 s       94.9 s
   11  dxc5          2.6 s       92.8 s
   12  Ne5           2.6 s       90.7 s
   13  Bc4           2.5 s       88.7 s
   14  Nxf7          2.5 s       86.7 s
   15  Rxe6          2.4 s       84.8 s
   16  Bxe6          2.4 s       82.9 s
   17  Qb3           2.3 s       81.1 s
   18  Bf5+          2.3 s       79.3 s
   19  Bxf6          2.3 s       77.5 s
   20  Qxb7          2.2 s       75.8 s
   21  Qxc7          2.2 s       74.1 s
   22  Qxc5          2.1 s       72.4 s
   23  Qxf5          2.1 s       70.8 s
   24  Kf1           2.1 s       69.2 s
   25  Ke2           2.0 s       67.7 s
   26  Kf3           2.0 s       66.2 s
   27  Re1           2.0 s       64.7 s
   28  Re4           1.9 s       63.3 s
   29  Re2           1.9 s       61.9 s
   30  Re6+          1.9 s       60.5 s
   31  Ra6           1.8 s       59.2 s
   32  Ra3           1.8 s       57.8 s
   33  Rb3           1.8 s       56.5 s
   34  a4            1.8 s       55.3 s
   35  Rb5           1.7 s       54.1 s
   36  Rxf5+         1.7 s       52.9 s
   37  a5            1.7 s       51.7 s
   38  gxh3          1.7 s       50.5 s
   39  a6            1.6 s       49.4 s
   40  Kxf4          1.6 s       48.3 s
   41  Ke5           1.1 s       47.7 s
   42  a7            0.0 s       48.2 s
   43  a8=Q          0.0 s       48.7 s
   44  Qb7+          0.0 s       49.2 s
   45  Ke6           0.0 s       49.7 s
   46  Kf5           0.0 s       50.2 s
   47  Qh7#          0.0 s       50.7 s

OUTPUT
  49 bytes on stderr

  [chessathon] numba warmup 36.5s (init budget ok)

Email hello@aichessathon.com with this file if anything here is unclear.
