AI CHESSATHON MATCH LOG
=======================

MATCH
  Round          Rated 48
  Team           En Passant Labs
  Colour         White
  Opponent       SkyLab
  Opening        Reti Opening
  Start FEN      rnbq1rk1/ppp1bppp/4pn2/3p4/2PP4/N4NP1/PP2PPBP/R1BQK2R b KQ - 0 6
  You moved      Second
  Machine        w-3a623b
  Finished       2026-09-07 09:24:07 UTC
  Match ID       775ade2f-f549-4f62-a6ba-013fd36f0af9

INIT
  Ready in       3.1 s
  Budget         90.0 s
  Used           3 percent

CLOCK
  Base           120.0 s plus 0.5 s per move
  Moves          22
  Time used      28.0 s
  Slowest        1.3 s on move 16
  Fastest        1.3 s on move 14
  Average        1.3 s
  Left at end    103.0 s

RESULT
  Lost by checkmate
  Game lasted 61.7 s

MOVES
    #  move          time     clock left
    1  Be3           1.3 s      119.2 s
    2  Rb1           1.3 s      118.4 s
    3  Kf1           1.3 s      117.7 s
    4  Ne5           1.3 s      116.9 s
    5  Bf3           1.3 s      116.1 s
    6  Bf4           1.3 s      115.3 s
    7  Nxc4          1.3 s      114.6 s
    8  Kg2           1.3 s      113.8 s
    9  Bd6           1.3 s      113.0 s
   10  Be5           1.3 s      112.3 s
   11  Bf4           1.3 s      111.5 s
   12  Bg5           1.3 s      110.7 s
   13  Bg4           1.3 s      110.0 s
   14  Kg1           1.3 s      109.2 s
   15  Qc2           1.3 s      108.4 s
   16  Qc1           1.3 s      107.6 s
   17  Bxd2          1.3 s      106.9 s
   18  Qe1           1.3 s      106.1 s
   19  Qd2           1.3 s      105.3 s
   20  Kg2           1.3 s      104.6 s
   21  Kh3           1.3 s      103.8 s
   22  Kh4           1.3 s      103.0 s

OUTPUT
  Nothing written to stderr

Email hello@aichessathon.com with this file if anything here is unclear.
