AI CHESSATHON MATCH LOG
=======================

MATCH
  Round          Rated 76
  Team           En Passant Labs
  Colour         White
  Opponent       MCAI
  Opening        Sicilian Closed
  Start FEN      1rbqk2r/pp2ppbp/2np1np1/2p5/P3P3/2NP1NP1/1PP2PBP/R1BQ1RK1 b k - 0 8
  You moved      Second
  Machine        w-d8f704
  Finished       2026-09-09 07:30:17 UTC
  Match ID       641c1f12-764d-4fde-bf86-620c3673f06c

INIT
  Ready in       36.3 s
  Budget         90.0 s
  Used           40 percent

CLOCK
  Base           120.0 s plus 0.5 s per move
  Moves          83
  Time used      136.9 s
  Slowest        4.2 s on move 1
  Fastest        0.0 s on move 40
  Average        1.6 s
  Left at end    24.6 s

RESULT
  Lost by checkmate
  Game lasted 281.7 s

MOVES
    #  move          time     clock left
    1  Bg5           4.2 s      116.3 s
    2  Bxf6          3.1 s      113.7 s
    3  Nd5           3.0 s      111.2 s
    4  Qe1           3.0 s      108.7 s
    5  a5            2.9 s      106.3 s
    6  c4            2.9 s      103.9 s
    7  Qc3           2.8 s      101.6 s
    8  Nd2           2.8 s       99.3 s
    9  Rfe1          2.7 s       97.1 s
   10  Ra2           2.7 s       95.0 s
   11  Nf1           2.6 s       92.9 s
   12  exf5          2.6 s       90.8 s
   13  Nfe3          2.5 s       88.8 s
   14  Nxf5          2.5 s       86.8 s
   15  Bxf3          2.4 s       84.9 s
   16  Nxh6+         2.4 s       83.0 s
   17  Nxc3          2.3 s       81.1 s
   18  Ne4           2.3 s       79.3 s
   19  Nxg4          2.3 s       77.6 s
   20  Re3           2.2 s       75.8 s
   21  Ra3           2.2 s       74.2 s
   22  Rb3           2.2 s       72.5 s
   23  Rb6           2.1 s       70.9 s
   24  Nd2           2.1 s       69.3 s
   25  Rb3           2.0 s       67.8 s
   26  Rb6           2.0 s       66.3 s
   27  Rd6           2.0 s       64.8 s
   28  Re8+          1.9 s       63.3 s
   29  Rdd8          1.9 s       61.9 s
   30  Rg8+          1.9 s       60.6 s
   31  Rh8+          1.8 s       59.2 s
   32  Rxh5          1.8 s       57.9 s
   33  h4            1.8 s       56.6 s
   34  Ne4           1.8 s       55.3 s
   35  Rd6+          1.7 s       54.1 s
   36  Rb6           1.7 s       52.9 s
   37  Kf1           1.7 s       51.7 s
   38  Rd6           1.7 s       50.6 s
   39  Ke1           1.6 s       49.5 s
   40  Kd2           0.0 s       50.0 s
   41  Rb6           1.6 s       48.8 s
   42  Kc2           1.6 s       47.8 s
   43  Rb3           1.6 s       46.7 s
   44  h5            1.5 s       45.7 s
   45  cxb5          1.5 s       44.6 s
   46  Ra3           1.5 s       43.6 s
   47  Kxd3          1.5 s       42.7 s
   48  Kc4           1.5 s       41.7 s
   49  Kd5           1.4 s       40.8 s
   50  Ke6           1.4 s       39.9 s
   51  g4            1.4 s       39.0 s
   52  Ra7+          1.4 s       38.1 s
   53  Ra6           1.4 s       37.3 s
   54  Kd5+          1.3 s       36.4 s
   55  Ra7+          1.3 s       35.6 s
   56  Ra6+          1.3 s       34.8 s
   57  Ra7+          1.3 s       34.1 s
   58  Ra8+          1.3 s       33.3 s
   59  Ra7+          1.2 s       32.6 s
   60  Ra8+          1.2 s       31.8 s
   61  Rxh8          1.2 s       31.1 s
   62  Kd4           1.2 s       30.4 s
   63  Nc3           1.2 s       29.8 s
   64  Rh7+          1.2 s       29.1 s
   65  Rh8+          1.1 s       28.4 s
   66  Rh7+          1.1 s       27.8 s
   67  Rh6+          1.1 s       27.2 s
   68  Rh5+          1.1 s       26.6 s
   69  Rh1           1.1 s       26.0 s
   70  Ke4           1.1 s       25.4 s
   71  Rg1+          1.1 s       24.8 s
   72  Rh1+          1.1 s       24.3 s
   73  Rg1+          1.0 s       23.8 s
   74  Rh1           1.0 s       23.2 s
   75  Kd4           1.0 s       22.7 s
   76  Rxd1          1.0 s       22.2 s
   77  Ke3           1.0 s       21.7 s
   78  Ke4           0.1 s       22.1 s
   79  Kd5           0.0 s       22.6 s
   80  Kd4           0.0 s       23.1 s
   81  Kc3           0.0 s       23.6 s
   82  Kd4           0.0 s       24.1 s
   83  Kd3           0.0 s       24.6 s

OUTPUT
  49 bytes on stderr

  [chessathon] numba warmup 35.4s (init budget ok)

Email hello@aichessathon.com with this file if anything here is unclear.
