AI CHESSATHON MATCH LOG
=======================

MATCH
  Round          Rated 99
  Team           En Passant Labs
  Colour         Black
  Opponent       Rustic Alpha 3
  Opening        Semi-Slav Defence
  Start FEN      r1bqkb1r/pp1n1ppp/2p1pn2/3p4/2PP4/2N1PN1P/PP3PP1/R1BQKB1R b KQkq - 0 6
  You moved      First
  Machine        w-b5d791
  Finished       2026-09-10 15:23:45 UTC
  Match ID       c15696d2-2751-4312-8aea-90fb817c78ca

INIT
  Ready in       37.2 s
  Budget         90.0 s
  Used           41 percent

CLOCK
  Base           120.0 s plus 0.5 s per move
  Moves          63
  Time used      118.0 s
  Slowest        4.3 s on move 1
  Fastest        0.0 s on move 62
  Average        1.9 s
  Left at end    33.5 s

RESULT
  Won by checkmate
  Game lasted 251.4 s

MOVES
    #  move          time     clock left
    1  Ne4           4.3 s      116.2 s
    2  Nxc3          3.1 s      113.7 s
    3  dxc4          3.0 s      111.1 s
    4  Nf6           3.0 s      108.7 s
    5  Bd6           2.9 s      106.2 s
    6  Nd5           2.9 s      103.9 s
    7  Nxc3          2.8 s      101.6 s
    8  Qa5           2.8 s       99.3 s
    9  Bb4           2.7 s       97.1 s
   10  f5            2.7 s       94.9 s
   11  Nd5           2.6 s       92.8 s
   12  Qa3           2.6 s       90.8 s
   13  Qxb3          2.5 s       88.7 s
   14  Nxb4          2.5 s       86.8 s
   15  Bxe6          2.4 s       84.8 s
   16  Kd7           2.4 s       83.0 s
   17  Bd5           2.3 s       81.1 s
   18  Kd6           2.3 s       79.3 s
   19  g6            2.3 s       77.5 s
   20  Rag8          2.2 s       75.8 s
   21  Rxg2+         2.2 s       74.1 s
   22  Rg7           2.1 s       72.5 s
   23  Rgxh7         2.1 s       70.9 s
   24  Rxh7          2.1 s       69.3 s
   25  Nc2           2.0 s       67.7 s
   26  Be4           2.0 s       66.2 s
   27  Bf5           2.0 s       64.8 s
   28  Nxd4          1.9 s       63.3 s
   29  c5            1.9 s       61.9 s
   30  Bc2           1.9 s       60.5 s
   31  Rf7           1.8 s       59.2 s
   32  Be4+          1.8 s       57.9 s
   33  Rh7           1.8 s       56.6 s
   34  c4            1.8 s       55.3 s
   35  Bd3+          1.7 s       54.1 s
   36  Ke6           1.7 s       52.9 s
   37  Be4+          1.7 s       51.7 s
   38  Rd7           1.7 s       50.6 s
   39  Bd3+          1.6 s       49.4 s
   40  Ke5           1.6 s       48.3 s
   41  Kf5           1.6 s       47.3 s
   42  Nc2           1.6 s       46.2 s
   43  Kg6           1.5 s       45.2 s
   44  Kg7           1.5 s       44.2 s
   45  Nxb4          1.5 s       43.2 s
   46  Rxe7          1.5 s       42.2 s
   47  Kf6           1.4 s       41.3 s
   48  Be4+          1.4 s       40.4 s
   49  Bc6           1.4 s       39.5 s
   50  c3            1.4 s       38.6 s
   51  Bd5           1.4 s       37.7 s
   52  Ke5           1.3 s       36.9 s
   53  c2            1.3 s       36.1 s
   54  c1=Q          1.3 s       35.3 s
   55  Qh1+          1.3 s       34.5 s
   56  Qg2+          1.3 s       33.7 s
   57  Qxf2+         1.3 s       33.0 s
   58  Bf3           1.2 s       32.2 s
   59  Bxg4          1.2 s       31.5 s
   60  Qf6+          0.0 s       32.0 s
   61  Qg5           0.0 s       32.5 s
   62  Kf6           0.0 s       33.0 s
   63  Qg7#          0.0 s       33.5 s

OUTPUT
  49 bytes on stderr

  [chessathon] numba warmup 36.2s (init budget ok)

Email hello@aichessathon.com with this file if anything here is unclear.
