AI CHESSATHON MATCH LOG
=======================

MATCH
  Round          Rated 77
  Team           En Passant Labs
  Colour         Black
  Opponent       Frisky
  Opening        Sicilian Closed
  Start FEN      r1bqk2r/pp2ppbp/2np1np1/2p5/4P3/2NP1NP1/PPP2PBP/R1BQ1RK1 b kq - 3 7
  You moved      First
  Machine        w-11cd5c
  Finished       2026-09-09 08:29:41 UTC
  Match ID       9659b5d3-2d0c-48d7-a740-4959b5018b20

INIT
  Ready in       35.4 s
  Budget         90.0 s
  Used           39 percent

CLOCK
  Base           120.0 s plus 0.5 s per move
  Moves          38
  Time used      78.1 s
  Slowest        4.2 s on move 1
  Fastest        0.0 s on move 37
  Average        2.1 s
  Left at end    60.9 s

RESULT
  Won by checkmate
  Game lasted 196.6 s

MOVES
    #  move          time     clock left
    1  O-O           4.2 s      116.3 s
    2  cxd4          3.1 s      113.7 s
    3  Ne5           3.0 s      111.2 s
    4  Nc4           3.0 s      108.7 s
    5  Ne5           2.9 s      106.3 s
    6  Nxf3+         2.9 s      103.9 s
    7  Bh3           2.8 s      101.6 s
    8  Rc8           2.8 s       99.4 s
    9  Qb6           2.7 s       97.2 s
   10  Ng4           2.7 s       95.0 s
   11  e5            2.6 s       92.9 s
   12  exf4          2.6 s       90.8 s
   13  Nf6           2.5 s       88.8 s
   14  Nd7           2.5 s       86.8 s
   15  Bg4           2.4 s       84.9 s
   16  Rce8          2.4 s       83.0 s
   17  Bxh3          2.3 s       81.2 s
   18  Nxe5          2.3 s       79.4 s
   19  Nxc4          2.3 s       77.6 s
   20  Rxe8          2.2 s       75.9 s
   21  Nb2           2.2 s       74.2 s
   22  Bxd4          2.2 s       72.5 s
   23  Qa5           2.1 s       70.9 s
   24  Rf8           2.1 s       69.3 s
   25  b6            2.0 s       67.8 s
   26  Qb4           2.0 s       66.3 s
   27  Qe1+          2.0 s       64.8 s
   28  Nd3           1.9 s       63.4 s
   29  Qxf2+         1.9 s       62.0 s
   30  g5            1.9 s       60.6 s
   31  h5            1.8 s       59.2 s
   32  fxg6          1.4 s       58.3 s
   33  Kg7           0.3 s       58.5 s
   34  Kh6           0.1 s       58.9 s
   35  g4+           0.0 s       59.4 s
   36  hxg4+         0.0 s       59.9 s
   37  Qg2+          0.0 s       60.4 s
   38  g5#           0.0 s       60.9 s

OUTPUT
  49 bytes on stderr

  [chessathon] numba warmup 34.5s (init budget ok)

Email hello@aichessathon.com with this file if anything here is unclear.
