AI CHESSATHON MATCH LOG
=======================

MATCH
  Round          Rated 83
  Team           En Passant Labs
  Colour         Black
  Opponent       404 Not Found
  Opening        Slav Defence
  Start FEN      r2qkb1r/pp1n1ppp/2p1pn2/5b2/P1NP4/2N1P3/1P3PPP/R1BQKB1R b KQkq - 0 8
  You moved      First
  Machine        w-28cd1a
  Finished       2026-09-09 14:24:19 UTC
  Match ID       e37c8f51-3802-411e-8814-70d1d6b91a1f

INIT
  Ready in       36.7 s
  Budget         90.0 s
  Used           41 percent

CLOCK
  Base           120.0 s plus 0.5 s per move
  Moves          72
  Time used      128.0 s
  Slowest        4.2 s on move 1
  Fastest        0.0 s on move 72
  Average        1.8 s
  Left at end    28.0 s

RESULT
  Lost by checkmate
  Game lasted 192.0 s

MOVES
    #  move          time     clock left
    1  Ne4           4.2 s      116.3 s
    2  Nxc3          3.1 s      113.7 s
    3  Bxd3          3.0 s      111.1 s
    4  Nb6           3.0 s      108.7 s
    5  Nxc4          2.9 s      106.3 s
    6  Qd5           2.9 s      103.9 s
    7  Qa5           2.8 s      101.6 s
    8  Bd6           2.8 s       99.3 s
    9  Be7           2.7 s       97.1 s
   10  Qc7           2.7 s       95.0 s
   11  Qd8           2.6 s       92.8 s
   12  Bf6           2.6 s       90.8 s
   13  Qd5           2.5 s       88.8 s
   14  Qc4           2.5 s       86.8 s
   15  O-O-O         2.4 s       84.9 s
   16  Bg5           2.4 s       83.0 s
   17  Rd7           2.3 s       81.1 s
   18  Qa6           2.3 s       79.3 s
   19  Bh6           2.3 s       77.6 s
   20  Rhd8          2.2 s       75.8 s
   21  Kc7           2.2 s       74.1 s
   22  Kb8           2.2 s       72.5 s
   23  Rh8           2.1 s       70.9 s
   24  Kc8           2.1 s       69.3 s
   25  g6            2.0 s       67.8 s
   26  Kb8           2.0 s       66.3 s
   27  Bf8           2.0 s       64.8 s
   28  Ka8           1.9 s       63.3 s
   29  gxh5          1.9 s       61.9 s
   30  Kb8           1.9 s       60.5 s
   31  Bg7           1.8 s       59.2 s
   32  Ka8           1.8 s       57.9 s
   33  Rc7           1.8 s       56.6 s
   34  Qc4           1.8 s       55.3 s
   35  Qa2           1.7 s       54.1 s
   36  Rf8           1.7 s       52.9 s
   37  Qc4           1.7 s       51.7 s
   38  Bxe5          1.7 s       50.6 s
   39  Qd5           1.6 s       49.4 s
   40  cxd5          1.6 s       48.3 s
   41  Rxc5          1.6 s       47.3 s
   42  Rh8           1.6 s       46.2 s
   43  Rcc8          1.5 s       45.2 s
   44  Rc7           1.5 s       44.2 s
   45  Rg8           1.5 s       43.2 s
   46  a6            1.5 s       42.2 s
   47  Rd7           1.4 s       41.3 s
   48  Rg7           1.4 s       40.4 s
   49  Rd8           1.4 s       39.5 s
   50  Rd7           1.4 s       38.6 s
   51  Rg8           1.4 s       37.7 s
   52  Rg7           1.3 s       36.9 s
   53  Rg8           1.3 s       36.1 s
   54  Rgd8          1.3 s       35.3 s
   55  Ka7           1.3 s       34.5 s
   56  Rxc7          1.3 s       33.7 s
   57  Rf8           1.3 s       33.0 s
   58  Ka8           1.2 s       32.2 s
   59  Ka7           1.2 s       31.5 s
   60  Ka8           1.2 s       30.8 s
   61  Re8           1.2 s       30.1 s
   62  Kb8           1.2 s       29.5 s
   63  Rc8           1.2 s       28.8 s
   64  Re8           1.1 s       28.2 s
   65  Kc8           1.1 s       27.5 s
   66  Kd7           1.1 s       26.9 s
   67  Kc6           1.1 s       26.3 s
   68  Kb5           0.7 s       26.2 s
   69  Ka4           0.1 s       26.5 s
   70  Kb3           0.1 s       27.0 s
   71  Ka2           0.0 s       27.5 s
   72  Ka3           0.0 s       28.0 s

OUTPUT
  49 bytes on stderr

  [chessathon] numba warmup 35.7s (init budget ok)

Email hello@aichessathon.com with this file if anything here is unclear.
