AI CHESSATHON MATCH LOG
=======================

MATCH
  Round          Rated 54
  Team           En Passant Labs
  Colour         White
  Opponent       fm2
  Opening        Sicilian Closed
  Start FEN      r1bqk1nr/pp2ppbp/2np2p1/2p5/4PP2/2NP2P1/PPP3BP/R1BQK1NR b KQkq - 0 6
  You moved      Second
  Machine        w-d5b3ad
  Finished       2026-09-07 15:42:26 UTC
  Match ID       327515e2-5555-4d8e-9c97-070b2ff1776c

INIT
  Ready in       37.8 s
  Budget         90.0 s
  Used           42 percent

CLOCK
  Base           120.0 s plus 0.5 s per move
  Moves          48
  Time used      103.3 s
  Slowest        3.3 s on move 1
  Fastest        1.4 s on move 48
  Average        2.2 s
  Left at end    40.7 s

RESULT
  Drawn by threefold repetition
  Game lasted 230.0 s

MOVES
    #  move          time     clock left
    1  Ne2           3.3 s      117.2 s
    2  Bd2           3.1 s      114.6 s
    3  Qc1           3.0 s      112.0 s
    4  Kf2           3.0 s      109.5 s
    5  f5            2.9 s      107.1 s
    6  Nxd4          2.9 s      104.7 s
    7  Nd5           2.8 s      102.4 s
    8  fxg6          2.8 s      100.1 s
    9  Bxh6          2.7 s       97.9 s
   10  Bg7           2.7 s       95.7 s
   11  Bxe5          2.6 s       93.6 s
   12  Nf6           2.6 s       91.5 s
   13  Nxg4          2.5 s       89.5 s
   14  Nf6           2.5 s       87.5 s
   15  Nxh5          2.4 s       85.5 s
   16  Ke2           2.4 s       83.6 s
   17  cxd3          2.4 s       81.8 s
   18  Ng7           2.3 s       79.9 s
   19  Qxc5+         2.3 s       78.2 s
   20  Raf1          2.2 s       76.4 s
   21  Kxf1          2.2 s       74.7 s
   22  Nxe6+         2.2 s       73.1 s
   23  Nf8           2.1 s       71.4 s
   24  Nxg6+         2.1 s       69.8 s
   25  Be4           2.1 s       68.3 s
   26  Nh8           2.0 s       66.8 s
   27  Ng6           2.0 s       65.3 s
   28  Nxe5+         2.0 s       63.8 s
   29  Nc6           1.9 s       62.4 s
   30  Nb8+          1.9 s       61.0 s
   31  Nc6           1.9 s       59.7 s
   32  Nd8           1.8 s       58.3 s
   33  Nf7           1.8 s       57.0 s
   34  Ke1           1.8 s       55.8 s
   35  Nd6           1.7 s       54.5 s
   36  Nc4+          1.7 s       53.3 s
   37  Kd1           1.7 s       52.1 s
   38  Ke2           1.7 s       51.0 s
   39  Rg1           1.6 s       49.8 s
   40  Rf1           1.6 s       48.7 s
   41  Re1           1.6 s       47.6 s
   42  Rd1           1.6 s       46.6 s
   43  Rc1           1.5 s       45.5 s
   44  Rb1           1.5 s       44.5 s
   45  Ra1           1.5 s       43.5 s
   46  Rb1           1.5 s       42.6 s
   47  Ra1           1.4 s       41.6 s
   48  Rb1           1.4 s       40.7 s

OUTPUT
  49 bytes on stderr

  [chessathon] numba warmup 36.6s (init budget ok)

Email hello@aichessathon.com with this file if anything here is unclear.
