AI CHESSATHON MATCH LOG
=======================

MATCH
  Round          Rated 57
  Team           En Passant Labs
  Colour         Black
  Opponent       Wildcard
  Opening        English Symmetrical
  Start FEN      r1bqk2r/pp2ppbp/2n2np1/2pp4/2P5/2N2NPP/PP1PPPB1/R1BQK2R w KQkq - 0 7
  You moved      Second
  Machine        w-04a164
  Finished       2026-09-07 18:41:36 UTC
  Match ID       a9de49ec-422c-48da-9679-b03c75e26ceb

INIT
  Ready in       32.0 s
  Budget         90.0 s
  Used           36 percent

CLOCK
  Base           120.0 s plus 0.5 s per move
  Moves          60
  Time used      111.6 s
  Slowest        3.3 s on move 1
  Fastest        0.0 s on move 37
  Average        1.9 s
  Left at end    38.4 s

RESULT
  Won by checkmate
  Game lasted 123.3 s

MOVES
    #  move          time     clock left
    1  Nxd5          3.3 s      117.2 s
    2  Nxc3          3.1 s      114.6 s
    3  a6            3.0 s      112.0 s
    4  Bd7           3.0 s      109.6 s
    5  Bf6           2.9 s      107.1 s
    6  e6            2.9 s      104.7 s
    7  Bxc6          2.8 s      102.4 s
    8  Kxf7          2.8 s      100.1 s
    9  b5            2.7 s       97.9 s
   10  Re8           2.7 s       95.7 s
   11  Rh8           2.6 s       93.6 s
   12  Qb8           2.6 s       91.5 s
   13  Qxe5          2.5 s       89.5 s
   14  Bxe5          2.5 s       87.5 s
   15  Bg7           2.4 s       85.5 s
   16  Rhb8          2.4 s       83.6 s
   17  Rh8           2.4 s       81.8 s
   18  Rhb8          2.3 s       80.0 s
   19  Rh8           2.3 s       78.2 s
   20  Rhc8          2.2 s       76.4 s
   21  Rc7           2.2 s       74.7 s
   22  Rcc8          2.2 s       73.1 s
   23  Kg8           2.1 s       71.5 s
   24  Bh8           2.1 s       69.9 s
   25  Bd5           2.1 s       68.3 s
   26  Bxa2          2.0 s       66.8 s
   27  a5            2.0 s       65.3 s
   28  Bxc3          2.0 s       63.9 s
   29  Bb4           1.9 s       62.4 s
   30  Kh8           1.9 s       61.0 s
   31  c4            1.9 s       59.7 s
   32  Ra6           1.8 s       58.4 s
   33  g5            1.8 s       57.1 s
   34  Bc3           1.8 s       55.8 s
   35  Rb8           1.7 s       54.5 s
   36  Raa8          1.7 s       53.3 s
   37  Kg8           0.0 s       53.8 s
   38  Rxb8          1.7 s       52.6 s
   39  Bxg7          1.7 s       51.5 s
   40  bxc4          1.6 s       50.3 s
   41  Rf8           1.6 s       49.2 s
   42  Kh8           1.6 s       48.1 s
   43  c3            1.6 s       47.0 s
   44  hxg6          1.5 s       46.0 s
   45  Rxf3          1.5 s       45.0 s
   46  Kh7           1.5 s       44.0 s
   47  c2            1.5 s       43.0 s
   48  Rc3           1.5 s       42.0 s
   49  Bxc3          1.4 s       41.1 s
   50  c1=Q          1.4 s       40.2 s
   51  Bd4           1.4 s       39.3 s
   52  Qxg5          1.4 s       38.4 s
   53  Qc5+          1.4 s       37.6 s
   54  Bc3           1.3 s       36.7 s
   55  Qf5+          1.3 s       35.9 s
   56  Bb2           0.0 s       36.4 s
   57  Qf2+          0.0 s       36.9 s
   58  Bf6           0.0 s       37.4 s
   59  Bc3           0.0 s       37.9 s
   60  Qd2#          0.0 s       38.4 s

OUTPUT
  49 bytes on stderr

  [chessathon] numba warmup 31.1s (init budget ok)

Email hello@aichessathon.com with this file if anything here is unclear.
