[pair 3] ply 1 W b1c3 dt=5063ms budget=3166ms
[pair 3] ply 2 B g8f6 dt=5033ms budget=3166ms
[pair 3] ply 3 W c4d5 dt=3067ms budget=3065ms
[pair 3] ply 4 B f6d5 dt=3067ms budget=3065ms
[pair 3] ply 5 W e4d5 dt=3012ms budget=3008ms
[pair 3] ply 6 B c6d4 dt=3011ms budget=3008ms
[pair 3] ply 7 W f3e5 dt=2954ms budget=2952ms
[pair 3] ply 8 B d7d6 dt=2955ms budget=2953ms
[pair 3] ply 9 W e5d3 dt=2899ms budget=2897ms
[pair 3] ply 10 B c8f5 dt=2900ms budget=2898ms
[pair 3] ply 11 W e1g1 dt=2847ms budget=2844ms
[pair 3] ply 12 B f5d3 dt=2849ms budget=2845ms
[pair 3] ply 13 W f1e1 dt=2797ms budget=2792ms
[pair 3] ply 14 B e8f8 dt=2796ms budget=2792ms
[pair 3] ply 15 W c2d3 dt=2744ms budget=2741ms
[pair 3] ply 16 B d8f6 dt=2743ms budget=2741ms
[pair 3] ply 17 W e1e3 dt=2693ms budget=2691ms
[pair 3] ply 18 B d4f5 dt=2694ms budget=2692ms
[pair 3] ply 19 W e3e4 dt=2643ms budget=2642ms
[pair 3] ply 20 B f5d4 dt=2648ms budget=2643ms
[pair 3] ply 20 clocks W94s B94s
[pair 3] ply 21 W a1b1 dt=2599ms budget=2595ms
[pair 3] ply 22 B d4c2 dt=2597ms budget=2595ms
[pair 3] ply 23 W d1e2 dt=2549ms budget=2548ms
[pair 3] ply 24 B c2b4 dt=2551ms budget=2549ms
[pair 3] ply 25 W h2h4 dt=2505ms budget=2502ms
[pair 3] ply 26 B a7a6 dt=2505ms budget=2503ms
[pair 3] ply 27 W b2b3 dt=2461ms budget=2458ms
[pair 3] ply 28 B h7h5 dt=2461ms budget=2458ms
[pair 3] ply 29 W a2a3 dt=2415ms budget=2414ms
[pair 3] ply 30 B b4c2 dt=2417ms budget=2415ms
[pair 3] ply 31 W b3b4 dt=2374ms budget=2372ms
[pair 3] ply 32 B c5b6 dt=2374ms budget=2372ms
[pair 3] ply 33 W c1b2 dt=2332ms budget=2330ms
[pair 3] ply 34 B c2d4 dt=2333ms budget=2331ms
[pair 3] ply 35 W e2e1 dt=2292ms budget=2289ms
[pair 3] ply 36 B d4c2 dt=2295ms budget=2290ms
[pair 3] ply 37 W e1f1 dt=2274ms budget=2250ms
[pair 3] ply 38 B f6f5 dt=2252ms budget=2250ms
[pair 3] ply 39 W c3a4 dt=2211ms budget=2210ms
[pair 3] ply 40 B f5d7 dt=2213ms budget=2211ms
[pair 3] ply 40 clocks W75s B75s
[pair 3] ply 41 W a4b6 dt=2175ms budget=2172ms
[pair 3] ply 42 B c7b6 dt=2174ms budget=2173ms
[pair 3] ply 43 W f1d1 dt=2137ms budget=2135ms
[pair 3] ply 44 B a8c8 dt=2140ms budget=2136ms
[pair 3] ply 45 W b1c1 dt=2101ms budget=2099ms
[pair 3] ply 46 B c2a3 dt=2103ms budget=2099ms
[pair 3] ply 47 W c1c8 dt=2064ms budget=2063ms
[pair 3] ply 48 B d7c8 dt=2066ms budget=2064ms
[pair 3] ply 49 W b2a3 dt=2030ms budget=2028ms
[pair 3] ply 50 B h8h6 dt=2033ms budget=2029ms
[pair 3] ply 51 W a3b2 dt=1996ms budget=1994ms
[pair 3] ply 52 B f7f6 dt=1996ms budget=1995ms
[pair 3] ply 53 W e4e6 dt=1962ms budget=1961ms
[pair 3] ply 54 B b6b5 dt=1965ms budget=1962ms
[pair 3] ply 55 W b2d4 dt=1931ms budget=1929ms
[pair 3] ply 56 B f8g8 dt=1931ms budget=1929ms
[pair 3] ply 57 W d1e2 dt=1898ms budget=1897ms
[pair 3] ply 58 B c8d7 dt=1902ms budget=1897ms
[pair 3] ply 59 W e2e4 dt=1868ms budget=1866ms
[pair 3] ply 60 B g8f7 dt=1867ms budget=1866ms
[pair 3] ply 60 clocks W60s B60s
[pair 3] ply 61 W g1h2 dt=1839ms budget=1835ms
[pair 3] ply 62 B d7c7 dt=1841ms budget=1836ms
[pair 3] ply 63 W e4f4 dt=1806ms budget=1805ms
[pair 3] ply 64 B h6g6 dt=1811ms budget=1806ms
[pair 3] ply 65 W f4f5 dt=1777ms budget=1776ms
[pair 3] ply 66 B c7d8 dt=1781ms budget=1777ms
[pair 3] ply 67 W f5h5 dt=1750ms budget=1748ms
[pair 3] ply 68 B a6a5 dt=1750ms budget=1748ms
[pair 3] ply 69 W f2f4 dt=1722ms budget=1720ms
[pair 3] ply 70 B d8g8 dt=1723ms budget=1721ms
[pair 3] ply 71 W f4f5 dt=1694ms budget=1693ms
[pair 3] ply 72 B f7f8 dt=1694ms budget=1693ms
[pair 3] ply 73 W f5g6 dt=1669ms budget=1667ms
[pair 3] ply 74 B g8e6 dt=1668ms budget=1667ms
[pair 3] ply 75 W d5e6 dt=1068ms budget=1641ms
[pair 3] ply 76 B a5b4 dt=6ms budget=1641ms
[pair 3] ply 77 W h5b5 dt=28ms budget=1628ms
[pair 3] ply 78 B b4b3 dt=4ms budget=1652ms
[pair 3] ply 79 W b5d7 dt=4ms budget=1638ms
[pair 3] ply 80 B b3b2 dt=2ms budget=1663ms
[pair 3] ply 80 clocks W52s B53s
[pair 3] ply 81 W d7f7 dt=1ms budget=1649ms
[pair 3] ply 1 W d1b3 dt=4993ms budget=3166ms
[pair 3] ply 2 B a7a5 dt=4898ms budget=3166ms
[pair 3] ply 3 W a2a3 dt=3068ms budget=3066ms
[pair 3] ply 4 B b4c3 dt=3070ms budget=3068ms
[pair 3] ply 5 W d2c3 dt=3012ms budget=3009ms
[pair 3] ply 6 B b8c6 dt=3015ms budget=3011ms
[pair 3] ply 7 W c1g5 dt=2954ms budget=2953ms
[pair 3] ply 8 B a5a4 dt=2957ms budget=2955ms
[pair 3] ply 9 W b3d1 dt=2901ms budget=2899ms
[pair 3] ply 10 B h7h6 dt=2904ms budget=2901ms
[pair 3] ply 11 W g2c6 dt=2851ms budget=2846ms
[pair 3] ply 12 B b7c6 dt=2851ms budget=2847ms
[pair 3] ply 13 W g5f6 dt=2794ms budget=2793ms
[pair 3] ply 14 B d8f6 dt=2797ms budget=2795ms
[pair 3] ply 15 W e1f1 dt=2748ms budget=2742ms
[pair 3] ply 16 B d7d6 dt=2746ms budget=2744ms
[pair 3] ply 17 W g1f3 dt=2693ms budget=2692ms
[pair 3] ply 18 B c8f5 dt=2696ms budget=2694ms
[pair 3] ply 19 W h1g1 dt=2647ms budget=2644ms
[pair 3] ply 20 B f6e6 dt=2648ms budget=2645ms
[pair 3] ply 20 clocks W94s B94s
[pair 3] ply 21 W f3d2 dt=2598ms budget=2596ms
[pair 3] ply 22 B f8b8 dt=2599ms budget=2598ms
[pair 3] ply 23 W a1a2 dt=2551ms budget=2549ms
[pair 3] ply 24 B a8a7 dt=2553ms budget=2551ms
[pair 3] ply 25 W f2f3 dt=2506ms budget=2504ms
[pair 3] ply 26 B d6d5 dt=2506ms budget=2505ms
[pair 3] ply 27 W f1f2 dt=2460ms budget=2459ms
[pair 3] ply 28 B b8d8 dt=2462ms budget=2461ms
[pair 3] ply 29 W d1c1 dt=2418ms budget=2416ms
[pair 3] ply 30 B e6e7 dt=2418ms budget=2417ms
[pair 3] ply 31 W c4d5 dt=2376ms budget=2373ms
[pair 3] ply 32 B e7c5 dt=2378ms budget=2375ms
[pair 3] ply 33 W f2g2 dt=2334ms budget=2331ms
[pair 3] ply 34 B c5d5 dt=2342ms budget=2333ms
[pair 3] ply 35 W b2b3 dt=2295ms budget=2291ms
[pair 3] ply 36 B e5e4 dt=2295ms budget=2292ms
[pair 3] ply 37 W c3c4 dt=2252ms budget=2251ms
[pair 3] ply 38 B d5d4 dt=2253ms budget=2252ms
[pair 3] ply 39 W b3a4 dt=2214ms budget=2212ms
[pair 3] ply 40 B e4e3 dt=2216ms budget=2213ms
[pair 3] ply 40 clocks W75s B75s
[pair 3] ply 41 W d2b3 dt=2177ms budget=2174ms
[pair 3] ply 42 B d4e5 dt=2183ms budget=2175ms
[pair 3] ply 43 W c1a1 dt=2138ms budget=2136ms
[pair 3] ply 44 B e5a1 dt=2140ms budget=2138ms
[pair 3] ply 45 W g1a1 dt=2102ms budget=2100ms
[pair 3] ply 46 B a7a4 dt=2102ms budget=2101ms
[pair 3] ply 47 W a1c1 dt=2066ms budget=2064ms
[pair 3] ply 48 B f5g6 dt=2068ms budget=2065ms
[pair 3] ply 49 W c1c3 dt=2031ms budget=2030ms
[pair 3] ply 50 B d8e8 dt=2033ms budget=2031ms
[pair 3] ply 51 W b3a1 dt=1997ms budget=1996ms
[pair 3] ply 52 B g8h7 dt=1998ms budget=1997ms
[pair 3] ply 53 W a1c2 dt=1965ms budget=1962ms
[pair 3] ply 54 B g6c2 dt=1966ms budget=1963ms
[pair 3] ply 55 W a2c2 dt=1932ms budget=1930ms
[pair 3] ply 56 B g7g5 dt=1932ms budget=1931ms
[pair 3] ply 57 W c2b2 dt=1902ms budget=1898ms
[pair 3] ply 58 B h7g6 dt=1902ms budget=1899ms
[pair 3] ply 59 W b2b3 dt=1869ms budget=1867ms
[pair 3] ply 60 B g6f6 dt=1870ms budget=1868ms
[pair 3] ply 60 clocks W60s B60s
[pair 3] ply 61 W c3e3 dt=1837ms budget=1836ms
[pair 3] ply 62 B e8e3 dt=1840ms budget=1837ms
[pair 3] ply 63 W b3e3 dt=1808ms budget=1807ms
[pair 3] ply 64 B a4c4 dt=1811ms budget=1807ms
[pair 3] ply 65 W e3e8 dt=1781ms budget=1778ms
[pair 3] ply 66 B c4d4 dt=1780ms budget=1778ms
[pair 3] ply 67 W e2e4 dt=1751ms budget=1749ms
[pair 3] ply 68 B d4d2 dt=1752ms budget=1750ms
[pair 3] ply 69 W g2g1 dt=1723ms budget=1721ms
[pair 3] ply 70 B c6c5 dt=1724ms budget=1722ms
[pair 3] ply 71 W e4e5 dt=1696ms budget=1694ms
[pair 3] ply 72 B f6f5 dt=1697ms budget=1695ms
[pair 3] ply 73 W e8e7 dt=1670ms budget=1668ms
[pair 3] ply 74 B d2a2 dt=1670ms budget=1668ms
[pair 3] ply 75 W e7f7 dt=1644ms budget=1642ms
[pair 3] ply 76 B f5e5 dt=1643ms budget=1642ms
[pair 3] ply 77 W f7c7 dt=1619ms budget=1616ms
[pair 3] ply 78 B e5d4 dt=1619ms budget=1617ms
[pair 3] ply 79 W c7c6 dt=1592ms budget=1591ms
[pair 3] ply 80 B a2a3 dt=1595ms budget=1592ms
[pair 3] ply 80 clocks W48s B48s
[pair 3] ply 81 W c6h6 dt=1569ms budget=1567ms
[pair 3] ply 82 B a3f3 dt=1571ms budget=1568ms
[pair 3] ply 83 W g1g2 dt=1545ms budget=1543ms
[pair 3] ply 84 B f3f5 dt=1547ms budget=1544ms
[pair 3] ply 85 W h6d6 dt=1522ms budget=1520ms
[pair 3] ply 86 B f5d5 dt=1525ms budget=1521ms
[pair 3] ply 87 W d6d5 dt=1501ms budget=1497ms
[pair 3] ply 88 B d4d5 dt=1500ms budget=1498ms
[pair 3] ply 89 W g2f3 dt=1481ms budget=1475ms
[pair 3] ply 90 B c5c4 dt=1478ms budget=1476ms
[pair 3] ply 91 W h2h4 dt=1454ms budget=1453ms
[pair 3] ply 92 B g5h4 dt=1456ms budget=1454ms
[pair 3] ply 93 W g3h4 dt=1433ms budget=1432ms
[pair 3] ply 94 B c4c3 dt=1435ms budget=1433ms
[pair 3] ply 95 W f3e2 dt=1412ms budget=1411ms
[pair 3] ply 96 B d5c4 dt=1413ms budget=1412ms
[pair 3] ply 97 W e2d1 dt=1392ms budget=1391ms
[pair 3] ply 98 B c4d4 dt=1394ms budget=1392ms
[pair 3] ply 99 W d1c1 dt=1374ms budget=1371ms
[pair 3] ply 100 B d4e4 dt=1373ms budget=1372ms
[pair 3] ply 100 clocks W38s B38s
[pair 3] ply 101 W c1b1 dt=1353ms budget=1352ms
[pair 3] ply 102 B e4d3 dt=1353ms budget=1352ms
[pair 3] ply 103 W b1c1 dt=1335ms budget=1333ms
[pair 3] ply 104 B d3d4 dt=1335ms budget=1333ms
[pair 3] ply 105 W c1b1 dt=1315ms budget=1314ms
[pair 3] ply 106 B d4e4 dt=1316ms budget=1315ms
[pair 3] ply 107 W b1c1 dt=1298ms budget=1296ms
[pair 3] ply 108 B e4e5 dt=1298ms budget=1297ms
[pair 3] ply 109 W c1b1 dt=1280ms budget=1278ms
[pair 3] ply 110 B e5f4 dt=1280ms budget=1279ms
[pair 3] ply 111 W b1c1 dt=1263ms budget=1261ms
[pair 3] ply 112 B c3c2 dt=1263ms budget=1262ms
[pair 3] ply 113 W c1c2 dt=1246ms budget=1244ms
[pair 3] ply 114 B f4g4 dt=1247ms budget=1245ms
[pair 3] ply 115 W c2b1 dt=1229ms budget=1228ms
[pair 3] ply 116 B g4h4 dt=1230ms budget=1228ms
PAIR 3: g1 1-0 ply=81 flags=[] | g2 1/2-1/2 ply=116 flags=[] | cand_pts 0.5/2
