[pair 1] ply 1 W g1f3 dt=5005ms budget=3166ms
[pair 1] ply 2 B b8c6 dt=4984ms budget=3166ms
[pair 1] ply 3 W f1b5 dt=3068ms budget=3066ms
[pair 1] ply 4 B g8f6 dt=3071ms budget=3067ms
[pair 1] ply 5 W b1c3 dt=3011ms budget=3009ms
[pair 1] ply 6 B c8f5 dt=3011ms budget=3009ms
[pair 1] ply 7 W f3e5 dt=2956ms budget=2953ms
[pair 1] ply 8 B a8c8 dt=2957ms budget=2954ms
[pair 1] ply 9 W c1f4 dt=2903ms budget=2899ms
[pair 1] ply 10 B f5d7 dt=2900ms budget=2899ms
[pair 1] ply 11 W e1g1 dt=2849ms budget=2845ms
[pair 1] ply 12 B c6e5 dt=2848ms budget=2846ms
[pair 1] ply 13 W d4e5 dt=2797ms budget=2793ms
[pair 1] ply 14 B d7b5 dt=2795ms budget=2793ms
[pair 1] ply 15 W c3b5 dt=2743ms budget=2742ms
[pair 1] ply 16 B a7a6 dt=2747ms budget=2742ms
[pair 1] ply 17 W b5c3 dt=2694ms budget=2692ms
[pair 1] ply 18 B d5d4 dt=2694ms budget=2693ms
[pair 1] ply 19 W c3e2 dt=2645ms budget=2643ms
[pair 1] ply 20 B f6d5 dt=2645ms budget=2644ms
[pair 1] ply 20 clocks W94s B94s
[pair 1] ply 21 W d1d4 dt=2598ms budget=2596ms
[pair 1] ply 22 B c8c2 dt=2599ms budget=2596ms
[pair 1] ply 23 W d4a4 dt=2553ms budget=2549ms
[pair 1] ply 24 B c2c6 dt=2552ms budget=2549ms
[pair 1] ply 25 W e2d4 dt=2506ms budget=2503ms
[pair 1] ply 26 B d5f4 dt=2505ms budget=2504ms
[pair 1] ply 27 W d4c6 dt=2460ms budget=2459ms
[pair 1] ply 28 B f4e2 dt=2461ms budget=2459ms
[pair 1] ply 29 W g1h1 dt=1ms budget=2415ms
[pair 1] ply 30 B d8d7 dt=2417ms budget=2416ms
[pair 1] ply 31 W a4c4 dt=2429ms budget=2426ms
[pair 1] ply 32 B d7c6 dt=2376ms budget=2373ms
[pair 1] ply 33 W c4e2 dt=2385ms budget=2384ms
[pair 1] ply 34 B e7e6 dt=2335ms budget=2331ms
[pair 1] ply 35 W a1c1 dt=2344ms budget=2342ms
[pair 1] ply 36 B f8c5 dt=2293ms budget=2291ms
[pair 1] ply 37 W b2b4 dt=2303ms budget=2301ms
[pair 1] ply 38 B c6d7 dt=2254ms budget=2251ms
[pair 1] ply 39 W b4c5 dt=2265ms budget=2261ms
[pair 1] ply 40 B d7c7 dt=2216ms budget=2212ms
[pair 1] ply 40 clocks W77s B75s
[pair 1] ply 41 W g2g3 dt=2226ms budget=2221ms
[pair 1] ply 42 B c7c6 dt=2177ms budget=2174ms
[pair 1] ply 43 W f2f3 dt=2185ms budget=2183ms
[pair 1] ply 44 B e8g8 dt=2137ms budget=2136ms
[pair 1] ply 45 W h1g2 dt=2151ms budget=2146ms
[pair 1] ply 46 B f7f6 dt=2102ms budget=2100ms
[pair 1] ply 47 W g2h3 dt=2112ms budget=2109ms
[pair 1] ply 48 B f6e5 dt=2066ms budget=2064ms
[pair 1] ply 49 W e2e5 dt=2077ms budget=2073ms
[pair 1] ply 50 B a6a5 dt=2032ms budget=2030ms
[pair 1] ply 51 W h3h4 dt=2040ms budget=2038ms
[pair 1] ply 52 B c6a4 dt=1998ms budget=1996ms
[pair 1] ply 53 W g3g4 dt=2007ms budget=2004ms
[pair 1] ply 54 B a4a2 dt=1964ms budget=1962ms
[pair 1] ply 55 W c1a1 dt=1972ms budget=1970ms
[pair 1] ply 56 B a2d5 dt=1935ms budget=1930ms
[pair 1] ply 57 W e5d5 dt=1939ms budget=1938ms
[pair 1] ply 58 B e6d5 dt=1901ms budget=1898ms
[pair 1] ply 59 W a1a5 dt=1908ms budget=1906ms
[pair 1] ply 60 B d5d4 dt=1870ms budget=1867ms
[pair 1] ply 60 clocks W62s B60s
[pair 1] ply 61 W a5a7 dt=1876ms budget=1874ms
[pair 1] ply 62 B f8c8 dt=1837ms budget=1836ms
[pair 1] ply 63 W f1b1 dt=1845ms budget=1844ms
[pair 1] ply 64 B h7h5 dt=1809ms budget=1807ms
[pair 1] ply 65 W b1b7 dt=1817ms budget=1814ms
[pair 1] ply 66 B h5g4 dt=1780ms budget=1778ms
[pair 1] ply 67 W b7g7 dt=1787ms budget=1785ms
[pair 1] ply 68 B g8f8 dt=1752ms budget=1749ms
[pair 1] ply 69 W f3g4 dt=1763ms budget=1756ms
[pair 1] ply 70 B c8c5 dt=1728ms budget=1721ms
[pair 1] ply 71 W g7f7 dt=1731ms budget=1728ms
[pair 1] ply 72 B f8g8 dt=1697ms budget=1694ms
[pair 1] ply 73 W f7d7 dt=1704ms budget=1701ms
[pair 1] ply 74 B c5c8 dt=1669ms budget=1667ms
[pair 1] ply 75 W g4g5 dt=1675ms budget=1674ms
[pair 1] ply 76 B d4d3 dt=1645ms budget=1641ms
[pair 1] ply 77 W g5g6 dt=1651ms budget=1648ms
[pair 1] ply 78 B c8b8 dt=1617ms budget=1616ms
[pair 1] ply 79 W d7d3 dt=1626ms budget=1622ms
[pair 1] ply 80 B b8b4 dt=1593ms budget=1591ms
[pair 1] ply 80 clocks W49s B48s
[pair 1] ply 81 W h4g5 dt=1604ms budget=1597ms
[pair 1] ply 82 B b4b8 dt=1569ms budget=1567ms
[pair 1] ply 83 W a7d7 dt=1576ms budget=1573ms
[pair 1] ply 84 B b8f8 dt=1545ms budget=1543ms
[pair 1] ply 85 W d7d8 dt=23ms budget=1549ms
[pair 1] ply 86 B f8d8 dt=73ms budget=1520ms
[pair 1] ply 87 W d3d8 dt=3ms budget=1559ms
[pair 1] ply 88 B g8g7 dt=1ms budget=1529ms
[pair 1] ply 89 W d8d7 dt=1ms budget=1570ms
[pair 1] ply 90 B g7f8 dt=1ms budget=1540ms
[pair 1] ply 91 W g5f6 dt=1ms budget=1581ms
[pair 1] ply 92 B f8e8 dt=1ms budget=1552ms
[pair 1] ply 93 W d7d3 dt=1ms budget=1593ms
[pair 1] ply 94 B e8f8 dt=1ms budget=1563ms
[pair 1] ply 95 W d3d8 dt=1ms budget=1604ms
[pair 1] ply 1 W b1c3 dt=4882ms budget=3166ms
[pair 1] ply 2 B g8f6 dt=4848ms budget=3166ms
[pair 1] ply 3 W c4d5 dt=3071ms budget=3069ms
[pair 1] ply 4 B f6d5 dt=3075ms budget=3070ms
[pair 1] ply 5 W e4d5 dt=3017ms budget=3012ms
[pair 1] ply 6 B c6d4 dt=3015ms budget=3012ms
[pair 1] ply 7 W f3e5 dt=2961ms budget=2956ms
[pair 1] ply 8 B d7d6 dt=2962ms budget=2956ms
[pair 1] ply 9 W e5c4 dt=2904ms budget=2901ms
[pair 1] ply 10 B c8f5 dt=2905ms budget=2902ms
[pair 1] ply 11 W d2d3 dt=2858ms budget=2848ms
[pair 1] ply 12 B d8h4 dt=2852ms budget=2848ms
[pair 1] ply 13 W g2g3 dt=2799ms budget=2795ms
[pair 1] ply 14 B h4h3 dt=2798ms budget=2796ms
[pair 1] ply 15 W c4e3 dt=2747ms budget=2744ms
[pair 1] ply 16 B f5g6 dt=2746ms budget=2745ms
[pair 1] ply 17 W c3e4 dt=2696ms budget=2694ms
[pair 1] ply 18 B g6h5 dt=2697ms budget=2695ms
[pair 1] ply 19 W g3g4 dt=2647ms budget=2645ms
[pair 1] ply 20 B d4f3 dt=2649ms budget=2646ms
[pair 1] ply 20 clocks W94s B94s
[pair 1] ply 21 W e1e2 dt=2603ms budget=2598ms
[pair 1] ply 22 B h5g4 dt=2600ms budget=2598ms
[pair 1] ply 23 W e3g4 dt=2553ms budget=2551ms
[pair 1] ply 24 B h3g4 dt=2555ms budget=2552ms
[pair 1] ply 25 W h2h3 dt=2507ms budget=2505ms
[pair 1] ply 26 B f3d4 dt=2509ms budget=2506ms
[pair 1] ply 27 W e2d2 dt=2464ms budget=2461ms
[pair 1] ply 28 B g4f5 dt=2464ms budget=2462ms
[pair 1] ply 29 W c2c3 dt=2419ms budget=2417ms
[pair 1] ply 30 B d4f3 dt=2419ms budget=2418ms
[pair 1] ply 31 W d2c2 dt=2377ms budget=2374ms
[pair 1] ply 32 B e8g8 dt=2382ms budget=2375ms
[pair 1] ply 33 W c1e3 dt=2335ms budget=2333ms
[pair 1] ply 34 B f8e8 dt=2335ms budget=2333ms
[pair 1] ply 35 W d1e2 dt=2297ms budget=2292ms
[pair 1] ply 36 B e8e7 dt=2295ms budget=2293ms
[pair 1] ply 37 W c3c4 dt=2257ms budget=2252ms
[pair 1] ply 38 B a8e8 dt=2256ms budget=2253ms
[pair 1] ply 39 W a1f1 dt=2215ms budget=2213ms
[pair 1] ply 40 B f3d4 dt=2217ms budget=2214ms
[pair 1] ply 40 clocks W75s B75s
[pair 1] ply 41 W e3d4 dt=2177ms budget=2175ms
[pair 1] ply 42 B e7e4 dt=2179ms budget=2176ms
[pair 1] ply 43 W d4e3 dt=2139ms budget=2138ms
[pair 1] ply 44 B e4c4 dt=2141ms budget=2138ms
[pair 1] ply 45 W c2b1 dt=2103ms budget=2101ms
[pair 1] ply 46 B c4d4 dt=2105ms budget=2102ms
[pair 1] ply 47 W f1d1 dt=2071ms budget=2066ms
[pair 1] ply 48 B f5d5 dt=2069ms budget=2066ms
[pair 1] ply 49 W e2c2 dt=2033ms budget=2031ms
[pair 1] ply 50 B d4b4 dt=2033ms budget=2031ms
[pair 1] ply 51 W h1e1 dt=1999ms budget=1997ms
[pair 1] ply 52 B e8c8 dt=1999ms budget=1997ms
[pair 1] ply 53 W e3c5 dt=1967ms budget=1963ms
[pair 1] ply 54 B d6c5 dt=1967ms budget=1964ms
[pair 1] ply 55 W d1c1 dt=1933ms budget=1931ms
[pair 1] ply 56 B b4b6 dt=1934ms budget=1931ms
[pair 1] ply 57 W c2c5 dt=1900ms budget=1899ms
[pair 1] ply 58 B d5d3 dt=1905ms budget=1899ms
[pair 1] ply 59 W b1a1 dt=1871ms budget=1868ms
[pair 1] ply 60 B d3d2 dt=1870ms budget=1868ms
[pair 1] ply 60 clocks W60s B60s
[pair 1] ply 61 W c5c2 dt=1840ms budget=1837ms
[pair 1] ply 62 B d2c2 dt=1839ms budget=1838ms
[pair 1] ply 63 W c1c2 dt=1808ms budget=1807ms
[pair 1] ply 64 B b6e6 dt=1811ms budget=1808ms
[pair 1] ply 65 W e1e6 dt=1780ms budget=1778ms
[pair 1] ply 66 B f7e6 dt=1781ms budget=1779ms
[pair 1] ply 67 W c2c4 dt=1752ms budget=1750ms
[pair 1] ply 68 B e6e5 dt=1753ms budget=1750ms
[pair 1] ply 69 W c4c5 dt=1724ms budget=1722ms
[pair 1] ply 70 B c8f8 dt=1726ms budget=1723ms
[pair 1] ply 71 W c5e5 dt=1696ms budget=1695ms
[pair 1] ply 72 B f8f2 dt=1698ms budget=1695ms
[pair 1] ply 73 W a1b1 dt=1670ms budget=1668ms
[pair 1] ply 74 B g8f7 dt=1670ms budget=1669ms
[pair 1] ply 75 W e5e3 dt=1644ms budget=1642ms
[pair 1] ply 76 B f7f6 dt=1645ms budget=1643ms
[pair 1] ply 77 W e3c3 dt=1618ms budget=1617ms
[pair 1] ply 78 B c7c6 dt=1619ms budget=1617ms
[pair 1] ply 79 W c3a3 dt=1597ms budget=1592ms
[pair 1] ply 80 B f6e5 dt=1593ms budget=1592ms
[pair 1] ply 80 clocks W48s B48s
[pair 1] ply 81 W a3a7 dt=1570ms budget=1568ms
[pair 1] ply 82 B f2f7 dt=1570ms budget=1568ms
[pair 1] ply 83 W a7a8 dt=1547ms budget=1544ms
[pair 1] ply 84 B f7d7 dt=1546ms budget=1544ms
[pair 1] ply 85 W b1c2 dt=1523ms budget=1521ms
[pair 1] ply 86 B e5d4 dt=1523ms budget=1521ms
[pair 1] ply 87 W a8a4 dt=1500ms budget=1498ms
[pair 1] ply 88 B d4d5 dt=1500ms budget=1498ms
[pair 1] ply 89 W c2c3 dt=1477ms budget=1476ms
[pair 1] ply 90 B c6c5 dt=1477ms budget=1476ms
[pair 1] ply 91 W a4g4 dt=1456ms budget=1454ms
[pair 1] ply 92 B b7b5 dt=1455ms budget=1454ms
[pair 1] ply 93 W g4g5 dt=1436ms budget=1433ms
[pair 1] ply 94 B d5d6 dt=1437ms budget=1433ms
[pair 1] ply 95 W b2b4 dt=1414ms budget=1412ms
[pair 1] ply 96 B d7c7 dt=1414ms budget=1412ms
[pair 1] ply 97 W h3h4 dt=1393ms budget=1392ms
[pair 1] ply 98 B h7h6 dt=1394ms budget=1392ms
[pair 1] ply 99 W b4c5 dt=1373ms budget=1372ms
[pair 1] ply 100 B c7c5 dt=1373ms budget=1372ms
[pair 1] ply 100 clocks W38s B38s
[pair 1] ply 101 W g5c5 dt=1354ms budget=1352ms
[pair 1] ply 102 B d6c5 dt=1355ms budget=1353ms
[pair 1] ply 103 W h4h5 dt=1336ms budget=1333ms
[pair 1] ply 104 B b5b4 dt=1336ms budget=1334ms
[pair 1] ply 105 W c3b2 dt=1317ms budget=1315ms
[pair 1] ply 106 B c5b5 dt=1317ms budget=1315ms
[pair 1] ply 107 W b2b1 dt=1298ms budget=1297ms
[pair 1] ply 108 B b5b6 dt=1299ms budget=1297ms
[pair 1] ply 109 W b1c1 dt=1282ms budget=1279ms
[pair 1] ply 110 B b6a6 dt=1281ms budget=1279ms
[pair 1] ply 111 W c1b1 dt=1266ms budget=1262ms
[pair 1] ply 112 B a6b5 dt=1266ms budget=1262ms
[pair 1] ply 113 W b1c2 dt=1246ms budget=1245ms
[pair 1] ply 114 B b5a4 dt=1247ms budget=1245ms
[pair 1] ply 115 W c2b2 dt=1231ms budget=1228ms
[pair 1] ply 116 B a4a5 dt=1230ms budget=1228ms
[pair 1] ply 117 W b2a1 dt=1213ms budget=1212ms
[pair 1] ply 118 B b4b3 dt=1216ms budget=1212ms
[pair 1] ply 119 W a2b3 dt=1198ms budget=1196ms
[pair 1] ply 120 B a5b5 dt=1197ms budget=1196ms
[pair 1] ply 120 clocks W31s B31s
[pair 1] ply 121 W a1a2 dt=1181ms budget=1180ms
[pair 1] ply 122 B b5a5 dt=1183ms budget=1181ms
[pair 1] ply 123 W a2a3 dt=1168ms budget=1165ms
[pair 1] ply 124 B a5b5 dt=1168ms budget=1165ms
[pair 1] ply 125 W b3b4 dt=1152ms budget=1150ms
[pair 1] ply 126 B b5b6 dt=1152ms budget=1151ms
[pair 1] ply 127 W a3a4 dt=1137ms budget=1136ms
[pair 1] ply 128 B b6c6 dt=1138ms budget=1136ms
[pair 1] ply 129 W b4b5 dt=1124ms budget=1122ms
[pair 1] ply 130 B c6b6 dt=1126ms budget=1122ms
[pair 1] ply 131 W a4b4 dt=1110ms budget=1108ms
[pair 1] ply 132 B b6b7 dt=1109ms budget=1108ms
[pair 1] ply 133 W b4a5 dt=1096ms budget=1094ms
[pair 1] ply 134 B b7a7 dt=1095ms budget=1094ms
[pair 1] ply 135 W b5b6 dt=1083ms budget=1081ms
[pair 1] ply 136 B a7b7 dt=1085ms budget=1081ms
[pair 1] ply 137 W a5b5 dt=1070ms budget=1068ms
[pair 1] ply 138 B b7a8 dt=1070ms budget=1068ms
[pair 1] ply 139 W b5a6 dt=1059ms budget=1055ms
[pair 1] ply 140 B a8b8 dt=1060ms budget=1056ms
[pair 1] ply 140 clocks W24s B24s
[pair 1] ply 141 W b6b7 dt=1044ms budget=1043ms
[pair 1] ply 142 B b8c7 dt=1045ms budget=1043ms
[pair 1] ply 143 W a6a7 dt=1032ms budget=1031ms
[pair 1] ply 144 B c7d6 dt=1033ms budget=1031ms
[pair 1] ply 145 W b7b8q dt=1021ms budget=1019ms
[pair 1] ply 146 B d6e7 dt=1023ms budget=1019ms
[pair 1] ply 147 W b8c7 dt=1009ms budget=1008ms
[pair 1] ply 148 B e7f6 dt=1011ms budget=1008ms
[pair 1] ply 149 W c7f4 dt=1000ms budget=996ms
[pair 1] ply 150 B f6e6 dt=999ms budget=996ms
[pair 1] ply 151 W a7a6 dt=987ms budget=985ms
[pair 1] ply 152 B e6d7 dt=987ms budget=985ms
[pair 1] ply 153 W f4e5 dt=975ms budget=974ms
[pair 1] ply 154 B d7c6 dt=976ms budget=974ms
[pair 1] ply 155 W e5d4 dt=966ms budget=964ms
[pair 1] ply 156 B c6c7 dt=968ms budget=964ms
[pair 1] ply 157 W d4d5 dt=132ms budget=953ms
[pair 1] ply 158 B g7g6 dt=77ms budget=953ms
[pair 1] ply 159 W h5g6 dt=1ms budget=962ms
[pair 1] ply 160 B c7c8 dt=2ms budget=963ms
[pair 1] ply 160 clocks W21s B21s
[pair 1] ply 161 W d5b7 dt=8ms budget=973ms
[pair 1] ply 162 B c8d8 dt=0ms budget=974ms
[pair 1] ply 163 W g6g7 dt=1ms budget=984ms
[pair 1] ply 164 B d8e8 dt=0ms budget=985ms
[pair 1] ply 165 W g7g8q dt=0ms budget=995ms
PAIR 1: g1 1-0 ply=95 flags=[] | g2 1-0 ply=165 flags=[] | cand_pts 1.0/2
