[pair 2] ply 1 W c1g5 dt=5027ms budget=3166ms
[pair 2] ply 2 B f8b4 dt=4983ms budget=3166ms
[pair 2] ply 3 W d1b3 dt=3068ms budget=3066ms
[pair 2] ply 4 B b8c6 dt=3069ms budget=3067ms
[pair 2] ply 5 W g1f3 dt=3011ms budget=3008ms
[pair 2] ply 6 B a7a5 dt=3013ms budget=3009ms
[pair 2] ply 7 W a2a3 dt=2954ms budget=2953ms
[pair 2] ply 8 B d5c4 dt=2956ms budget=2954ms
[pair 2] ply 9 W b3c4 dt=2901ms budget=2898ms
[pair 2] ply 10 B d8d5 dt=2901ms budget=2899ms
[pair 2] ply 11 W c4b4 dt=2846ms budget=2845ms
[pair 2] ply 12 B a5b4 dt=2850ms budget=2846ms
[pair 2] ply 13 W c3d5 dt=2796ms budget=2793ms
[pair 2] ply 14 B e6d5 dt=2794ms budget=2793ms
[pair 2] ply 15 W g5f6 dt=2758ms budget=2742ms
[pair 2] ply 16 B g7f6 dt=2745ms budget=2742ms
[pair 2] ply 17 W e2e3 dt=2692ms budget=2691ms
[pair 2] ply 18 B h8g8 dt=2695ms budget=2693ms
[pair 2] ply 19 W e1d2 dt=2644ms budget=2643ms
[pair 2] ply 20 B c6a5 dt=2648ms budget=2644ms
[pair 2] ply 20 clocks W94s B94s
[pair 2] ply 21 W a1a2 dt=2596ms budget=2595ms
[pair 2] ply 22 B c8f5 dt=2598ms budget=2596ms
[pair 2] ply 23 W d2d1 dt=2551ms budget=2549ms
[pair 2] ply 24 B a5c6 dt=2553ms budget=2549ms
[pair 2] ply 25 W h1g1 dt=2504ms budget=2503ms
[pair 2] ply 26 B b4a3 dt=2505ms budget=2504ms
[pair 2] ply 27 W b2a3 dt=2459ms budget=2458ms
[pair 2] ply 28 B e8d7 dt=2460ms budget=2459ms
[pair 2] ply 29 W f1b5 dt=2417ms budget=2415ms
[pair 2] ply 30 B d7d6 dt=2418ms budget=2416ms
[pair 2] ply 31 W b5c6 dt=2376ms budget=2372ms
[pair 2] ply 32 B d6c6 dt=2374ms budget=2373ms
[pair 2] ply 33 W d1e2 dt=2336ms budget=2331ms
[pair 2] ply 34 B g8g7 dt=2334ms budget=2331ms
[pair 2] ply 35 W g1c1 dt=2292ms budget=2290ms
[pair 2] ply 36 B c6d6 dt=2294ms budget=2291ms
[pair 2] ply 37 W g2g3 dt=2252ms budget=2250ms
[pair 2] ply 38 B a8a6 dt=2255ms budget=2251ms
[pair 2] ply 39 W a2b2 dt=2212ms budget=2211ms
[pair 2] ply 40 B a6c6 dt=2214ms budget=2212ms
[pair 2] ply 40 clocks W75s B75s
[pair 2] ply 41 W c1c6 dt=2174ms budget=2173ms
[pair 2] ply 42 B d6c6 dt=2179ms budget=2174ms
[pair 2] ply 43 W f3h4 dt=2137ms budget=2136ms
[pair 2] ply 44 B f5g6 dt=2137ms budget=2136ms
[pair 2] ply 45 W h4g6 dt=2101ms budget=2099ms
[pair 2] ply 46 B h7g6 dt=2105ms budget=2100ms
[pair 2] ply 47 W b2c2 dt=2066ms budget=2064ms
[pair 2] ply 48 B c6d6 dt=2065ms budget=2064ms
[pair 2] ply 49 W c2b2 dt=2031ms budget=2029ms
[pair 2] ply 50 B b7b6 dt=2031ms budget=2030ms
[pair 2] ply 51 W e2d3 dt=1996ms budget=1995ms
[pair 2] ply 52 B g7g8 dt=1998ms budget=1996ms
[pair 2] ply 53 W e3e4 dt=1964ms budget=1962ms
[pair 2] ply 54 B d5e4 dt=1965ms budget=1962ms
[pair 2] ply 55 W d3e4 dt=1932ms budget=1929ms
[pair 2] ply 56 B f6f5 dt=1931ms budget=1930ms
[pair 2] ply 57 W e4f4 dt=1898ms budget=1897ms
[pair 2] ply 58 B g8h8 dt=1899ms budget=1898ms
[pair 2] ply 59 W h2h4 dt=1870ms budget=1866ms
[pair 2] ply 60 B h8e8 dt=1871ms budget=1867ms
[pair 2] ply 60 clocks W60s B60s
[pair 2] ply 61 W f4g5 dt=1837ms budget=1836ms
[pair 2] ply 62 B e8e4 dt=1842ms budget=1836ms
[pair 2] ply 63 W g5f6 dt=1809ms budget=1806ms
[pair 2] ply 64 B f5f4 dt=1809ms budget=1807ms
[pair 2] ply 65 W f6f7 dt=1779ms budget=1777ms
[pair 2] ply 66 B f4g3 dt=1779ms budget=1777ms
[pair 2] ply 67 W f2g3 dt=1756ms budget=1749ms
[pair 2] ply 68 B e4d4 dt=1751ms budget=1749ms
[pair 2] ply 69 W b2b4 dt=1723ms budget=1721ms
[pair 2] ply 70 B d4d3 dt=1723ms budget=1721ms
[pair 2] ply 71 W g3g4 dt=1696ms budget=1694ms
[pair 2] ply 72 B d3a3 dt=1696ms budget=1694ms
[pair 2] ply 73 W f7g6 dt=1669ms budget=1667ms
[pair 2] ply 74 B a3a6 dt=1671ms budget=1667ms
[pair 2] ply 75 W g4g5 dt=1643ms budget=1641ms
[pair 2] ply 76 B c7c5 dt=1642ms budget=1641ms
[pair 2] ply 77 W b4e4 dt=1618ms budget=1616ms
[pair 2] ply 78 B b6b5 dt=1618ms budget=1616ms
[pair 2] ply 79 W g6f5 dt=1593ms budget=1591ms
[pair 2] ply 80 B a6a7 dt=1592ms budget=1591ms
[pair 2] ply 80 clocks W48s B48s
[pair 2] ply 81 W e4e2 dt=1570ms budget=1567ms
[pair 2] ply 82 B b5b4 dt=1569ms budget=1567ms
[pair 2] ply 83 W g5g6 dt=1552ms budget=1543ms
[pair 2] ply 84 B c5c4 dt=1547ms budget=1543ms
[pair 2] ply 85 W h4h5 dt=1520ms budget=1519ms
[pair 2] ply 86 B b4b3 dt=1522ms budget=1520ms
[pair 2] ply 87 W h5h6 dt=1499ms budget=1497ms
[pair 2] ply 88 B c4c3 dt=1500ms budget=1497ms
[pair 2] ply 89 W e2e1 dt=1475ms budget=1474ms
[pair 2] ply 90 B b3b2 dt=1483ms budget=1475ms
[pair 2] ply 91 W g6g7 dt=1454ms budget=1453ms
[pair 2] ply 92 B a7f7 dt=1456ms budget=1453ms
[pair 2] ply 93 W f5g6 dt=1437ms budget=1432ms
[pair 2] ply 94 B c3c2 dt=1435ms budget=1432ms
[pair 2] ply 95 W g7g8q dt=1414ms budget=1411ms
[pair 2] ply 96 B b2b1q dt=1413ms budget=1411ms
[pair 2] ply 97 W e1b1 dt=1395ms budget=1390ms
[pair 2] ply 98 B c2b1q dt=1393ms budget=1391ms
[pair 2] ply 99 W g6f7 dt=1373ms budget=1371ms
[pair 2] ply 100 B b1f5 dt=1373ms budget=1371ms
[pair 2] ply 100 clocks W38s B38s
[pair 2] ply 101 W f7g7 dt=1352ms budget=1351ms
[pair 2] ply 102 B f5e5 dt=1354ms budget=1352ms
[pair 2] ply 103 W g7h7 dt=1333ms budget=1332ms
[pair 2] ply 104 B d6c5 dt=1336ms budget=1333ms
[pair 2] ply 105 W g8g7 dt=1315ms budget=1314ms
[pair 2] ply 106 B e5e4 dt=1315ms budget=1314ms
[pair 2] ply 107 W h7g8 dt=1297ms budget=1296ms
[pair 2] ply 108 B e4d5 dt=1298ms budget=1296ms
[pair 2] ply 109 W g7f7 dt=1279ms budget=1278ms
[pair 2] ply 110 B d5g2 dt=1280ms budget=1278ms
[pair 2] ply 111 W g8h7 dt=1262ms budget=1261ms
[pair 2] ply 112 B g2e4 dt=1262ms budget=1261ms
[pair 2] ply 113 W f7g6 dt=1247ms budget=1244ms
[pair 2] ply 114 B e4b7 dt=1247ms budget=1244ms
[pair 2] ply 115 W h7g8 dt=1229ms budget=1227ms
[pair 2] ply 116 B b7d5 dt=1229ms budget=1227ms
[pair 2] ply 117 W g8g7 dt=1212ms budget=1211ms
[pair 2] ply 118 B d5b7 dt=1213ms budget=1211ms
[pair 2] ply 119 W g6f7 dt=1198ms budget=1195ms
[pair 2] ply 120 B b7g2 dt=1198ms budget=1195ms
[pair 2] ply 120 clocks W31s B31s
[pair 2] ply 121 W g7f6 dt=1183ms budget=1180ms
[pair 2] ply 122 B g2f3 dt=1182ms budget=1180ms
[pair 2] ply 123 W f6e7 dt=1168ms budget=1164ms
[pair 2] ply 124 B f3b7 dt=1176ms budget=1165ms
[pair 2] ply 125 W e7f8 dt=1151ms budget=1150ms
[pair 2] ply 126 B b7a8 dt=1151ms budget=1150ms
[pair 2] ply 127 W f7e8 dt=1137ms budget=1135ms
[pair 2] ply 128 B a8f3 dt=1137ms budget=1135ms
[pair 2] ply 129 W f8e7 dt=1126ms budget=1121ms
[pair 2] ply 130 B f3e4 dt=1124ms budget=1121ms
[pair 2] ply 131 W e7d7 dt=1108ms budget=1107ms
[pair 2] ply 132 B e4c6 dt=1110ms budget=1107ms
[pair 2] ply 133 W d7e7 dt=1095ms budget=1093ms
[pair 2] ply 134 B c6h6 dt=1096ms budget=1093ms
[pair 2] ply 135 W e8d7 dt=1081ms budget=1080ms
[pair 2] ply 136 B h6g7 dt=1082ms budget=1080ms
[pair 2] ply 137 W e7e6 dt=1070ms budget=1067ms
[pair 2] ply 138 B g7g4 dt=1069ms budget=1067ms
[pair 2] ply 139 W e6e7 dt=1057ms budget=1055ms
[pair 2] ply 140 B g4g5 dt=1056ms budget=1055ms
[pair 2] ply 140 clocks W24s B24s
[pair 2] ply 141 W e7e6 dt=1046ms budget=1042ms
[pair 2] ply 142 B g5e3 dt=1045ms budget=1042ms
[pair 2] ply 143 W e6f6 dt=1032ms budget=1030ms
[pair 2] ply 144 B e3d4 dt=1033ms budget=1030ms
[pair 2] ply 145 W d7d4 dt=1019ms budget=1018ms
[pair 2] ply 146 B c5d4 dt=1020ms budget=1018ms
[pair 2] ply 1 W d2d4 dt=4900ms budget=3166ms
[pair 2] ply 2 B e5d4 dt=4972ms budget=3166ms
[pair 2] ply 3 W f3d4 dt=3069ms budget=3068ms
[pair 2] ply 4 B d8h4 dt=3068ms budget=3067ms
[pair 2] ply 5 W d1d3 dt=3013ms budget=3011ms
[pair 2] ply 6 B f8c5 dt=3015ms budget=3010ms
[pair 2] ply 7 W c1e3 dt=2960ms budget=2955ms
[pair 2] ply 8 B c6b4 dt=2955ms budget=2954ms
[pair 2] ply 9 W d3c4 dt=2906ms budget=2901ms
[pair 2] ply 10 B c5d4 dt=2903ms budget=2899ms
[pair 2] ply 11 W e3d4 dt=2848ms budget=2847ms
[pair 2] ply 12 B h4e4 dt=2849ms budget=2846ms
[pair 2] ply 13 W e1d2 dt=2799ms budget=2795ms
[pair 2] ply 14 B b4c2 dt=2800ms budget=2794ms
[pair 2] ply 15 W d4g7 dt=2746ms budget=2744ms
[pair 2] ply 16 B e4f5 dt=2744ms budget=2743ms
[pair 2] ply 17 W c4h4 dt=2697ms budget=2694ms
[pair 2] ply 18 B c2a1 dt=2696ms budget=2693ms
[pair 2] ply 19 W f1d3 dt=2646ms budget=2645ms
[pair 2] ply 20 B f5c5 dt=2650ms budget=2644ms
[pair 2] ply 20 clocks W94s B94s
[pair 2] ply 21 W b2b4 dt=2603ms budget=2598ms
[pair 2] ply 22 B c5d6 dt=2598ms budget=2596ms
[pair 2] ply 23 W h1e1 dt=2557ms budget=2551ms
[pair 2] ply 24 B g8e7 dt=2551ms budget=2549ms
[pair 2] ply 25 W g7h8 dt=2507ms budget=2505ms
[pair 2] ply 26 B a7a5 dt=2506ms budget=2504ms
[pair 2] ply 27 W h8f6 dt=2464ms budget=2461ms
[pair 2] ply 28 B d6b4 dt=2460ms budget=2459ms
[pair 2] ply 29 W b1c3 dt=2419ms budget=2417ms
[pair 2] ply 30 B b4h4 dt=2419ms budget=2416ms
[pair 2] ply 31 W f6h4 dt=2375ms budget=2374ms
[pair 2] ply 32 B d7d6 dt=2376ms budget=2373ms
[pair 2] ply 33 W h4e7 dt=2334ms budget=2333ms
[pair 2] ply 34 B a1b3 dt=2333ms budget=2331ms
[pair 2] ply 35 W a2b3 dt=2294ms budget=2292ms
[pair 2] ply 36 B c8e6 dt=2294ms budget=2291ms
[pair 2] ply 37 W e7f6 dt=2254ms budget=2252ms
[pair 2] ply 38 B h7h6 dt=2253ms budget=2251ms
[pair 2] ply 39 W e1b1 dt=2215ms budget=2213ms
[pair 2] ply 40 B e8d7 dt=2215ms budget=2212ms
[pair 2] ply 40 clocks W75s B75s
[pair 2] ply 41 W f2f4 dt=2177ms budget=2175ms
[pair 2] ply 42 B c7c6 dt=2176ms budget=2174ms
[pair 2] ply 43 W f4f5 dt=2140ms budget=2138ms
[pair 2] ply 44 B e6d5 dt=2138ms budget=2137ms
[pair 2] ply 45 W d3f1 dt=2103ms budget=2101ms
[pair 2] ply 46 B b7b6 dt=2101ms budget=2100ms
[pair 2] ply 47 W d2e3 dt=2067ms budget=2066ms
[pair 2] ply 48 B a8e8 dt=2066ms budget=2065ms
[pair 2] ply 49 W e3d3 dt=2036ms budget=2031ms
[pair 2] ply 50 B e8e5 dt=2034ms budget=2030ms
[pair 2] ply 51 W f6e5 dt=1999ms budget=1997ms
[pair 2] ply 52 B d6e5 dt=1998ms budget=1996ms
[pair 2] ply 53 W b3b4 dt=1966ms budget=1963ms
[pair 2] ply 54 B a5b4 dt=1964ms budget=1962ms
[pair 2] ply 55 W b1b4 dt=1933ms budget=1931ms
[pair 2] ply 56 B b6b5 dt=1932ms budget=1930ms
[pair 2] ply 57 W c3d5 dt=1900ms budget=1899ms
[pair 2] ply 58 B c6d5 dt=1900ms budget=1898ms
[pair 2] ply 59 W b4b5 dt=1872ms budget=1868ms
[pair 2] ply 60 B d7c6 dt=1870ms budget=1867ms
[pair 2] ply 60 clocks W60s B60s
[pair 2] ply 61 W b5a5 dt=1848ms budget=1837ms
[pair 2] ply 62 B c6d6 dt=1838ms budget=1837ms
[pair 2] ply 63 W f1e2 dt=1809ms budget=1807ms
[pair 2] ply 64 B d6e7 dt=1808ms budget=1807ms
[pair 2] ply 65 W a5d5 dt=1779ms budget=1778ms
[pair 2] ply 66 B f7f6 dt=1780ms budget=1778ms
[pair 2] ply 67 W e2h5 dt=1752ms budget=1750ms
[pair 2] ply 68 B e7f8 dt=1752ms budget=1749ms
[pair 2] ply 69 W d5d6 dt=1723ms budget=1722ms
[pair 2] ply 70 B f8e7 dt=1723ms budget=1721ms
[pair 2] ply 71 W d6e6 dt=1696ms budget=1695ms
[pair 2] ply 72 B e7f8 dt=1696ms budget=1694ms
[pair 2] ply 73 W e6f6 dt=1669ms budget=1668ms
[pair 2] ply 74 B f8e7 dt=1670ms budget=1668ms
[pair 2] ply 75 W f6h6 dt=1644ms budget=1642ms
[pair 2] ply 76 B e7d7 dt=1643ms budget=1642ms
[pair 2] ply 77 W d3e4 dt=1618ms budget=1617ms
[pair 2] ply 78 B d7c7 dt=462ms budget=1616ms
[pair 2] ply 79 W f5f6 dt=1299ms budget=1592ms
[pair 2] ply 80 B c7b6 dt=18ms budget=1617ms
[pair 2] ply 80 clocks W48s B51s
[pair 2] ply 81 W f6f7 dt=1ms budget=1574ms
[pair 2] ply 82 B b6a5 dt=1ms budget=1628ms
[pair 2] ply 83 W f7f8q dt=1ms budget=1585ms
[pair 2] ply 84 B a5a4 dt=0ms budget=1639ms
[pair 2] ply 85 W h6b6 dt=1ms budget=1596ms
[pair 2] ply 86 B a4a5 dt=1ms budget=1650ms
[pair 2] ply 87 W f8b4 dt=1ms budget=1608ms
PAIR 2: g1 1/2-1/2 ply=146 flags=[] | g2 1-0 ply=87 flags=[] | cand_pts 0.5/2
