[pair 6] ply 1 W b1c3 dt=4651ms budget=3166ms
[pair 6] ply 2 B e7e6 dt=4838ms budget=3166ms
[pair 6] ply 3 W g1f3 dt=3078ms budget=3074ms
[pair 6] ply 4 B g8f6 dt=3073ms budget=3070ms
[pair 6] ply 5 W c1f4 dt=3019ms budget=3017ms
[pair 6] ply 6 B f6e4 dt=3014ms budget=3013ms
[pair 6] ply 7 W f1b5 dt=2964ms budget=2961ms
[pair 6] ply 8 B c8d7 dt=2961ms budget=2957ms
[pair 6] ply 9 W d1d3 dt=2908ms budget=2906ms
[pair 6] ply 10 B e4c3 dt=2904ms budget=2902ms
[pair 6] ply 11 W b5d7 dt=2854ms budget=2852ms
[pair 6] ply 12 B d8d7 dt=2852ms budget=2849ms
[pair 6] ply 13 W d3c3 dt=2801ms budget=2800ms
[pair 6] ply 14 B b8c6 dt=2797ms budget=2796ms
[pair 6] ply 15 W c3b3 dt=2751ms budget=2749ms
[pair 6] ply 16 B f8b4 dt=2746ms budget=2745ms
[pair 6] ply 17 W e1f1 dt=2701ms budget=2699ms
[pair 6] ply 18 B e8g8 dt=2697ms budget=2695ms
[pair 6] ply 19 W a2a3 dt=2655ms budget=2650ms
[pair 6] ply 20 B b4d6 dt=2650ms budget=2647ms
[pair 6] ply 20 clocks W95s B94s
[pair 6] ply 21 W f4d6 dt=2604ms budget=2602ms
[pair 6] ply 22 B d7d6 dt=2604ms budget=2599ms
[pair 6] ply 23 W h2h3 dt=2557ms budget=2555ms
[pair 6] ply 24 B f8e8 dt=2554ms budget=2552ms
[pair 6] ply 25 W a1b1 dt=2512ms budget=2510ms
[pair 6] ply 26 B e6e5 dt=2509ms budget=2506ms
[pair 6] ply 27 W d4e5 dt=2468ms budget=2465ms
[pair 6] ply 28 B c6e5 dt=2464ms budget=2462ms
[pair 6] ply 29 W b1d1 dt=2422ms budget=2421ms
[pair 6] ply 30 B e5f3 dt=2420ms budget=2418ms
[pair 6] ply 31 W b3f3 dt=2380ms budget=2379ms
[pair 6] ply 32 B d6e5 dt=2377ms budget=2375ms
[pair 6] ply 33 W b2b4 dt=2340ms budget=2337ms
[pair 6] ply 34 B a8d8 dt=2337ms budget=2334ms
[pair 6] ply 35 W f3d3 dt=2298ms budget=2296ms
[pair 6] ply 36 B d5d4 dt=2296ms budget=2293ms
[pair 6] ply 37 W f1g1 dt=2257ms budget=2256ms
[pair 6] ply 38 B e5e2 dt=2254ms budget=2253ms
[pair 6] ply 39 W d1d2 dt=2220ms budget=2217ms
[pair 6] ply 40 B e2e6 dt=2216ms budget=2214ms
[pair 6] ply 40 clocks W76s B75s
[pair 6] ply 41 W g1h2 dt=2183ms budget=2179ms
[pair 6] ply 42 B e8e7 dt=2177ms budget=2176ms
[pair 6] ply 43 W c2c3 dt=2142ms budget=2141ms
[pair 6] ply 44 B e7d7 dt=2140ms budget=2139ms
[pair 6] ply 45 W h1d1 dt=2107ms budget=2105ms
[pair 6] ply 46 B a7a5 dt=2105ms budget=2102ms
[pair 6] ply 47 W c3d4 dt=2070ms budget=2069ms
[pair 6] ply 48 B a5b4 dt=2071ms budget=2067ms
[pair 6] ply 49 W a3b4 dt=2035ms budget=2034ms
[pair 6] ply 50 B e6d6 dt=2035ms budget=2032ms
[pair 6] ply 51 W d3g3 dt=2003ms budget=2000ms
[pair 6] ply 52 B d6b4 dt=1999ms budget=1997ms
[pair 6] ply 53 W d4d5 dt=1969ms budget=1967ms
[pair 6] ply 54 B d7d6 dt=1965ms budget=1964ms
[pair 6] ply 55 W g3e3 dt=1936ms budget=1934ms
[pair 6] ply 56 B b4c4 dt=1935ms budget=1932ms
[pair 6] ply 57 W h2g1 dt=1904ms budget=1902ms
[pair 6] ply 58 B c4a4 dt=1901ms budget=1900ms
[pair 6] ply 59 W e3c3 dt=1874ms budget=1871ms
[pair 6] ply 60 B b7b5 dt=1872ms budget=1869ms
[pair 6] ply 60 clocks W60s B60s
[pair 6] ply 61 W d1e1 dt=1841ms budget=1840ms
[pair 6] ply 62 B a4a8 dt=1839ms budget=1838ms
[pair 6] ply 63 W c3b3 dt=1813ms budget=1811ms
[pair 6] ply 64 B b5b4 dt=1809ms budget=1808ms
[pair 6] ply 65 W d2e2 dt=1782ms budget=1781ms
[pair 6] ply 66 B h7h6 dt=1782ms budget=1779ms
[pair 6] ply 67 W b3b4 dt=1757ms budget=1753ms
[pair 6] ply 68 B a8d5 dt=1753ms budget=1751ms
[pair 6] ply 69 W e2e5 dt=1726ms budget=1725ms
[pair 6] ply 70 B d5d3 dt=1724ms budget=1723ms
[pair 6] ply 71 W b4c5 dt=1700ms budget=1698ms
[pair 6] ply 72 B g8h7 dt=1698ms budget=1696ms
[pair 6] ply 73 W g1h2 dt=1673ms budget=1671ms
[pair 6] ply 74 B d3d4 dt=1671ms budget=1669ms
[pair 6] ply 75 W c5c2 dt=1646ms budget=1645ms
[pair 6] ply 76 B d6g6 dt=1646ms budget=1643ms
[pair 6] ply 77 W c2f5 dt=1620ms budget=1619ms
[pair 6] ply 78 B d4d7 dt=1620ms budget=1618ms
[pair 6] ply 79 W f5d7 dt=1598ms budget=1595ms
[pair 6] ply 80 B d8d7 dt=1595ms budget=1593ms
[pair 6] ply 80 clocks W48s B48s
[pair 6] ply 81 W e5e7 dt=1571ms budget=1570ms
[pair 6] ply 82 B d7e7 dt=1571ms budget=1568ms
[pair 6] ply 83 W e1e7 dt=1547ms budget=1546ms
[pair 6] ply 84 B g6f6 dt=1546ms budget=1545ms
[pair 6] ply 85 W h2g3 dt=1525ms budget=1523ms
[pair 6] ply 86 B h7g6 dt=1522ms budget=1521ms
[pair 6] ply 87 W e7b7 dt=1504ms budget=1500ms
[pair 6] ply 88 B g6f5 dt=1501ms budget=1499ms
[pair 6] ply 89 W g3f3 dt=1481ms budget=1478ms
[pair 6] ply 90 B f5g6 dt=1478ms budget=1476ms
[pair 6] ply 91 W f3e2 dt=1458ms budget=1456ms
[pair 6] ply 92 B f6e6 dt=1459ms budget=1455ms
[pair 6] ply 93 W e2d2 dt=1436ms budget=1435ms
[pair 6] ply 94 B e6e5 dt=1436ms budget=1433ms
[pair 6] ply 95 W d2d3 dt=1415ms budget=1414ms
[pair 6] ply 96 B e5e1 dt=1415ms budget=1413ms
[pair 6] ply 97 W b7b4 dt=1397ms budget=1394ms
[pair 6] ply 98 B e1g1 dt=1394ms budget=1392ms
[pair 6] ply 99 W b4g4 dt=1376ms budget=1374ms
[pair 6] ply 100 B g6f6 dt=1374ms budget=1372ms
[pair 6] ply 100 clocks W38s B38s
[pair 6] ply 101 W d3c4 dt=1356ms budget=1354ms
[pair 6] ply 102 B g1a1 dt=1355ms budget=1353ms
[pair 6] ply 103 W c4c3 dt=1337ms budget=1335ms
[pair 6] ply 104 B a1a2 dt=1336ms budget=1334ms
[pair 6] ply 105 W g4f4 dt=1318ms budget=1317ms
[pair 6] ply 106 B f6e6 dt=1318ms budget=1315ms
[pair 6] ply 107 W c3b3 dt=1301ms budget=1299ms
[pair 6] ply 108 B a2a7 dt=1299ms budget=1297ms
[pair 6] ply 109 W b3c3 dt=1283ms budget=1281ms
[pair 6] ply 110 B e6e5 dt=1287ms budget=1279ms
[pair 6] ply 111 W f4b4 dt=1266ms budget=1263ms
[pair 6] ply 112 B a7a3 dt=1264ms budget=1262ms
[pair 6] ply 113 W c3b2 dt=1248ms budget=1246ms
[pair 6] ply 114 B a3a5 dt=1246ms budget=1245ms
[pair 6] ply 115 W b2c3 dt=1232ms budget=1230ms
[pair 6] ply 116 B a5a2 dt=1230ms budget=1228ms
[pair 6] ply 117 W b4b5 dt=1214ms budget=1213ms
[pair 6] ply 118 B e5f6 dt=1213ms budget=1212ms
[pair 6] ply 119 W b5b2 dt=1201ms budget=1198ms
[pair 6] ply 120 B a2b2 dt=1198ms budget=1196ms
[pair 6] ply 120 clocks W31s B31s
[pair 6] ply 121 W c3b2 dt=1184ms budget=1182ms
[pair 6] ply 122 B f6e5 dt=1182ms budget=1181ms
[pair 6] ply 123 W b2c3 dt=1169ms budget=1167ms
[pair 6] ply 124 B e5e4 dt=1167ms budget=1166ms
[pair 6] ply 125 W c3c4 dt=1153ms budget=1152ms
[pair 6] ply 126 B f7f5 dt=1153ms budget=1151ms
[pair 6] ply 127 W h3h4 dt=1141ms budget=1137ms
[pair 6] ply 128 B g7g6 dt=1137ms budget=1136ms
[pair 6] ply 129 W c4c3 dt=1124ms budget=1123ms
[pair 6] ply 130 B f5f4 dt=1126ms budget=1122ms
[pair 6] ply 131 W c3c2 dt=1110ms budget=1109ms
[pair 6] ply 132 B f4f3 dt=1110ms budget=1108ms
[pair 6] ply 133 W g2g3 dt=1097ms budget=1096ms
[pair 6] ply 134 B g6g5 dt=1097ms budget=1095ms
[pair 6] ply 135 W h4g5 dt=1084ms budget=1083ms
[pair 6] ply 136 B h6g5 dt=1083ms budget=1081ms
[pair 6] ply 137 W c2c3 dt=1072ms budget=1070ms
[pair 6] ply 138 B g5g4 dt=1070ms budget=1068ms
[pair 6] ply 139 W c3c2 dt=1059ms budget=1057ms
[pair 6] ply 140 B e4d4 dt=1058ms budget=1056ms
[pair 6] ply 140 clocks W25s B24s
[pair 6] ply 141 W c2d2 dt=1045ms budget=1044ms
[pair 6] ply 142 B d4c4 dt=1046ms budget=1043ms
[pair 6] ply 143 W d2c2 dt=1037ms budget=1032ms
[pair 6] ply 144 B c4b4 dt=1032ms budget=1031ms
[pair 6] ply 145 W c2b2 dt=1022ms budget=1020ms
[pair 6] ply 146 B b4a4 dt=1020ms budget=1019ms
[pair 6] ply 147 W b2a2 dt=1011ms budget=1009ms
[pair 6] ply 148 B a4b5 dt=1010ms budget=1008ms
[pair 6] ply 149 W a2b3 dt=998ms budget=997ms
[pair 6] ply 150 B b5c5 dt=999ms budget=997ms
[pair 6] ply 151 W b3c3 dt=987ms budget=986ms
[pair 6] ply 152 B c5d5 dt=987ms budget=985ms
[pair 6] ply 153 W c3d3 dt=978ms budget=976ms
[pair 6] ply 154 B d5c5 dt=976ms budget=975ms
[pair 6] ply 155 W d3e3 dt=967ms budget=965ms
[pair 6] ply 156 B c5c4 dt=969ms budget=964ms
[pair 6] ply 157 W e3e4 dt=960ms budget=955ms
[pair 6] ply 158 B c4c3 dt=957ms budget=954ms
[pair 6] ply 159 W e4e3 dt=945ms budget=944ms
[pair 6] ply 160 B c3c2 dt=945ms budget=944ms
[pair 6] ply 160 clocks W20s B20s
[pair 6] ply 161 W e3d4 dt=935ms budget=934ms
[pair 6] ply 162 B c2d2 dt=935ms budget=934ms
[pair 6] ply 163 W d4c4 dt=926ms budget=925ms
[pair 6] ply 164 B d2e2 dt=925ms budget=924ms
[pair 6] ply 165 W c4b3 dt=916ms budget=915ms
[pair 6] ply 166 B e2f2 dt=915ms budget=914ms
[pair 6] ply 167 W b3c4 dt=907ms budget=906ms
[pair 6] ply 168 B f2g3 dt=906ms budget=905ms
[pair 6] ply 169 W c4d4 dt=902ms budget=897ms
[pair 6] ply 170 B f3f2 dt=897ms budget=896ms
[pair 6] ply 171 W d4c5 dt=889ms budget=888ms
[pair 6] ply 172 B f2f1q dt=889ms budget=887ms
[pair 6] ply 173 W c5b4 dt=880ms budget=879ms
[pair 6] ply 174 B f1b1 dt=881ms budget=879ms
[pair 6] ply 175 W b4a3 dt=873ms budget=871ms
[pair 6] ply 176 B g3f4 dt=423ms budget=870ms
[pair 6] ply 177 W a3a4 dt=1ms budget=863ms
[pair 6] ply 178 B g4g3 dt=1ms budget=872ms
[pair 6] ply 179 W a4a3 dt=9ms budget=874ms
[pair 6] ply 180 B g3g2 dt=2ms budget=883ms
[pair 6] ply 180 clocks W17s B18s
[pair 6] ply 181 W a3a4 dt=1ms budget=885ms
[pair 6] ply 182 B g2g1q dt=1ms budget=894ms
[pair 6] ply 183 W a4a3 dt=1ms budget=896ms
[pair 6] ply 184 B g1a7 dt=1ms budget=905ms
[pair 6] ply 1 W b1c3 dt=4779ms budget=3166ms
[pair 6] ply 2 B b8c6 dt=4915ms budget=3166ms
[pair 6] ply 3 W g1f3 dt=3075ms budget=3071ms
[pair 6] ply 4 B g8f6 dt=3069ms budget=3068ms
[pair 6] ply 5 W d2d4 dt=3016ms budget=3014ms
[pair 6] ply 6 B d7d5 dt=3013ms budget=3011ms
[pair 6] ply 7 W f3e5 dt=2961ms budget=2958ms
[pair 6] ply 8 B d8d6 dt=2957ms budget=2955ms
[pair 6] ply 9 W e5c6 dt=2912ms budget=2903ms
[pair 6] ply 10 B b7c6 dt=2904ms budget=2901ms
[pair 6] ply 11 W e2e3 dt=2858ms budget=2850ms
[pair 6] ply 12 B e7e5 dt=2850ms budget=2847ms
[pair 6] ply 13 W f1e2 dt=2798ms budget=2797ms
[pair 6] ply 14 B c8f5 dt=2797ms budget=2795ms
[pair 6] ply 15 W g2g4 dt=2748ms budget=2746ms
[pair 6] ply 16 B f5g6 dt=2746ms budget=2744ms
[pair 6] ply 17 W d4e5 dt=2698ms budget=2696ms
[pair 6] ply 18 B d6e5 dt=2697ms budget=2694ms
[pair 6] ply 19 W f2f4 dt=2652ms budget=2647ms
[pair 6] ply 20 B e5e6 dt=2647ms budget=2645ms
[pair 6] ply 20 clocks W95s B94s
[pair 6] ply 21 W f4f5 dt=2603ms budget=2600ms
[pair 6] ply 22 B g6f5 dt=2599ms budget=2597ms
[pair 6] ply 23 W g4f5 dt=2557ms budget=2553ms
[pair 6] ply 24 B e6f5 dt=2554ms budget=2551ms
[pair 6] ply 25 W e2a6 dt=2510ms budget=2507ms
[pair 6] ply 26 B f6e4 dt=2508ms budget=2505ms
[pair 6] ply 27 W h1f1 dt=2465ms budget=2462ms
[pair 6] ply 28 B f5g6 dt=2463ms budget=2460ms
[pair 6] ply 29 W c3e4 dt=2420ms budget=2419ms
[pair 6] ply 30 B g6e4 dt=2419ms budget=2417ms
[pair 6] ply 31 W d1d4 dt=2383ms budget=2376ms
[pair 6] ply 32 B e4c2 dt=2376ms budget=2374ms
[pair 6] ply 33 W c1d2 dt=2338ms budget=2334ms
[pair 6] ply 34 B a8b8 dt=2336ms budget=2333ms
[pair 6] ply 35 W d4e5 dt=2296ms budget=2293ms
[pair 6] ply 36 B f8e7 dt=2293ms budget=2292ms
[pair 6] ply 37 W b2b3 dt=2257ms budget=2254ms
[pair 6] ply 38 B c2g6 dt=2254ms budget=2252ms
[pair 6] ply 39 W e5c7 dt=2216ms budget=2214ms
[pair 6] ply 40 B g6d6 dt=2214ms budget=2213ms
[pair 6] ply 40 clocks W75s B75s
[pair 6] ply 41 W c7a7 dt=2178ms budget=2176ms
[pair 6] ply 42 B e7h4 dt=2176ms budget=2175ms
[pair 6] ply 43 W e1d1 dt=2141ms budget=2139ms
[pair 6] ply 44 B h4f6 dt=2141ms budget=2138ms
[pair 6] ply 45 W a1c1 dt=2108ms budget=2103ms
[pair 6] ply 46 B e8g8 dt=2103ms budget=2101ms
[pair 6] ply 47 W a7c5 dt=2071ms budget=2067ms
[pair 6] ply 48 B d6c5 dt=2067ms budget=2065ms
[pair 6] ply 49 W c1c5 dt=2035ms budget=2032ms
[pair 6] ply 50 B b8b6 dt=2033ms budget=2031ms
[pair 6] ply 51 W a6d3 dt=2000ms budget=1998ms
[pair 6] ply 52 B f8a8 dt=1999ms budget=1997ms
[pair 6] ply 53 W c5c2 dt=1969ms budget=1964ms
[pair 6] ply 54 B f6e5 dt=1965ms budget=1963ms
[pair 6] ply 55 W f1f2 dt=1935ms budget=1932ms
[pair 6] ply 56 B a8a7 dt=1934ms budget=1931ms
[pair 6] ply 57 W d1e2 dt=1910ms budget=1900ms
[pair 6] ply 58 B a7a3 dt=1902ms budget=1899ms
[pair 6] ply 59 W f2f5 dt=1873ms budget=1869ms
[pair 6] ply 60 B e5d6 dt=1870ms budget=1868ms
[pair 6] ply 60 clocks W60s B60s
[pair 6] ply 61 W d2c3 dt=1839ms budget=1838ms
[pair 6] ply 62 B g7g6 dt=1839ms budget=1837ms
[pair 6] ply 63 W f5f6 dt=1810ms budget=1808ms
[pair 6] ply 64 B d6c5 dt=1810ms budget=1808ms
[pair 6] ply 65 W c3e5 dt=1782ms budget=1779ms
[pair 6] ply 66 B c5e7 dt=1780ms budget=1778ms
[pair 6] ply 67 W f6c6 dt=1753ms budget=1751ms
[pair 6] ply 68 B b6c6 dt=1752ms budget=1750ms
[pair 6] ply 69 W c2c6 dt=1725ms budget=1723ms
[pair 6] ply 70 B a3a2 dt=1724ms budget=1722ms
[pair 6] ply 71 W e2f3 dt=1698ms budget=1696ms
[pair 6] ply 72 B f7f6 dt=1700ms budget=1695ms
[pair 6] ply 73 W e5f6 dt=1671ms budget=1669ms
[pair 6] ply 74 B e7f6 dt=1671ms budget=1668ms
[pair 6] ply 75 W c6f6 dt=1645ms budget=1643ms
[pair 6] ply 76 B a2h2 dt=1644ms budget=1642ms
[pair 6] ply 77 W f6d6 dt=1620ms budget=1618ms
[pair 6] ply 78 B h2b2 dt=1619ms budget=1617ms
[pair 6] ply 79 W d6d5 dt=1594ms budget=1593ms
[pair 6] ply 80 B b2b3 dt=1595ms budget=1592ms
[pair 6] ply 80 clocks W48s B48s
[pair 6] ply 81 W d5d8 dt=1571ms budget=1568ms
[pair 6] ply 82 B g8g7 dt=1570ms budget=1568ms
[pair 6] ply 83 W d8d7 dt=1547ms budget=1545ms
[pair 6] ply 84 B g7h6 dt=1546ms budget=1544ms
[pair 6] ply 85 W e3e4 dt=1524ms budget=1521ms
[pair 6] ply 86 B b3b2 dt=1523ms budget=1521ms
[pair 6] ply 87 W e4e5 dt=1503ms budget=1499ms
[pair 6] ply 88 B b2b6 dt=1499ms budget=1498ms
[pair 6] ply 89 W d3c4 dt=1481ms budget=1476ms
[pair 6] ply 90 B b6b8 dt=1479ms budget=1476ms
[pair 6] ply 91 W e5e6 dt=1456ms budget=1454ms
[pair 6] ply 92 B b8e8 dt=1457ms budget=1454ms
[pair 6] ply 93 W d7f7 dt=1434ms budget=1433ms
[pair 6] ply 94 B h6g5 dt=1435ms budget=1433ms
[pair 6] ply 95 W e6e7 dt=1416ms budget=1412ms
[pair 6] ply 96 B h7h6 dt=1415ms budget=1412ms
[pair 6] ply 97 W c4b5 dt=1394ms budget=1392ms
[pair 6] ply 98 B e8e7 dt=1393ms budget=1392ms
[pair 6] ply 99 W f7e7 dt=1374ms budget=1372ms
[pair 6] ply 100 B g5f6 dt=1373ms budget=1372ms
[pair 6] ply 100 clocks W38s B38s
[pair 6] ply 101 W e7h7 dt=1354ms budget=1353ms
[pair 6] ply 102 B f6g5 dt=1353ms budget=1352ms
[pair 6] ply 103 W b5d3 dt=1338ms budget=1334ms
[pair 6] ply 104 B h6h5 dt=1334ms budget=1333ms
[pair 6] ply 105 W h7g7 dt=1316ms budget=1315ms
[pair 6] ply 106 B g5f6 dt=1317ms budget=1315ms
[pair 6] ply 107 W g7g6 dt=1298ms budget=1297ms
[pair 6] ply 108 B f6e5 dt=1299ms budget=1297ms
[pair 6] ply 109 W f3e3 dt=1280ms budget=1279ms
[pair 6] ply 110 B h5h4 dt=1281ms budget=1279ms
[pair 6] ply 111 W d3e4 dt=1264ms budget=1262ms
[pair 6] ply 112 B h4h3 dt=1ms budget=1262ms
[pair 6] ply 113 W g6h6 dt=1246ms budget=1245ms
[pair 6] ply 114 B h3h2 dt=1ms budget=1273ms
[pair 6] ply 115 W h6h2 dt=1231ms budget=1229ms
[pair 6] ply 116 B e5d6 dt=1286ms budget=1284ms
[pair 6] ply 117 W e3d4 dt=1214ms budget=1212ms
[pair 6] ply 118 B d6e6 dt=1267ms budget=1266ms
[pair 6] ply 119 W e4d5 dt=1198ms budget=1196ms
[pair 6] ply 120 B e6f5 dt=1251ms budget=1249ms
[pair 6] ply 120 clocks W31s B33s
[pair 6] ply 121 W h2f2 dt=1183ms budget=1181ms
[pair 6] ply 122 B f5g4 dt=31ms budget=1233ms
[pair 6] ply 123 W d4e5 dt=1167ms budget=1166ms
[pair 6] ply 124 B g4h4 dt=1ms budget=1243ms
[pair 6] ply 125 W f2g2 dt=1ms budget=1151ms
[pair 6] ply 126 B h4h5 dt=19ms budget=1254ms
[pair 6] ply 127 W g2e2 dt=16ms budget=1162ms
[pair 6] ply 128 B h5g4 dt=59ms budget=1265ms
[pair 6] ply 129 W e2h2 dt=1ms budget=1173ms
[pair 6] ply 130 B g4g3 dt=8ms budget=1275ms
[pair 6] ply 131 W h2g2 dt=1ms budget=1184ms
[pair 6] ply 132 B g3h4 dt=0ms budget=1285ms
[pair 6] ply 133 W g2e2 dt=1ms budget=1195ms
[pair 6] ply 134 B h4g4 dt=1299ms budget=1297ms
[pair 6] ply 135 W d5e4 dt=90ms budget=1206ms
[pair 6] ply 136 B g4g3 dt=17ms budget=1279ms
[pair 6] ply 137 W e2g2 dt=1ms budget=1215ms
[pair 6] ply 138 B g3h4 dt=1ms budget=1290ms
[pair 6] ply 139 W e5f4 dt=1ms budget=1226ms
[pair 6] ply 140 B h4h3 dt=0ms budget=1301ms
[pair 6] ply 140 clocks W33s B37s
[pair 6] ply 141 W g2d2 dt=1ms budget=1237ms
[pair 6] ply 142 B h3h4 dt=1ms budget=1312ms
[pair 6] ply 143 W d2h2 dt=0ms budget=1248ms
PAIR 6: g1 0-1 ply=184 flags=[] | g2 1-0 ply=143 flags=[] | cand_pts 0.0/2
