[pair 5] ply 1 W c1f4 dt=4757ms budget=3166ms
[pair 5] ply 2 B e7b4 dt=4632ms budget=3166ms
[pair 5] ply 3 W e2e3 dt=3075ms budget=3072ms
[pair 5] ply 4 B e8g8 dt=3076ms budget=3074ms
[pair 5] ply 5 W f1d3 dt=3016ms budget=3014ms
[pair 5] ply 6 B b8c6 dt=3020ms budget=3017ms
[pair 5] ply 7 W c4c5 dt=2959ms budget=2958ms
[pair 5] ply 8 B b7b6 dt=2963ms budget=2961ms
[pair 5] ply 9 W c5b6 dt=2906ms budget=2904ms
[pair 5] ply 10 B b4c3 dt=2907ms budget=2906ms
[pair 5] ply 11 W b2c3 dt=2852ms budget=2850ms
[pair 5] ply 12 B a7b6 dt=2856ms budget=2853ms
[pair 5] ply 13 W d1b3 dt=2800ms budget=2798ms
[pair 5] ply 14 B f6e4 dt=2803ms budget=2801ms
[pair 5] ply 15 W b3c2 dt=2749ms budget=2747ms
[pair 5] ply 16 B f7f5 dt=2755ms budget=2749ms
[pair 5] ply 17 W c2b3 dt=2699ms budget=2697ms
[pair 5] ply 18 B d8e7 dt=2702ms budget=2699ms
[pair 5] ply 19 W a2a3 dt=2653ms budget=2648ms
[pair 5] ply 20 B e7d7 dt=2654ms budget=2650ms
[pair 5] ply 20 clocks W95s B95s
[pair 5] ply 21 W c3c4 dt=2603ms budget=2600ms
[pair 5] ply 22 B c8a6 dt=2612ms budget=2602ms
[pair 5] ply 23 W a1b1 dt=2557ms budget=2554ms
[pair 5] ply 24 B d7e7 dt=2558ms budget=2555ms
[pair 5] ply 25 W c4d5 dt=2511ms budget=2508ms
[pair 5] ply 26 B a6d3 dt=2514ms budget=2510ms
[pair 5] ply 27 W d5d6 dt=2466ms budget=2463ms
[pair 5] ply 28 B c7d6 dt=2467ms budget=2465ms
[pair 5] ply 29 W b3d3 dt=2421ms budget=2419ms
[pair 5] ply 30 B d6d5 dt=2422ms budget=2421ms
[pair 5] ply 31 W d3b5 dt=2384ms budget=2377ms
[pair 5] ply 32 B f8c8 dt=2380ms budget=2379ms
[pair 5] ply 33 W b5b6 dt=2338ms budget=2335ms
[pair 5] ply 34 B g7g5 dt=2340ms budget=2337ms
[pair 5] ply 35 W f4e5 dt=2298ms budget=2294ms
[pair 5] ply 36 B g5g4 dt=2298ms budget=2296ms
[pair 5] ply 37 W f3d2 dt=2256ms budget=2254ms
[pair 5] ply 38 B c6e5 dt=2258ms budget=2256ms
[pair 5] ply 39 W d4e5 dt=2218ms budget=2215ms
[pair 5] ply 40 B a8a3 dt=2219ms budget=2217ms
[pair 5] ply 40 clocks W75s B76s
[pair 5] ply 41 W d2b3 dt=2179ms budget=2177ms
[pair 5] ply 42 B a3a8 dt=2182ms budget=2179ms
[pair 5] ply 43 W b3d4 dt=2141ms budget=2140ms
[pair 5] ply 44 B g8f7 dt=2143ms budget=2141ms
[pair 5] ply 45 W e1g1 dt=2106ms budget=2103ms
[pair 5] ply 46 B e4d2 dt=2108ms budget=2105ms
[pair 5] ply 47 W d4b5 dt=2070ms budget=2067ms
[pair 5] ply 48 B c8d8 dt=2071ms budget=2069ms
[pair 5] ply 49 W b5d4 dt=2034ms budget=2033ms
[pair 5] ply 50 B e7e8 dt=2036ms budget=2034ms
[pair 5] ply 51 W d4c6 dt=1999ms budget=1998ms
[pair 5] ply 52 B d8d7 dt=2002ms budget=2000ms
[pair 5] ply 53 W c6b8 dt=1967ms budget=1965ms
[pair 5] ply 54 B d7a7 dt=1970ms budget=1967ms
[pair 5] ply 55 W b8c6 dt=1934ms budget=1933ms
[pair 5] ply 56 B d2c4 dt=1936ms budget=1934ms
[pair 5] ply 57 W b6a7 dt=1904ms budget=1901ms
[pair 5] ply 58 B a8a7 dt=1904ms budget=1902ms
[pair 5] ply 59 W c6a7 dt=1871ms budget=1869ms
[pair 5] ply 60 B c4e5 dt=1873ms budget=1871ms
[pair 5] ply 60 clocks W60s B60s
[pair 5] ply 61 W a7b5 dt=1841ms budget=1839ms
[pair 5] ply 62 B e5c4 dt=1842ms budget=1840ms
[pair 5] ply 63 W b5c3 dt=1810ms budget=1809ms
[pair 5] ply 64 B f7f6 dt=1813ms budget=1811ms
[pair 5] ply 65 W f1c1 dt=1783ms budget=1780ms
[pair 5] ply 66 B e8d7 dt=1783ms budget=1781ms
[pair 5] ply 67 W b1b5 dt=1754ms budget=1752ms
[pair 5] ply 68 B d7d6 dt=1755ms budget=1753ms
[pair 5] ply 69 W c3e2 dt=1726ms budget=1724ms
[pair 5] ply 70 B d6a3 dt=1727ms budget=1725ms
[pair 5] ply 71 W b5b7 dt=1698ms budget=1696ms
[pair 5] ply 72 B h7h5 dt=1701ms budget=1698ms
[pair 5] ply 73 W b7h7 dt=1672ms budget=1670ms
[pair 5] ply 74 B a3b2 dt=1674ms budget=1671ms
[pair 5] ply 75 W c1e1 dt=1646ms budget=1644ms
[pair 5] ply 76 B b2d2 dt=1646ms budget=1645ms
[pair 5] ply 77 W g1f1 dt=1620ms budget=1618ms
[pair 5] ply 78 B f6g6 dt=1620ms budget=1619ms
[pair 5] ply 79 W h7h8 dt=1594ms budget=1593ms
[pair 5] ply 80 B d2d3 dt=1596ms budget=1595ms
[pair 5] ply 80 clocks W48s B48s
[pair 5] ply 81 W f1g1 dt=1570ms budget=1569ms
[pair 5] ply 82 B d3d2 dt=1571ms budget=1570ms
[pair 5] ply 83 W g1f1 dt=1547ms budget=1545ms
[pair 5] ply 84 B e6e5 dt=1548ms budget=1546ms
[pair 5] ply 85 W e2g3 dt=1524ms budget=1522ms
[pair 5] ply 86 B d2b4 dt=1525ms budget=1523ms
[pair 5] ply 87 W h8g8 dt=1501ms budget=1499ms
[pair 5] ply 88 B g6f7 dt=1503ms budget=1500ms
[pair 5] ply 89 W g8g5 dt=1484ms budget=1477ms
[pair 5] ply 90 B c4d2 dt=1479ms budget=1478ms
[pair 5] ply 91 W f1g1 dt=1456ms budget=1455ms
[pair 5] ply 92 B h5h4 dt=1458ms budget=1456ms
[pair 5] ply 93 W g5f5 dt=1436ms budget=1434ms
[pair 5] ply 94 B f7e6 dt=1436ms budget=1435ms
[pair 5] ply 95 W e1a1 dt=1415ms budget=1413ms
[pair 5] ply 96 B h4g3 dt=1416ms budget=1414ms
[pair 5] ply 97 W f5h5 dt=1394ms budget=1393ms
[pair 5] ply 98 B b4b2 dt=1396ms budget=1394ms
[pair 5] ply 99 W a1a6 dt=1374ms budget=1373ms
[pair 5] ply 100 B e6f7 dt=1376ms budget=1374ms
[pair 5] ply 100 clocks W38s B38s
[pair 5] ply 101 W h5f5 dt=1356ms budget=1354ms
[pair 5] ply 102 B f7e7 dt=1356ms budget=1354ms
[pair 5] ply 103 W f5e5 dt=1338ms budget=1334ms
[pair 5] ply 104 B b2e5 dt=1336ms budget=1335ms
[pair 5] ply 105 W h2g3 dt=1323ms budget=1316ms
[pair 5] ply 106 B e5c3 dt=1319ms budget=1317ms
[pair 5] ply 107 W a6a8 dt=1299ms budget=1298ms
[pair 5] ply 108 B d2e4 dt=1301ms budget=1299ms
[pair 5] ply 109 W a8a7 dt=1282ms budget=1280ms
[pair 5] ply 110 B e7d6 dt=1282ms budget=1281ms
[pair 5] ply 111 W g1h2 dt=1263ms budget=1262ms
[pair 5] ply 112 B e4f2 dt=1265ms budget=1263ms
[pair 5] ply 113 W a7a2 dt=1246ms budget=1245ms
[pair 5] ply 114 B c3e1 dt=1248ms budget=1246ms
[pair 5] ply 115 W a2f2 dt=1234ms budget=1229ms
[pair 5] ply 116 B e1f2 dt=1232ms budget=1230ms
[pair 5] ply 117 W h2h1 dt=830ms budget=1213ms
[pair 5] ply 118 B f2f7 dt=906ms budget=1214ms
[pair 5] ply 119 W e3e4 dt=377ms budget=1205ms
[pair 5] ply 120 B d5e4 dt=18ms budget=1205ms
[pair 5] ply 120 clocks W32s B32s
[pair 5] ply 121 W h1g1 dt=3ms budget=1208ms
[pair 5] ply 122 B e4e3 dt=1ms budget=1215ms
[pair 5] ply 123 W g1h1 dt=0ms budget=1219ms
[pair 5] ply 124 B f7f2 dt=1ms budget=1226ms
[pair 5] ply 125 W h1h2 dt=0ms budget=1230ms
[pair 5] ply 126 B e3e2 dt=1ms budget=1237ms
[pair 5] ply 127 W h2h1 dt=0ms budget=1241ms
[pair 5] ply 128 B e2e1q dt=1ms budget=1249ms
[pair 5] ply 129 W h1h2 dt=0ms budget=1252ms
[pair 5] ply 130 B f2g3 dt=0ms budget=1260ms
[pair 5] ply 1 W e2e4 dt=4908ms budget=3166ms
[pair 5] ply 2 B d7d5 dt=4835ms budget=3166ms
[pair 5] ply 3 W e4d5 dt=3071ms budget=3068ms
[pair 5] ply 4 B g8f6 dt=3072ms budget=3070ms
[pair 5] ply 5 W b1c3 dt=3013ms budget=3011ms
[pair 5] ply 6 B f6d5 dt=3014ms budget=3013ms
[pair 5] ply 7 W f1b5 dt=2957ms budget=2955ms
[pair 5] ply 8 B b8c6 dt=2958ms budget=2957ms
[pair 5] ply 9 W b5c6 dt=2903ms budget=2901ms
[pair 5] ply 10 B b7c6 dt=2904ms budget=2902ms
[pair 5] ply 11 W g1f3 dt=2850ms budget=2847ms
[pair 5] ply 12 B c8g4 dt=2851ms budget=2849ms
[pair 5] ply 13 W d2d4 dt=2797ms budget=2795ms
[pair 5] ply 14 B e7e6 dt=2799ms budget=2797ms
[pair 5] ply 15 W e1f1 dt=2746ms budget=2744ms
[pair 5] ply 16 B d5c3 dt=2747ms budget=2745ms
[pair 5] ply 17 W b2c3 dt=2696ms budget=2694ms
[pair 5] ply 18 B d8d5 dt=2700ms budget=2695ms
[pair 5] ply 19 W d1d3 dt=2646ms budget=2645ms
[pair 5] ply 20 B g4f3 dt=2648ms budget=2647ms
[pair 5] ply 20 clocks W94s B94s
[pair 5] ply 21 W g2f3 dt=2599ms budget=2598ms
[pair 5] ply 22 B f8d6 dt=2602ms budget=2599ms
[pair 5] ply 23 W c3c4 dt=2557ms budget=2551ms
[pair 5] ply 24 B d5f5 dt=2554ms budget=2552ms
[pair 5] ply 25 W d3f5 dt=2507ms budget=2505ms
[pair 5] ply 26 B e6f5 dt=2510ms budget=2506ms
[pair 5] ply 27 W h1g1 dt=2463ms budget=2461ms
[pair 5] ply 28 B d6e7 dt=2465ms budget=2462ms
[pair 5] ply 29 W c1g5 dt=2419ms budget=2417ms
[pair 5] ply 30 B e7b4 dt=2420ms budget=2418ms
[pair 5] ply 31 W g5f4 dt=2376ms budget=2374ms
[pair 5] ply 32 B b4c3 dt=2377ms budget=2376ms
[pair 5] ply 33 W a1d1 dt=2336ms budget=2333ms
[pair 5] ply 34 B a8d8 dt=2336ms budget=2334ms
[pair 5] ply 35 W g1g7 dt=2293ms budget=2292ms
[pair 5] ply 36 B d8d4 dt=2294ms budget=2293ms
[pair 5] ply 37 W d1d4 dt=2254ms budget=2252ms
[pair 5] ply 38 B c3d4 dt=2255ms budget=2253ms
[pair 5] ply 39 W g7g5 dt=2218ms budget=2213ms
[pair 5] ply 40 B e8d7 dt=2217ms budget=2214ms
[pair 5] ply 40 clocks W75s B75s
[pair 5] ply 41 W g5f5 dt=2177ms budget=2175ms
[pair 5] ply 42 B d7e6 dt=2179ms budget=2176ms
[pair 5] ply 43 W f5a5 dt=2140ms budget=2138ms
[pair 5] ply 44 B e6d7 dt=2143ms budget=2139ms
[pair 5] ply 45 W f1e2 dt=2108ms budget=2101ms
[pair 5] ply 46 B h8g8 dt=2103ms budget=2102ms
[pair 5] ply 47 W f4e3 dt=2069ms budget=2065ms
[pair 5] ply 48 B d4e3 dt=2069ms budget=2067ms
[pair 5] ply 49 W e2e3 dt=2035ms budget=2031ms
[pair 5] ply 50 B g8g6 dt=2035ms budget=2032ms
[pair 5] ply 51 W a5h5 dt=1997ms budget=1996ms
[pair 5] ply 52 B g6e6 dt=1999ms budget=1998ms
[pair 5] ply 53 W e3d2 dt=1965ms budget=1963ms
[pair 5] ply 54 B e6f6 dt=1968ms budget=1964ms
[pair 5] ply 55 W d2e2 dt=1934ms budget=1931ms
[pair 5] ply 56 B f6e6 dt=1933ms budget=1932ms
[pair 5] ply 57 W e2d3 dt=1900ms budget=1899ms
[pair 5] ply 58 B e6f6 dt=1901ms budget=1900ms
[pair 5] ply 59 W d3e4 dt=1870ms budget=1868ms
[pair 5] ply 60 B f6e6 dt=1873ms budget=1869ms
[pair 5] ply 60 clocks W60s B60s
[pair 5] ply 61 W e4d4 dt=1839ms budget=1837ms
[pair 5] ply 62 B e6d6 dt=1840ms budget=1838ms
[pair 5] ply 63 W d4c5 dt=1809ms budget=1807ms
[pair 5] ply 64 B d6f6 dt=1810ms budget=1808ms
[pair 5] ply 65 W h5h3 dt=1780ms budget=1778ms
[pair 5] ply 66 B h7h5 dt=1780ms budget=1779ms
[pair 5] ply 67 W a2a3 dt=1752ms budget=1750ms
[pair 5] ply 68 B f6f5 dt=1753ms budget=1751ms
[pair 5] ply 69 W c5b4 dt=1725ms budget=1722ms
[pair 5] ply 70 B c6c5 dt=1725ms budget=1723ms
[pair 5] ply 71 W b4b3 dt=1698ms budget=1695ms
[pair 5] ply 72 B h5h4 dt=1697ms budget=1696ms
[pair 5] ply 73 W a3a4 dt=1674ms budget=1668ms
[pair 5] ply 74 B f5f4 dt=1671ms budget=1669ms
[pair 5] ply 75 W b3c3 dt=1643ms budget=1642ms
[pair 5] ply 76 B d7c6 dt=1647ms budget=1643ms
[pair 5] ply 77 W c3b3 dt=1618ms budget=1617ms
[pair 5] ply 78 B c6b6 dt=1619ms budget=1618ms
[pair 5] ply 79 W b3c3 dt=1593ms budget=1592ms
[pair 5] ply 80 B f4d4 dt=1594ms budget=1593ms
[pair 5] ply 80 clocks W48s B48s
[pair 5] ply 81 W f3f4 dt=1571ms budget=1568ms
[pair 5] ply 82 B d4f4 dt=1570ms budget=1568ms
[pair 5] ply 83 W c3b2 dt=1546ms budget=1544ms
[pair 5] ply 84 B f4c4 dt=1546ms budget=1545ms
[pair 5] ply 85 W h3f3 dt=1523ms budget=1521ms
[pair 5] ply 86 B c4a4 dt=1523ms budget=1521ms
[pair 5] ply 87 W f3f7 dt=1500ms budget=1498ms
[pair 5] ply 88 B b6c6 dt=1501ms budget=1499ms
[pair 5] ply 89 W b2c3 dt=1482ms budget=1476ms
[pair 5] ply 90 B a4a3 dt=1479ms budget=1476ms
[pair 5] ply 91 W c3c4 dt=1456ms budget=1454ms
[pair 5] ply 92 B a3h3 dt=1458ms budget=1455ms
[pair 5] ply 93 W f7f6 dt=1436ms budget=1433ms
[pair 5] ply 94 B c6b7 dt=1442ms budget=1433ms
[pair 5] ply 95 W c4c5 dt=1414ms budget=1412ms
[pair 5] ply 96 B h3h2 dt=1414ms budget=1412ms
[pair 5] ply 97 W c2c4 dt=1392ms budget=1391ms
[pair 5] ply 98 B h4h3 dt=1393ms budget=1392ms
[pair 5] ply 99 W f6f3 dt=1375ms budget=1372ms
[pair 5] ply 100 B h2h1 dt=1374ms budget=1372ms
[pair 5] ply 100 clocks W38s B38s
[pair 5] ply 101 W f3b3 dt=1353ms budget=1352ms
[pair 5] ply 102 B b7c8 dt=1360ms budget=1353ms
[pair 5] ply 103 W c5c6 dt=1338ms budget=1333ms
[pair 5] ply 104 B h3h2 dt=1341ms budget=1334ms
[pair 5] ply 105 W b3h3 dt=1318ms budget=1315ms
[pair 5] ply 106 B c8d8 dt=1323ms budget=1315ms
[pair 5] ply 107 W h3h7 dt=1300ms budget=1296ms
[pair 5] ply 108 B a7a5 dt=1301ms budget=1297ms
[pair 5] ply 109 W f2f4 dt=1281ms budget=1279ms
[pair 5] ply 110 B d8e8 dt=1281ms budget=1279ms
[pair 5] ply 111 W c6c7 dt=1265ms budget=1261ms
[pair 5] ply 112 B a5a4 dt=1264ms budget=1262ms
[pair 5] ply 113 W h7h5 dt=1247ms budget=1244ms
[pair 5] ply 114 B e8e7 dt=1247ms budget=1245ms
[pair 5] ply 115 W h5e5 dt=1229ms budget=1228ms
[pair 5] ply 116 B e7f6 dt=1229ms budget=1228ms
[pair 5] ply 117 W e5e2 dt=1212ms budget=1211ms
[pair 5] ply 118 B f6f5 dt=1217ms budget=1212ms
[pair 5] ply 119 W c4c5 dt=1198ms budget=1196ms
[pair 5] ply 120 B f5f4 dt=1199ms budget=1196ms
[pair 5] ply 120 clocks W31s B31s
[pair 5] ply 121 W e2a2 dt=1181ms budget=1180ms
[pair 5] ply 122 B f4e4 dt=1185ms budget=1180ms
[pair 5] ply 123 W c5c6 dt=1167ms budget=1165ms
[pair 5] ply 124 B e4e5 dt=1166ms budget=1165ms
[pair 5] ply 125 W a2c2 dt=1152ms budget=1150ms
[pair 5] ply 126 B a4a3 dt=1151ms budget=1150ms
[pair 5] ply 127 W c7c8 dt=1138ms budget=1136ms
[pair 5] ply 128 B e5d4 dt=1138ms budget=1136ms
[pair 5] ply 129 W c6c7 dt=1125ms budget=1121ms
[pair 5] ply 130 B d4e4 dt=1124ms budget=1122ms
[pair 5] ply 131 W c2a2 dt=1110ms budget=1108ms
[pair 5] ply 132 B e4f4 dt=1110ms budget=1108ms
[pair 5] ply 133 W a2c2 dt=1096ms budget=1094ms
[pair 5] ply 134 B f4g3 dt=1095ms budget=1094ms
[pair 5] ply 135 W c2c3 dt=1082ms budget=1081ms
[pair 5] ply 136 B g3f2 dt=1082ms budget=1081ms
[pair 5] ply 137 W c3c2 dt=1070ms budget=1068ms
[pair 5] ply 138 B f2e3 dt=1069ms budget=1068ms
[pair 5] ply 139 W c2a2 dt=1056ms budget=1055ms
[pair 5] ply 140 B e3e4 dt=1056ms budget=1055ms
[pair 5] ply 140 clocks W24s B24s
[pair 5] ply 141 W a2d2 dt=1046ms budget=1043ms
[pair 5] ply 142 B a3a2 dt=1047ms budget=1043ms
[pair 5] ply 143 W d2a2 dt=1032ms budget=1031ms
[pair 5] ply 144 B e4e3 dt=1033ms budget=1031ms
[pair 5] ply 145 W a2b2 dt=1023ms budget=1019ms
[pair 5] ply 146 B h1g1 dt=1022ms budget=1019ms
[pair 5] ply 147 W b2h2 dt=1010ms budget=1007ms
[pair 5] ply 148 B g1a1 dt=1009ms budget=1007ms
[pair 5] ply 149 W h2b2 dt=997ms budget=996ms
[pair 5] ply 150 B a1c1 dt=1003ms budget=996ms
[pair 5] ply 151 W b2b8 dt=987ms budget=985ms
[pair 5] ply 152 B c1d1 dt=987ms budget=985ms
[pair 5] ply 153 W c8b7 dt=978ms budget=974ms
[pair 5] ply 154 B d1c1 dt=975ms budget=974ms
[pair 5] ply 155 W c7c8q dt=965ms budget=963ms
[pair 5] ply 156 B c1c8 dt=966ms budget=964ms
[pair 5] ply 157 W b8c8 dt=955ms budget=953ms
[pair 5] ply 158 B e3d4 dt=958ms budget=953ms
[pair 5] ply 159 W b7a6 dt=945ms budget=943ms
[pair 5] ply 160 B d4d5 dt=945ms budget=943ms
[pair 5] ply 160 clocks W20s B20s
[pair 5] ply 161 W c8a8 dt=934ms budget=933ms
[pair 5] ply 162 B d5e6 dt=935ms budget=933ms
[pair 5] ply 163 W a6a5 dt=925ms budget=923ms
[pair 5] ply 164 B e6e5 dt=925ms budget=924ms
[pair 5] ply 165 W a5a4 dt=916ms budget=914ms
[pair 5] ply 166 B e5d5 dt=915ms budget=914ms
[pair 5] ply 167 W a4b3 dt=907ms budget=905ms
[pair 5] ply 168 B d5c6 dt=907ms budget=905ms
[pair 5] ply 169 W b3a2 dt=897ms budget=896ms
[pair 5] ply 170 B c6b7 dt=897ms budget=896ms
[pair 5] ply 171 W a8a5 dt=888ms budget=887ms
[pair 5] ply 172 B b7b6 dt=889ms budget=887ms
[pair 5] ply 173 W a5a4 dt=879ms budget=878ms
[pair 5] ply 174 B b6b7 dt=880ms budget=878ms
[pair 5] ply 175 W a4c4 dt=871ms budget=870ms
[pair 5] ply 176 B b7b8 dt=872ms budget=870ms
[pair 5] ply 177 W a2b2 dt=863ms budget=862ms
[pair 5] ply 178 B b8b7 dt=50ms budget=862ms
[pair 5] ply 179 W b2b1 dt=855ms budget=854ms
[pair 5] ply 180 B b7a6 dt=314ms budget=872ms
[pair 5] ply 180 clocks W16s B17s
[pair 5] ply 181 W c4b4 dt=847ms budget=846ms
[pair 5] ply 182 B a6a5 dt=877ms budget=876ms
[pair 5] ply 183 W b4b2 dt=516ms budget=838ms
[pair 5] ply 184 B a5a6 dt=71ms budget=867ms
[pair 5] ply 185 W b1a2 dt=1ms budget=838ms
[pair 5] ply 186 B a6a7 dt=4ms budget=877ms
[pair 5] ply 187 W a2a3 dt=1ms budget=849ms
[pair 5] ply 188 B a7a8 dt=1ms budget=888ms
[pair 5] ply 189 W b2b3 dt=1ms budget=860ms
[pair 5] ply 190 B a8a7 dt=0ms budget=899ms
[pair 5] ply 191 W a3a4 dt=0ms budget=871ms
[pair 5] ply 192 B a7a8 dt=0ms budget=910ms
[pair 5] ply 193 W b3c3 dt=0ms budget=882ms
[pair 5] ply 194 B a8b8 dt=1ms budget=921ms
[pair 5] ply 195 W c3c4 dt=0ms budget=893ms
[pair 5] ply 196 B b8a8 dt=2ms budget=932ms
[pair 5] ply 197 W a4a5 dt=0ms budget=904ms
[pair 5] ply 198 B a8a7 dt=1ms budget=943ms
[pair 5] ply 199 W c4c5 dt=0ms budget=915ms
[pair 5] ply 200 B a7b7 dt=1ms budget=955ms
[pair 5] ply 200 clocks W19s B21s
[pair 5] ply 201 W a5b5 dt=0ms budget=926ms
[pair 5] ply 202 B b7b8 dt=0ms budget=966ms
[pair 5] ply 203 W b5a6 dt=0ms budget=937ms
[pair 5] ply 204 B b8a8 dt=0ms budget=977ms
[pair 5] ply 205 W c5c8 dt=0ms budget=949ms
PAIR 5: g1 0-1 ply=130 flags=[] | g2 1-0 ply=205 flags=[] | cand_pts 2.0/2
