[pair 9] ply 1 W d1b3 dt=4918ms budget=3166ms
[pair 9] ply 2 B a7a5 dt=4991ms budget=3166ms
[pair 9] ply 3 W a2a3 dt=3070ms budget=3068ms
[pair 9] ply 4 B b4c3 dt=3067ms budget=3066ms
[pair 9] ply 5 W b3c3 dt=3013ms budget=3011ms
[pair 9] ply 6 B d7d6 dt=3011ms budget=3009ms
[pair 9] ply 7 W d2d3 dt=2957ms budget=2955ms
[pair 9] ply 8 B b8c6 dt=2957ms budget=2954ms
[pair 9] ply 9 W g2c6 dt=2902ms budget=2900ms
[pair 9] ply 10 B b7c6 dt=2901ms budget=2899ms
[pair 9] ply 11 W g1f3 dt=2849ms budget=2847ms
[pair 9] ply 12 B c8h3 dt=2847ms budget=2846ms
[pair 9] ply 13 W h1g1 dt=2796ms budget=2795ms
[pair 9] ply 14 B h3g4 dt=2795ms budget=2793ms
[pair 9] ply 15 W c1e3 dt=2745ms budget=2744ms
[pair 9] ply 16 B c6c5 dt=2744ms budget=2742ms
[pair 9] ply 17 W g1h1 dt=2698ms budget=2694ms
[pair 9] ply 18 B d8c8 dt=2695ms budget=2693ms
[pair 9] ply 19 W e1f1 dt=2647ms budget=2645ms
[pair 9] ply 20 B c8f5 dt=2646ms budget=2644ms
[pair 9] ply 20 clocks W94s B94s
[pair 9] ply 21 W f1g2 dt=2601ms budget=2597ms
[pair 9] ply 22 B g4h3 dt=2597ms budget=2596ms
[pair 9] ply 23 W g2g1 dt=1ms budget=2551ms
[pair 9] ply 24 B a5a4 dt=2551ms budget=2549ms
[pair 9] ply 25 W a1d1 dt=2567ms budget=2562ms
[pair 9] ply 26 B f8b8 dt=2505ms budget=2504ms
[pair 9] ply 27 W f3h4 dt=2518ms budget=2516ms
[pair 9] ply 28 B f5c8 dt=2461ms budget=2459ms
[pair 9] ply 29 W h4f3 dt=2472ms budget=2471ms
[pair 9] ply 30 B b8b3 dt=2417ms budget=2416ms
[pair 9] ply 31 W c3c2 dt=2430ms budget=2427ms
[pair 9] ply 32 B a8b8 dt=2377ms budget=2373ms
[pair 9] ply 33 W e3c1 dt=2385ms budget=2384ms
[pair 9] ply 34 B h3g4 dt=2334ms budget=2331ms
[pair 9] ply 35 W g1g2 dt=2344ms budget=2342ms
[pair 9] ply 36 B g4h5 dt=2292ms budget=2291ms
[pair 9] ply 37 W h1e1 dt=2304ms budget=2301ms
[pair 9] ply 38 B b8a8 dt=2253ms budget=2251ms
[pair 9] ply 39 W h2h3 dt=2265ms budget=2261ms
[pair 9] ply 40 B b3b7 dt=2215ms budget=2212ms
[pair 9] ply 40 clocks W78s B75s
[pair 9] ply 41 W g3g4 dt=2225ms budget=2222ms
[pair 9] ply 42 B f6g4 dt=2175ms budget=2174ms
[pair 9] ply 43 W h3g4 dt=2186ms budget=2184ms
[pair 9] ply 44 B c8g4 dt=2139ms budget=2137ms
[pair 9] ply 45 W g2h1 dt=2148ms budget=2146ms
[pair 9] ply 46 B g4f5 dt=2102ms budget=2100ms
[pair 9] ply 47 W h1g2 dt=2112ms budget=2110ms
[pair 9] ply 48 B f5g4 dt=2066ms budget=2065ms
[pair 9] ply 49 W g2h2 dt=2076ms budget=2074ms
[pair 9] ply 50 B g4f5 dt=2034ms budget=2030ms
[pair 9] ply 51 W h2g3 dt=2044ms budget=2039ms
[pair 9] ply 52 B f5g4 dt=1999ms budget=1996ms
[pair 9] ply 53 W g3h2 dt=1ms budget=2005ms
[pair 9] ply 54 B g4f5 dt=1965ms budget=1962ms
[pair 9] ply 55 W c1e3 dt=2019ms budget=2016ms
[pair 9] ply 56 B h5f3 dt=1932ms budget=1930ms
[pair 9] ply 57 W e2f3 dt=1983ms budget=1982ms
[pair 9] ply 58 B f5f3 dt=1901ms budget=1898ms
[pair 9] ply 59 W c2e2 dt=1950ms budget=1949ms
[pair 9] ply 60 B f3f6 dt=1869ms budget=1867ms
[pair 9] ply 60 clocks W64s B60s
[pair 9] ply 61 W d1d2 dt=1921ms budget=1917ms
[pair 9] ply 62 B f6f5 dt=1841ms budget=1836ms
[pair 9] ply 63 W h2g3 dt=1887ms budget=1885ms
[pair 9] ply 64 B h7h5 dt=1809ms budget=1807ms
[pair 9] ply 65 W e2f3 dt=1858ms budget=1854ms
[pair 9] ply 66 B h5h4 dt=1780ms budget=1778ms
[pair 9] ply 67 W g3g2 dt=1826ms budget=1824ms
[pair 9] ply 68 B f5f3 dt=1754ms budget=1749ms
[pair 9] ply 69 W g2f3 dt=1798ms budget=1795ms
[pair 9] ply 70 B a8b8 dt=1723ms budget=1721ms
[pair 9] ply 71 W e1b1 dt=1770ms budget=1766ms
[pair 9] ply 72 B f7f5 dt=1695ms budget=1694ms
[pair 9] ply 73 W e3g5 dt=1739ms budget=1738ms
[pair 9] ply 74 B h4h3 dt=1673ms budget=1668ms
[pair 9] ply 75 W f3g3 dt=1713ms budget=1710ms
[pair 9] ply 76 B g8f7 dt=1644ms budget=1641ms
[pair 9] ply 77 W g3h3 dt=1685ms budget=1683ms
[pair 9] ply 78 B b7b3 dt=1623ms budget=1616ms
[pair 9] ply 79 W h3g2 dt=1658ms budget=1657ms
[pair 9] ply 80 B f7e6 dt=1593ms budget=1591ms
[pair 9] ply 80 clocks W51s B48s
[pair 9] ply 81 W f2f4 dt=1634ms budget=1631ms
[pair 9] ply 82 B b3a3 dt=1569ms budget=1567ms
[pair 9] ply 83 W b1e1 dt=1608ms budget=1606ms
[pair 9] ply 84 B a3b3 dt=1544ms budget=1543ms
[pair 9] ply 85 W e1e2 dt=1584ms budget=1581ms
[pair 9] ply 86 B b8b7 dt=1522ms budget=1520ms
[pair 9] ply 87 W g2f2 dt=1559ms budget=1557ms
[pair 9] ply 88 B b3b4 dt=1498ms budget=1497ms
[pair 9] ply 89 W f4e5 dt=1538ms budget=1534ms
[pair 9] ply 90 B d6e5 dt=1477ms budget=1475ms
[pair 9] ply 91 W g5f4 dt=1513ms budget=1511ms
[pair 9] ply 92 B e5e4 dt=1455ms budget=1453ms
[pair 9] ply 93 W d3e4 dt=1490ms budget=1488ms
[pair 9] ply 94 B b4c4 dt=1434ms budget=1432ms
[pair 9] ply 95 W e4f5 dt=1468ms budget=1466ms
[pair 9] ply 96 B e6f5 dt=1413ms budget=1411ms
[pair 9] ply 97 W f4e5 dt=1446ms budget=1445ms
[pair 9] ply 98 B c7c6 dt=1394ms budget=1391ms
[pair 9] ply 99 W d2d8 dt=1425ms budget=1423ms
[pair 9] ply 100 B b7f7 dt=1372ms budget=1371ms
[pair 9] ply 100 clocks W41s B38s
[pair 9] ply 101 W d8d3 dt=1405ms budget=1403ms
[pair 9] ply 102 B g7g5 dt=1353ms budget=1352ms
[pair 9] ply 103 W d3f3 dt=1384ms budget=1383ms
[pair 9] ply 104 B f5g6 dt=1335ms budget=1333ms
[pair 9] ply 105 W f3f7 dt=1364ms budget=1363ms
[pair 9] ply 106 B g6f7 dt=1315ms budget=1314ms
[pair 9] ply 107 W e5d6 dt=1346ms budget=1344ms
[pair 9] ply 108 B c4c1 dt=1300ms budget=1296ms
[pair 9] ply 109 W f2e3 dt=1328ms budget=1325ms
[pair 9] ply 110 B c1c4 dt=1280ms budget=1278ms
[pair 9] ply 111 W e3f3 dt=1308ms budget=1307ms
[pair 9] ply 112 B f7f6 dt=1263ms budget=1261ms
[pair 9] ply 113 W e2e4 dt=1291ms budget=1289ms
[pair 9] ply 114 B c4e4 dt=1246ms budget=1244ms
[pair 9] ply 115 W f3e4 dt=1274ms budget=1271ms
[pair 9] ply 116 B c5c4 dt=1229ms budget=1227ms
[pair 9] ply 117 W e4d4 dt=1255ms budget=1254ms
[pair 9] ply 118 B c4c3 dt=1213ms budget=1211ms
[pair 9] ply 119 W d4c3 dt=1239ms budget=1237ms
[pair 9] ply 120 B f6e6 dt=1198ms budget=1195ms
[pair 9] ply 120 clocks W32s B31s
[pair 9] ply 121 W d6g3 dt=1222ms budget=1221ms
[pair 9] ply 122 B e6d5 dt=1181ms budget=1180ms
[pair 9] ply 123 W c3b4 dt=1206ms budget=1205ms
[pair 9] ply 124 B d5d4 dt=1166ms budget=1165ms
[pair 9] ply 125 W b4a4 dt=1191ms budget=1189ms
[pair 9] ply 126 B d4c4 dt=1151ms budget=1150ms
[pair 9] ply 127 W g3e1 dt=1175ms budget=1174ms
[pair 9] ply 128 B c4d4 dt=1136ms budget=1135ms
[pair 9] ply 129 W a4b4 dt=1160ms budget=1159ms
[pair 9] ply 130 B d4d5 dt=1122ms budget=1121ms
[pair 9] ply 131 W e1f2 dt=1145ms budget=1144ms
[pair 9] ply 132 B g5g4 dt=1110ms budget=1108ms
[pair 9] ply 133 W b2b3 dt=1134ms budget=1130ms
[pair 9] ply 134 B d5e4 dt=1096ms budget=1094ms
[pair 9] ply 135 W b4c5 dt=1119ms budget=1116ms
[pair 9] ply 136 B e4f3 dt=1084ms budget=1081ms
[pair 9] ply 137 W f2d4 dt=1105ms budget=1102ms
[pair 9] ply 138 B f3e4 dt=1070ms budget=1068ms
[pair 9] ply 139 W d4g1 dt=1090ms budget=1088ms
[pair 9] ply 140 B e4d3 dt=1058ms budget=1055ms
[pair 9] ply 140 clocks W26s B24s
[pair 9] ply 141 W b3b4 dt=1076ms budget=1075ms
[pair 9] ply 142 B d3c3 dt=1044ms budget=1043ms
[pair 9] ply 143 W g1h2 dt=1063ms budget=1062ms
[pair 9] ply 144 B c3b3 dt=1032ms budget=1031ms
[pair 9] ply 145 W h2d6 dt=1054ms budget=1050ms
[pair 9] ply 146 B b3a4 dt=1023ms budget=1019ms
[pair 9] ply 147 W c5c6 dt=1039ms budget=1038ms
[pair 9] ply 148 B g4g3 dt=1009ms budget=1007ms
[pair 9] ply 149 W b4b5 dt=1028ms budget=1026ms
[pair 9] ply 150 B g3g2 dt=997ms budget=996ms
[pair 9] ply 151 W d6c5 dt=1018ms budget=1014ms
[pair 9] ply 152 B g2g1q dt=987ms budget=985ms
[pair 9] ply 153 W c5g1 dt=1004ms budget=1002ms
[pair 9] ply 154 B a4a3 dt=975ms budget=974ms
[pair 9] ply 155 W c6d5 dt=992ms budget=991ms
[pair 9] ply 156 B a3a2 dt=965ms budget=963ms
[pair 9] ply 157 W b5b6 dt=981ms budget=980ms
[pair 9] ply 158 B a2b1 dt=954ms budget=953ms
[pair 9] ply 159 W b6b7 dt=971ms budget=970ms
[pair 9] ply 160 B b1c2 dt=337ms budget=943ms
[pair 9] ply 160 clocks W21s B20s
[pair 9] ply 161 W b7b8q dt=16ms budget=959ms
[pair 9] ply 162 B c2d2 dt=948ms budget=947ms
[pair 9] ply 163 W b8b2 dt=1ms budget=970ms
[pair 9] ply 164 B d2d3 dt=19ms budget=937ms
[pair 9] ply 165 W b2a2 dt=1ms budget=981ms
[pair 9] ply 166 B d3c3 dt=3ms budget=947ms
[pair 9] ply 167 W g1e3 dt=11ms budget=992ms
[pair 9] ply 168 B c3b4 dt=2ms budget=958ms
[pair 9] ply 169 W e3d2 dt=2ms budget=1003ms
[pair 9] ply 170 B b4b5 dt=1ms budget=969ms
[pair 9] ply 171 W a2a5 dt=0ms budget=1014ms
[pair 9] ply 1 W b1c3 dt=4814ms budget=3166ms
[pair 9] ply 2 B e7e6 dt=4870ms budget=3166ms
[pair 9] ply 3 W g1f3 dt=3072ms budget=3070ms
[pair 9] ply 4 B g8f6 dt=3072ms budget=3069ms
[pair 9] ply 5 W c1f4 dt=3014ms budget=3013ms
[pair 9] ply 6 B f6e4 dt=3013ms budget=3012ms
[pair 9] ply 7 W f1b5 dt=2960ms budget=2957ms
[pair 9] ply 8 B c8d7 dt=2959ms budget=2956ms
[pair 9] ply 9 W d1d3 dt=2905ms budget=2903ms
[pair 9] ply 10 B e4c3 dt=2903ms budget=2901ms
[pair 9] ply 11 W b5d7 dt=2852ms budget=2849ms
[pair 9] ply 12 B d8d7 dt=2852ms budget=2848ms
[pair 9] ply 13 W b2c3 dt=2803ms budget=2797ms
[pair 9] ply 14 B b8c6 dt=2799ms budget=2796ms
[pair 9] ply 15 W a1b1 dt=2749ms budget=2746ms
[pair 9] ply 16 B f8e7 dt=2748ms budget=2745ms
[pair 9] ply 17 W b1b2 dt=2698ms budget=2696ms
[pair 9] ply 18 B e8c8 dt=2698ms budget=2695ms
[pair 9] ply 19 W e1g1 dt=2649ms budget=2647ms
[pair 9] ply 20 B e7d6 dt=2648ms budget=2646ms
[pair 9] ply 20 clocks W94s B94s
[pair 9] ply 21 W f4d6 dt=2601ms budget=2599ms
[pair 9] ply 22 B d7d6 dt=2599ms budget=2598ms
[pair 9] ply 23 W c3c4 dt=2554ms budget=2552ms
[pair 9] ply 24 B d8d7 dt=2554ms budget=2551ms
[pair 9] ply 25 W c4d5 dt=2508ms budget=2507ms
[pair 9] ply 26 B e6d5 dt=2508ms budget=2506ms
[pair 9] ply 27 W f1e1 dt=2464ms budget=2462ms
[pair 9] ply 28 B c8b8 dt=2463ms budget=2461ms
[pair 9] ply 29 W f3e5 dt=2420ms budget=2419ms
[pair 9] ply 30 B c6e5 dt=2421ms budget=2418ms
[pair 9] ply 31 W e1e5 dt=2377ms budget=2376ms
[pair 9] ply 32 B d7e7 dt=2378ms budget=2375ms
[pair 9] ply 33 W e5e7 dt=2340ms budget=2334ms
[pair 9] ply 34 B d6e7 dt=2336ms budget=2333ms
[pair 9] ply 35 W b2b1 dt=2295ms budget=2293ms
[pair 9] ply 36 B h8e8 dt=2294ms budget=2292ms
[pair 9] ply 37 W b1f1 dt=2256ms budget=2253ms
[pair 9] ply 38 B e7f6 dt=2254ms budget=2253ms
[pair 9] ply 39 W d3g3 dt=2215ms budget=2214ms
[pair 9] ply 40 B b8c8 dt=2218ms budget=2214ms
[pair 9] ply 40 clocks W75s B75s
[pair 9] ply 41 W g3c3 dt=2180ms budget=2176ms
[pair 9] ply 42 B c8b8 dt=2177ms budget=2175ms
[pair 9] ply 43 W c3d3 dt=2142ms budget=2139ms
[pair 9] ply 44 B e8e4 dt=2140ms budget=2138ms
[pair 9] ply 45 W f1d1 dt=2105ms budget=2102ms
[pair 9] ply 46 B e4e7 dt=2105ms budget=2102ms
[pair 9] ply 47 W c2c4 dt=2070ms budget=2067ms
[pair 9] ply 48 B d5c4 dt=2070ms budget=2066ms
[pair 9] ply 49 W d3c4 dt=2035ms budget=2032ms
[pair 9] ply 50 B e7e4 dt=2036ms budget=2031ms
[pair 9] ply 51 W c4d3 dt=2001ms budget=1998ms
[pair 9] ply 52 B f6e6 dt=2001ms budget=1997ms
[pair 9] ply 53 W d1f1 dt=1966ms budget=1964ms
[pair 9] ply 54 B g7g6 dt=1967ms budget=1964ms
[pair 9] ply 55 W d4d5 dt=1938ms budget=1932ms
[pair 9] ply 56 B e6e5 dt=1937ms budget=1931ms
[pair 9] ply 57 W d3g3 dt=1902ms budget=1900ms
[pair 9] ply 58 B b8c7 dt=1902ms budget=1899ms
[pair 9] ply 59 W g3b3 dt=1873ms budget=1869ms
[pair 9] ply 60 B c7b8 dt=1871ms budget=1868ms
[pair 9] ply 60 clocks W60s B60s
[pair 9] ply 61 W a2a3 dt=1840ms budget=1838ms
[pair 9] ply 62 B g6g5 dt=1839ms budget=1837ms
[pair 9] ply 63 W h2h3 dt=1812ms budget=1808ms
[pair 9] ply 64 B h7h6 dt=1810ms budget=1808ms
[pair 9] ply 65 W g2g3 dt=1784ms budget=1779ms
[pair 9] ply 66 B e4d4 dt=1782ms budget=1779ms
[pair 9] ply 67 W f1d1 dt=1754ms budget=1751ms
[pair 9] ply 68 B d4d1 dt=1751ms budget=1750ms
[pair 9] ply 69 W b3d1 dt=1728ms budget=1723ms
[pair 9] ply 70 B b8c7 dt=1724ms budget=1722ms
[pair 9] ply 71 W d1f3 dt=1702ms budget=1696ms
[pair 9] ply 72 B f7f5 dt=1698ms budget=1695ms
[pair 9] ply 73 W f3h5 dt=1671ms budget=1669ms
[pair 9] ply 74 B e5e1 dt=1670ms budget=1668ms
[pair 9] ply 75 W g1g2 dt=1644ms budget=1643ms
[pair 9] ply 76 B e1e4 dt=1643ms budget=1642ms
[pair 9] ply 77 W g2g1 dt=1618ms budget=1617ms
[pair 9] ply 78 B e4d5 dt=1619ms budget=1617ms
[pair 9] ply 79 W h5h6 dt=1595ms budget=1593ms
[pair 9] ply 80 B d5d1 dt=1595ms budget=1592ms
[pair 9] ply 80 clocks W48s B48s
[pair 9] ply 81 W g1g2 dt=1570ms budget=1568ms
[pair 9] ply 82 B d1d5 dt=1569ms budget=1568ms
[pair 9] ply 83 W g2h2 dt=1546ms budget=1544ms
[pair 9] ply 84 B d5f3 dt=1545ms budget=1544ms
[pair 9] ply 85 W h2g1 dt=1525ms budget=1521ms
[pair 9] ply 86 B g5g4 dt=1523ms budget=1521ms
[pair 9] ply 87 W h3h4 dt=1500ms budget=1498ms
[pair 9] ply 88 B f3d1 dt=1500ms budget=1498ms
[pair 9] ply 89 W g1h2 dt=1480ms budget=1476ms
[pair 9] ply 90 B d1f3 dt=1479ms budget=1476ms
[pair 9] ply 91 W h6g7 dt=1456ms budget=1454ms
[pair 9] ply 92 B c7c6 dt=1455ms budget=1454ms
[pair 9] ply 93 W g7b2 dt=1436ms budget=1433ms
[pair 9] ply 94 B f3d5 dt=1434ms budget=1433ms
[pair 9] ply 95 W h4h5 dt=1415ms budget=1412ms
[pair 9] ply 96 B d5e6 dt=1413ms budget=1412ms
[pair 9] ply 97 W b2c1 dt=1395ms budget=1392ms
[pair 9] ply 98 B c6d6 dt=1395ms budget=1392ms
[pair 9] ply 99 W c1d2 dt=1374ms budget=1372ms
[pair 9] ply 100 B d6c6 dt=1374ms budget=1372ms
[pair 9] ply 100 clocks W38s B38s
[pair 9] ply 101 W d2c3 dt=1355ms budget=1353ms
[pair 9] ply 102 B c6b6 dt=1356ms budget=1353ms
[pair 9] ply 103 W c3e3 dt=1336ms budget=1334ms
[pair 9] ply 104 B e6e3 dt=1334ms budget=1333ms
[pair 9] ply 105 W f2e3 dt=1317ms budget=1315ms
[pair 9] ply 106 B b6a5 dt=1316ms budget=1315ms
[pair 9] ply 107 W h5h6 dt=1298ms budget=1297ms
[pair 9] ply 108 B a5a4 dt=1298ms budget=1297ms
[pair 9] ply 109 W h6h7 dt=1281ms budget=1279ms
[pair 9] ply 110 B a4a3 dt=1281ms budget=1279ms
[pair 9] ply 111 W h7h8q dt=1263ms budget=1262ms
[pair 9] ply 112 B a7a5 dt=1263ms budget=1262ms
[pair 9] ply 113 W h8c3 dt=1247ms budget=1245ms
[pair 9] ply 114 B a3a4 dt=1247ms budget=1245ms
[pair 9] ply 115 W c3c4 dt=1230ms budget=1228ms
[pair 9] ply 116 B a4a3 dt=1ms budget=1228ms
[pair 9] ply 117 W c4b5 dt=1213ms budget=1212ms
[pair 9] ply 118 B a5a4 dt=1241ms budget=1239ms
[pair 9] ply 119 W h2g1 dt=1199ms budget=1196ms
[pair 9] ply 120 B a3a2 dt=1224ms budget=1223ms
[pair 9] ply 120 clocks W31s B32s
[pair 9] ply 121 W g1f2 dt=1182ms budget=1181ms
[pair 9] ply 122 B f5f4 dt=38ms budget=1207ms
[pair 9] ply 123 W e3f4 dt=690ms budget=1166ms
[pair 9] ply 124 B a4a3 dt=1ms budget=1217ms
[pair 9] ply 125 W f2e1 dt=1ms budget=1161ms
[pair 9] ply 126 B b7b6 dt=0ms budget=1228ms
[pair 9] ply 127 W e1d1 dt=11ms budget=1173ms
[pair 9] ply 128 B a2a1 dt=1ms budget=1239ms
[pair 9] ply 129 W d1c2 dt=1ms budget=1183ms
[pair 9] ply 130 B a3a2 dt=1ms budget=1250ms
[pair 9] ply 131 W b5f1 dt=0ms budget=1194ms
PAIR 9: g1 1-0 ply=171 flags=[] | g2 1-0 ply=131 flags=[] | cand_pts 1.0/2
