[pair 8] ply 1 W e2e4 dt=4772ms budget=3166ms
[pair 8] ply 2 B d7d5 dt=4842ms budget=3166ms
[pair 8] ply 3 W e4d5 dt=3074ms budget=3071ms
[pair 8] ply 4 B d8d5 dt=3073ms budget=3070ms
[pair 8] ply 5 W b1c3 dt=3019ms budget=3014ms
[pair 8] ply 6 B d5d6 dt=3014ms budget=3012ms
[pair 8] ply 7 W g1f3 dt=2960ms budget=2958ms
[pair 8] ply 8 B g8f6 dt=2960ms budget=2957ms
[pair 8] ply 9 W d2d4 dt=2905ms budget=2903ms
[pair 8] ply 10 B b8c6 dt=2905ms budget=2902ms
[pair 8] ply 11 W c3b5 dt=2855ms budget=2850ms
[pair 8] ply 12 B d6d8 dt=2851ms budget=2849ms
[pair 8] ply 13 W f1c4 dt=2800ms budget=2798ms
[pair 8] ply 14 B a7a6 dt=2799ms budget=2796ms
[pair 8] ply 15 W b5c3 dt=2748ms budget=2747ms
[pair 8] ply 16 B c8g4 dt=2748ms budget=2745ms
[pair 8] ply 17 W c1e3 dt=2699ms budget=2697ms
[pair 8] ply 18 B e7e5 dt=2696ms budget=2695ms
[pair 8] ply 19 W c4e2 dt=2651ms budget=2648ms
[pair 8] ply 20 B g4f3 dt=2647ms budget=2646ms
[pair 8] ply 20 clocks W95s B94s
[pair 8] ply 21 W e2f3 dt=2602ms budget=2600ms
[pair 8] ply 22 B c6d4 dt=2601ms budget=2599ms
[pair 8] ply 23 W f3b7 dt=2555ms budget=2553ms
[pair 8] ply 24 B a8b8 dt=2554ms budget=2552ms
[pair 8] ply 25 W e3d4 dt=2510ms budget=2508ms
[pair 8] ply 26 B d8d4 dt=2507ms budget=2506ms
[pair 8] ply 27 W b7c6 dt=2465ms budget=2463ms
[pair 8] ply 28 B e8e7 dt=2464ms budget=2462ms
[pair 8] ply 29 W d1d4 dt=2421ms budget=2419ms
[pair 8] ply 30 B e5d4 dt=2420ms budget=2418ms
[pair 8] ply 31 W e1c1 dt=2379ms budget=2376ms
[pair 8] ply 32 B e7d6 dt=2377ms budget=2375ms
[pair 8] ply 33 W c6f3 dt=2339ms budget=2335ms
[pair 8] ply 34 B c7c5 dt=2335ms budget=2334ms
[pair 8] ply 35 W d1d2 dt=2295ms budget=2294ms
[pair 8] ply 36 B g7g6 dt=2294ms budget=2293ms
[pair 8] ply 37 W c1b1 dt=2255ms budget=2254ms
[pair 8] ply 38 B f8h6 dt=2255ms budget=2253ms
[pair 8] ply 39 W d2d3 dt=2217ms budget=2215ms
[pair 8] ply 40 B h8e8 dt=2217ms budget=2214ms
[pair 8] ply 40 clocks W75s B75s
[pair 8] ply 41 W h1d1 dt=2178ms budget=2177ms
[pair 8] ply 42 B h6f4 dt=2178ms budget=2176ms
[pair 8] ply 43 W g2g3 dt=2143ms budget=2140ms
[pair 8] ply 44 B f4h6 dt=2141ms budget=2139ms
[pair 8] ply 45 W d1f1 dt=2105ms budget=2103ms
[pair 8] ply 46 B e8e6 dt=2105ms budget=2102ms
[pair 8] ply 47 W f3g2 dt=2068ms budget=2067ms
[pair 8] ply 48 B e6e7 dt=2070ms budget=2067ms
[pair 8] ply 49 W g2f3 dt=2035ms budget=2033ms
[pair 8] ply 50 B h6g5 dt=2038ms budget=2032ms
[pair 8] ply 51 W f1g1 dt=2003ms budget=1998ms
[pair 8] ply 52 B b8e8 dt=2000ms budget=1997ms
[pair 8] ply 53 W g1d1 dt=1968ms budget=1965ms
[pair 8] ply 54 B g5h6 dt=1966ms budget=1964ms
[pair 8] ply 55 W b1a1 dt=1935ms budget=1932ms
[pair 8] ply 56 B e7e1 dt=1934ms budget=1932ms
[pair 8] ply 57 W a1b1 dt=1905ms budget=1900ms
[pair 8] ply 58 B e8e5 dt=1902ms budget=1900ms
[pair 8] ply 59 W h2h3 dt=1871ms budget=1869ms
[pair 8] ply 60 B d6c7 dt=1871ms budget=1869ms
[pair 8] ply 60 clocks W60s B60s
[pair 8] ply 61 W c3a4 dt=1840ms budget=1839ms
[pair 8] ply 62 B h6g7 dt=1840ms budget=1838ms
[pair 8] ply 63 W b1c1 dt=1812ms budget=1809ms
[pair 8] ply 64 B g7f8 dt=1810ms budget=1808ms
[pair 8] ply 65 W d1e1 dt=1782ms budget=1780ms
[pair 8] ply 66 B e5e1 dt=1783ms budget=1779ms
[pair 8] ply 67 W c1d2 dt=1753ms budget=1751ms
[pair 8] ply 68 B e1a1 dt=1756ms budget=1751ms
[pair 8] ply 69 W d3b3 dt=1726ms budget=1724ms
[pair 8] ply 70 B f6d7 dt=1726ms budget=1723ms
[pair 8] ply 71 W b3b7 dt=1700ms budget=1696ms
[pair 8] ply 72 B c7d8 dt=1698ms budget=1696ms
[pair 8] ply 73 W f3d5 dt=1672ms budget=1670ms
[pair 8] ply 74 B f8h6 dt=1672ms budget=1669ms
[pair 8] ply 75 W d2e2 dt=1645ms budget=1644ms
[pair 8] ply 76 B a1c1 dt=1646ms budget=1643ms
[pair 8] ply 77 W f2f4 dt=1621ms budget=1618ms
[pair 8] ply 78 B c5c4 dt=1619ms budget=1617ms
[pair 8] ply 79 W d5c6 dt=1595ms budget=1593ms
[pair 8] ply 80 B d7f8 dt=1594ms budget=1592ms
[pair 8] ply 80 clocks W48s B48s
[pair 8] ply 81 W e2d2 dt=1572ms budget=1569ms
[pair 8] ply 82 B c1g1 dt=1570ms budget=1568ms
[pair 8] ply 83 W b7f7 dt=1547ms budget=1545ms
[pair 8] ply 84 B g1g3 dt=1546ms budget=1544ms
[pair 8] ply 85 W c6d5 dt=1523ms budget=1522ms
[pair 8] ply 86 B f8d7 dt=1524ms budget=1521ms
[pair 8] ply 87 W d2d1 dt=1501ms budget=1499ms
[pair 8] ply 88 B d4d3 dt=1502ms budget=1498ms
[pair 8] ply 89 W a4c3 dt=1478ms budget=1477ms
[pair 8] ply 90 B g3g1 dt=1479ms budget=1476ms
[pair 8] ply 91 W d1d2 dt=1ms budget=1455ms
[pair 8] ply 92 B d7e5 dt=1457ms budget=1454ms
[pair 8] ply 93 W c2d3 dt=1469ms budget=1466ms
[pair 8] ply 94 B e5f7 dt=1434ms budget=1433ms
[pair 8] ply 95 W c3e2 dt=1448ms budget=1445ms
[pair 8] ply 96 B g1b1 dt=1413ms budget=1412ms
[pair 8] ply 97 W d5f7 dt=1425ms budget=1424ms
[pair 8] ply 98 B b1b2 dt=1393ms budget=1392ms
[pair 8] ply 99 W d2e3 dt=1405ms budget=1403ms
[pair 8] ply 100 B c4d3 dt=1374ms budget=1372ms
[pair 8] ply 100 clocks W40s B38s
[pair 8] ply 101 W e3d3 dt=1387ms budget=1383ms
[pair 8] ply 102 B d8d7 dt=1354ms budget=1353ms
[pair 8] ply 103 W f7g8 dt=1366ms budget=1363ms
[pair 8] ply 104 B g6g5 dt=1338ms budget=1334ms
[pair 8] ply 105 W f4g5 dt=1347ms budget=1344ms
[pair 8] ply 106 B h6g5 dt=1316ms budget=1315ms
[pair 8] ply 107 W e2d4 dt=1328ms budget=1325ms
[pair 8] ply 108 B d7d6 dt=1298ms budget=1297ms
[pair 8] ply 109 W h3h4 dt=1310ms budget=1307ms
[pair 8] ply 110 B b2d2 dt=1281ms budget=1279ms
[pair 8] ply 111 W d3c3 dt=1292ms budget=1289ms
[pair 8] ply 112 B g5f4 dt=1264ms budget=1262ms
[pair 8] ply 113 W g8h7 dt=1273ms budget=1271ms
[pair 8] ply 114 B d2a2 dt=1247ms budget=1245ms
[pair 8] ply 115 W c3d3 dt=1257ms budget=1254ms
[pair 8] ply 116 B a6a5 dt=1229ms budget=1228ms
[pair 8] ply 117 W h4h5 dt=1240ms budget=1237ms
[pair 8] ply 118 B a2h2 dt=1214ms budget=1212ms
[pair 8] ply 119 W h7g6 dt=1224ms budget=1221ms
[pair 8] ply 120 B a5a4 dt=1198ms budget=1196ms
[pair 8] ply 120 clocks W32s B31s
[pair 8] ply 121 W d3c4 dt=1206ms budget=1205ms
[pair 8] ply 122 B f4c1 dt=1183ms budget=1181ms
[pair 8] ply 123 W c4b4 dt=1190ms budget=1189ms
[pair 8] ply 124 B h2h4 dt=1167ms budget=1166ms
[pair 8] ply 125 W b4c3 dt=1180ms budget=1174ms
[pair 8] ply 126 B a4a3 dt=1152ms budget=1151ms
[pair 8] ply 127 W d4f5 dt=1163ms budget=1158ms
[pair 8] ply 128 B d6e5 dt=1138ms budget=1136ms
[pair 8] ply 129 W f5h4 dt=1146ms budget=1144ms
[pair 8] ply 130 B a3a2 dt=1123ms budget=1122ms
[pair 8] ply 131 W c3c2 dt=1132ms budget=1129ms
[pair 8] ply 132 B a2a1q dt=1112ms budget=1108ms
[pair 8] ply 133 W h4f3 dt=1122ms budget=1115ms
[pair 8] ply 134 B e5d5 dt=1099ms budget=1095ms
[pair 8] ply 135 W c2d1 dt=1104ms budget=1102ms
[pair 8] ply 136 B c1f4 dt=1083ms budget=1081ms
[pair 8] ply 137 W d1e2 dt=1089ms budget=1088ms
[pair 8] ply 138 B a1b2 dt=1071ms budget=1068ms
[pair 8] ply 139 W e2d1 dt=1077ms budget=1075ms
[pair 8] ply 140 B b2f2 dt=1061ms budget=1056ms
[pair 8] ply 140 clocks W25s B24s
[pair 8] ply 141 W g6f5 dt=1063ms budget=1062ms
[pair 8] ply 142 B f2f3 dt=761ms budget=1043ms
[pair 8] ply 143 W d1c2 dt=668ms budget=1050ms
[pair 8] ply 144 B d5c4 dt=1ms budget=1037ms
[pair 8] ply 145 W f5e6 dt=1ms budget=1046ms
[pair 8] ply 146 B c4b4 dt=1ms budget=1049ms
[pair 8] ply 147 W c2b2 dt=3ms budget=1057ms
[pair 8] ply 148 B f3d1 dt=19ms budget=1060ms
[pair 8] ply 149 W b2a2 dt=1ms budget=1068ms
[pair 8] ply 150 B d1c2 dt=1ms budget=1070ms
[pair 8] ply 151 W a2a1 dt=1ms budget=1079ms
[pair 8] ply 152 B f4e5 dt=1ms budget=1081ms
[pair 8] ply 1 W b1c3 dt=4902ms budget=3166ms
[pair 8] ply 2 B b8c6 dt=4848ms budget=3166ms
[pair 8] ply 3 W g1f3 dt=3072ms budget=3068ms
[pair 8] ply 4 B g8f6 dt=3072ms budget=3070ms
[pair 8] ply 5 W d2d4 dt=3014ms budget=3011ms
[pair 8] ply 6 B d7d5 dt=3014ms budget=3012ms
[pair 8] ply 7 W f3e5 dt=2956ms budget=2955ms
[pair 8] ply 8 B d8d6 dt=2958ms budget=2957ms
[pair 8] ply 9 W e5c6 dt=2902ms budget=2901ms
[pair 8] ply 10 B b7c6 dt=2904ms budget=2902ms
[pair 8] ply 11 W e2e3 dt=2849ms budget=2847ms
[pair 8] ply 12 B e7e5 dt=2850ms budget=2848ms
[pair 8] ply 13 W f1e2 dt=2798ms budget=2795ms
[pair 8] ply 14 B c8f5 dt=2798ms budget=2796ms
[pair 8] ply 15 W g2g4 dt=2747ms budget=2744ms
[pair 8] ply 16 B f5g6 dt=2747ms budget=2745ms
[pair 8] ply 17 W d4e5 dt=2696ms budget=2694ms
[pair 8] ply 18 B d6e5 dt=2697ms budget=2695ms
[pair 8] ply 19 W f2f4 dt=2646ms budget=2645ms
[pair 8] ply 20 B e5e6 dt=2648ms budget=2646ms
[pair 8] ply 20 clocks W94s B94s
[pair 8] ply 21 W f4f5 dt=2601ms budget=2598ms
[pair 8] ply 22 B g6f5 dt=2604ms budget=2599ms
[pair 8] ply 23 W g4f5 dt=2554ms budget=2551ms
[pair 8] ply 24 B e6f5 dt=2555ms budget=2552ms
[pair 8] ply 25 W e2a6 dt=2507ms budget=2505ms
[pair 8] ply 26 B f6e4 dt=2508ms budget=2506ms
[pair 8] ply 27 W h1f1 dt=2462ms budget=2461ms
[pair 8] ply 28 B f5g6 dt=2464ms budget=2462ms
[pair 8] ply 29 W c3e4 dt=2422ms budget=2417ms
[pair 8] ply 30 B g6e4 dt=2423ms budget=2418ms
[pair 8] ply 31 W d1d4 dt=2377ms budget=2374ms
[pair 8] ply 32 B e4c2 dt=2376ms budget=2375ms
[pair 8] ply 33 W d4e5 dt=2335ms budget=2333ms
[pair 8] ply 34 B f8e7 dt=2336ms budget=2334ms
[pair 8] ply 35 W f1f2 dt=2294ms budget=2292ms
[pair 8] ply 36 B c2g6 dt=2296ms budget=2293ms
[pair 8] ply 37 W a6b7 dt=2253ms budget=2252ms
[pair 8] ply 38 B a8b8 dt=2255ms budget=2253ms
[pair 8] ply 39 W e5c7 dt=2214ms budget=2213ms
[pair 8] ply 40 B g6g1 dt=2218ms budget=2214ms
[pair 8] ply 40 clocks W75s B75s
[pair 8] ply 41 W e1e2 dt=2178ms budget=2175ms
[pair 8] ply 42 B g1g4 dt=2178ms budget=2176ms
[pair 8] ply 43 W f2f3 dt=2140ms budget=2138ms
[pair 8] ply 44 B g4g2 dt=2141ms budget=2138ms
[pair 8] ply 45 W e2d3 dt=2103ms budget=2101ms
[pair 8] ply 46 B g2g6 dt=2106ms budget=2102ms
[pair 8] ply 47 W d3c3 dt=2069ms budget=2066ms
[pair 8] ply 48 B e7f6 dt=2068ms budget=2066ms
[pair 8] ply 49 W f3f6 dt=2033ms budget=2031ms
[pair 8] ply 50 B g6f6 dt=2036ms budget=2031ms
[pair 8] ply 51 W c3d2 dt=1999ms budget=1997ms
[pair 8] ply 52 B f6f2 dt=1999ms budget=1997ms
[pair 8] ply 53 W d2c3 dt=1965ms budget=1963ms
[pair 8] ply 54 B e8g8 dt=1967ms budget=1964ms
[pair 8] ply 55 W c7c6 dt=1933ms budget=1931ms
[pair 8] ply 56 B f2h2 dt=1934ms budget=1931ms
[pair 8] ply 57 W c6d7 dt=1902ms budget=1899ms
[pair 8] ply 58 B h2e5 dt=1902ms budget=1900ms
[pair 8] ply 59 W c3c2 dt=1871ms budget=1868ms
[pair 8] ply 60 B e5e4 dt=1870ms budget=1868ms
[pair 8] ply 60 clocks W60s B60s
[pair 8] ply 61 W c2d1 dt=1838ms budget=1837ms
[pair 8] ply 62 B e4c4 dt=1839ms budget=1838ms
[pair 8] ply 63 W c1d2 dt=1810ms budget=1808ms
[pair 8] ply 64 B f8d8 dt=1812ms budget=1808ms
[pair 8] ply 65 W d7c6 dt=1783ms budget=1779ms
[pair 8] ply 66 B c4g4 dt=1784ms budget=1779ms
[pair 8] ply 67 W d1c2 dt=1753ms budget=1750ms
[pair 8] ply 68 B b8c8 dt=1753ms budget=1750ms
[pair 8] ply 69 W b7c8 dt=1724ms budget=1722ms
[pair 8] ply 70 B d8c8 dt=1726ms budget=1723ms
[pair 8] ply 71 W c6c8 dt=1697ms budget=1695ms
[pair 8] ply 72 B g4c8 dt=2ms budget=1695ms
[pair 8] ply 73 W d2c3 dt=1669ms budget=1668ms
[pair 8] ply 74 B g7g5 dt=1712ms budget=1706ms
[pair 8] ply 75 W a1d1 dt=1644ms budget=1642ms
[pair 8] ply 76 B c8f5 dt=1681ms budget=1680ms
[pair 8] ply 77 W c2b3 dt=1619ms budget=1617ms
[pair 8] ply 78 B g5g4 dt=1654ms budget=1653ms
[pair 8] ply 79 W d1g1 dt=1593ms budget=1592ms
[pair 8] ply 80 B f5f3 dt=1631ms budget=1628ms
[pair 8] ply 80 clocks W48s B50s
[pair 8] ply 81 W c3d4 dt=1575ms budget=1568ms
[pair 8] ply 82 B g4g3 dt=1604ms budget=1602ms
[pair 8] ply 83 W g1c1 dt=1548ms budget=1544ms
[pair 8] ply 84 B f3g4 dt=1580ms budget=1578ms
[pair 8] ply 85 W c1g1 dt=1525ms budget=1521ms
[pair 8] ply 86 B g3g2 dt=1556ms budget=1554ms
[pair 8] ply 87 W b3a3 dt=1509ms budget=1498ms
[pair 8] ply 88 B g4g3 dt=1534ms budget=1530ms
[pair 8] ply 89 W b2b3 dt=1476ms budget=1475ms
[pair 8] ply 90 B g3f2 dt=1508ms budget=1507ms
[pair 8] ply 91 W e3e4 dt=1458ms budget=1454ms
[pair 8] ply 92 B f2d4 dt=1487ms budget=1485ms
[pair 8] ply 93 W g1g2 dt=1434ms budget=1432ms
[pair 8] ply 94 B g8f8 dt=1465ms budget=1463ms
[pair 8] ply 95 W e4d5 dt=1413ms budget=1412ms
[pair 8] ply 96 B d4d5 dt=1443ms budget=1442ms
[pair 8] ply 97 W g2c2 dt=1393ms budget=1391ms
[pair 8] ply 98 B f8e7 dt=1423ms budget=1421ms
[pair 8] ply 99 W a3b2 dt=1374ms budget=1372ms
[pair 8] ply 100 B d5d4 dt=1402ms budget=1400ms
[pair 8] ply 100 clocks W38s B40s
[pair 8] ply 101 W b2b1 dt=1353ms budget=1352ms
[pair 8] ply 102 B e7d6 dt=1382ms budget=1380ms
[pair 8] ply 103 W c2c4 dt=1334ms budget=1333ms
[pair 8] ply 104 B d4e3 dt=1362ms budget=1361ms
[pair 8] ply 105 W b1b2 dt=1316ms budget=1315ms
[pair 8] ply 106 B e3e5 dt=1343ms budget=1341ms
[pair 8] ply 107 W b2c2 dt=1299ms budget=1297ms
[pair 8] ply 108 B d6d5 dt=1326ms budget=1323ms
[pair 8] ply 109 W c4a4 dt=1280ms budget=1279ms
[pair 8] ply 110 B e5e2 dt=1307ms budget=1304ms
[pair 8] ply 111 W c2b1 dt=1263ms budget=1261ms
[pair 8] ply 112 B f7f5 dt=1289ms budget=1286ms
[pair 8] ply 113 W a4c4 dt=1246ms budget=1244ms
[pair 8] ply 114 B e2e5 dt=1270ms budget=1269ms
[pair 8] ply 115 W b1c2 dt=1230ms budget=1228ms
[pair 8] ply 116 B f5f4 dt=1254ms budget=1252ms
[pair 8] ply 117 W c4a4 dt=1215ms budget=1212ms
[pair 8] ply 118 B e5e2 dt=1238ms budget=1235ms
[pair 8] ply 119 W c2c3 dt=1198ms budget=1196ms
[pair 8] ply 120 B e2e1 dt=1220ms budget=1219ms
[pair 8] ply 120 clocks W31s B32s
[pair 8] ply 121 W c3b2 dt=1181ms budget=1180ms
[pair 8] ply 122 B f4f3 dt=1206ms budget=1203ms
[pair 8] ply 123 W a4c4 dt=1166ms budget=1165ms
[pair 8] ply 124 B f3f2 dt=1191ms budget=1187ms
[pair 8] ply 125 W c4c1 dt=1152ms budget=1150ms
[pair 8] ply 126 B d5d4 dt=1173ms budget=1172ms
[pair 8] ply 127 W c1e1 dt=1137ms budget=1136ms
[pair 8] ply 128 B f2e1q dt=221ms budget=1157ms
[pair 8] ply 129 W b3b4 dt=30ms budget=1122ms
[pair 8] ply 130 B e1d2 dt=1ms budget=1163ms
[pair 8] ply 131 W b2a3 dt=1ms budget=1132ms
[pair 8] ply 132 B d2c3 dt=1ms budget=1174ms
[pair 8] ply 133 W a3a4 dt=0ms budget=1143ms
[pair 8] ply 134 B d4c4 dt=1ms budget=1185ms
[pair 8] ply 135 W a2a3 dt=0ms budget=1154ms
[pair 8] ply 136 B c3b3 dt=0ms budget=1196ms
[pair 8] ply 137 W a4a5 dt=0ms budget=1165ms
[pair 8] ply 138 B b3a3 dt=0ms budget=1207ms
PAIR 8: g1 0-1 ply=152 flags=[] | g2 0-1 ply=138 flags=[] | cand_pts 1.0/2
