[pair 7] ply 1 W c4d5 dt=4727ms budget=3166ms
[pair 7] ply 2 B f6d5 dt=4906ms budget=3166ms
[pair 7] ply 3 W e2e4 dt=3083ms budget=3072ms
[pair 7] ply 4 B d5c3 dt=3070ms budget=3068ms
[pair 7] ply 5 W b2c3 dt=3017ms budget=3015ms
[pair 7] ply 6 B c5d4 dt=3014ms budget=3011ms
[pair 7] ply 7 W c3d4 dt=2960ms budget=2959ms
[pair 7] ply 8 B b8c6 dt=2958ms budget=2955ms
[pair 7] ply 9 W f1c4 dt=2907ms budget=2904ms
[pair 7] ply 10 B f8d6 dt=2903ms budget=2901ms
[pair 7] ply 11 W e1g1 dt=2854ms budget=2851ms
[pair 7] ply 12 B c8d7 dt=2848ms budget=2847ms
[pair 7] ply 13 W c1g5 dt=2799ms budget=2798ms
[pair 7] ply 14 B d8c7 dt=2799ms budget=2795ms
[pair 7] ply 15 W e4e5 dt=2749ms budget=2747ms
[pair 7] ply 16 B d6e7 dt=2746ms budget=2744ms
[pair 7] ply 17 W a1c1 dt=2699ms budget=2697ms
[pair 7] ply 18 B c7a5 dt=2695ms budget=2694ms
[pair 7] ply 19 W g5e7 dt=2650ms budget=2648ms
[pair 7] ply 20 B c6e7 dt=2646ms budget=2645ms
[pair 7] ply 20 clocks W95s B94s
[pair 7] ply 21 W f3g5 dt=2603ms budget=2601ms
[pair 7] ply 22 B d7c6 dt=2603ms budget=2598ms
[pair 7] ply 23 W d1g4 dt=2556ms budget=2554ms
[pair 7] ply 24 B g7g6 dt=2553ms budget=2551ms
[pair 7] ply 25 W g4f4 dt=2510ms budget=2508ms
[pair 7] ply 26 B e7f5 dt=2508ms budget=2505ms
[pair 7] ply 27 W g2g4 dt=2465ms budget=2464ms
[pair 7] ply 28 B h7h6 dt=2462ms budget=2461ms
[pair 7] ply 29 W g5e6 dt=2424ms budget=2420ms
[pair 7] ply 30 B f7e6 dt=2418ms budget=2417ms
[pair 7] ply 31 W g4f5 dt=2380ms budget=2377ms
[pair 7] ply 32 B e6f5 dt=2376ms budget=2374ms
[pair 7] ply 33 W e5e6 dt=2338ms budget=2335ms
[pair 7] ply 34 B e8e7 dt=2336ms budget=2333ms
[pair 7] ply 35 W d4d5 dt=2297ms budget=2295ms
[pair 7] ply 36 B c6d5 dt=2294ms budget=2292ms
[pair 7] ply 37 W f4e5 dt=2273ms budget=2255ms
[pair 7] ply 38 B d5c4 dt=2255ms budget=2252ms
[pair 7] ply 39 W e5a5 dt=2218ms budget=2215ms
[pair 7] ply 40 B c4f1 dt=2214ms budget=2213ms
[pair 7] ply 40 clocks W75s B75s
[pair 7] ply 41 W a5c7 dt=2180ms budget=2177ms
[pair 7] ply 42 B e7e6 dt=2177ms budget=2175ms
[pair 7] ply 43 W c1e1 dt=2142ms budget=2140ms
[pair 7] ply 44 B e6d5 dt=2140ms budget=2138ms
[pair 7] ply 45 W c7b7 dt=2104ms budget=2103ms
[pair 7] ply 46 B d5d6 dt=2102ms budget=2101ms
[pair 7] ply 47 W b7e7 dt=2071ms budget=2068ms
[pair 7] ply 48 B d6d5 dt=637ms budget=2066ms
[pair 7] ply 49 W e1e5 dt=5ms budget=2033ms
[pair 7] ply 50 B d5c4 dt=1ms budget=2063ms
[pair 7] ply 51 W e7c5 dt=31ms budget=2044ms
[pair 7] ply 52 B c4d3 dt=1ms budget=2074ms
[pair 7] ply 53 W e5e3 dt=1ms budget=2054ms
[pair 7] ply 54 B d3d2 dt=2ms budget=2085ms
[pair 7] ply 55 W c5c3 dt=1ms budget=2065ms
[pair 7] ply 56 B d2d1 dt=0ms budget=2096ms
[pair 7] ply 57 W e3e1 dt=1ms budget=2076ms
[pair 7] ply 1 W d1b3 dt=4910ms budget=3166ms
[pair 7] ply 2 B a7a5 dt=5026ms budget=3166ms
[pair 7] ply 3 W a2a3 dt=3070ms budget=3068ms
[pair 7] ply 4 B b4c3 dt=3069ms budget=3066ms
[pair 7] ply 5 W d2c3 dt=3013ms budget=3011ms
[pair 7] ply 6 B b8c6 dt=3010ms budget=3008ms
[pair 7] ply 7 W c1g5 dt=2960ms budget=2955ms
[pair 7] ply 8 B a5a4 dt=2956ms budget=2953ms
[pair 7] ply 9 W b3d1 dt=2903ms budget=2901ms
[pair 7] ply 10 B h7h6 dt=2900ms budget=2898ms
[pair 7] ply 11 W g2c6 dt=2849ms budget=2847ms
[pair 7] ply 12 B b7c6 dt=2847ms budget=2845ms
[pair 7] ply 13 W g5f6 dt=2796ms budget=2795ms
[pair 7] ply 14 B d8f6 dt=2795ms budget=2793ms
[pair 7] ply 15 W d1d2 dt=2748ms budget=2744ms
[pair 7] ply 16 B f6e6 dt=2744ms budget=2742ms
[pair 7] ply 17 W f2f4 dt=2696ms budget=2694ms
[pair 7] ply 18 B e5f4 dt=2696ms budget=2692ms
[pair 7] ply 19 W d2f4 dt=2648ms budget=2645ms
[pair 7] ply 20 B c8a6 dt=2645ms budget=2643ms
[pair 7] ply 20 clocks W94s B94s
[pair 7] ply 21 W g1f3 dt=2599ms budget=2597ms
[pair 7] ply 22 B e6c4 dt=2597ms budget=2595ms
[pair 7] ply 23 W f4c4 dt=2554ms budget=2551ms
[pair 7] ply 24 B a6c4 dt=2552ms budget=2549ms
[pair 7] ply 25 W f3d2 dt=2507ms budget=2505ms
[pair 7] ply 26 B c4e6 dt=2505ms budget=2503ms
[pair 7] ply 27 W e1d1 dt=2463ms budget=2461ms
[pair 7] ply 28 B f8b8 dt=2462ms budget=2459ms
[pair 7] ply 29 W d1c2 dt=2419ms budget=2417ms
[pair 7] ply 30 B a8a7 dt=2416ms budget=2415ms
[pair 7] ply 31 W h1g1 dt=2376ms budget=2374ms
[pair 7] ply 32 B a7b7 dt=2375ms budget=2372ms
[pair 7] ply 33 W g1b1 dt=2335ms budget=2333ms
[pair 7] ply 34 B d7d5 dt=2333ms budget=2331ms
[pair 7] ply 35 W c2c1 dt=2294ms budget=2292ms
[pair 7] ply 36 B e6f5 dt=2292ms budget=2290ms
[pair 7] ply 37 W e2e4 dt=2254ms budget=2252ms
[pair 7] ply 38 B f5g6 dt=2252ms budget=2250ms
[pair 7] ply 39 W e4d5 dt=2217ms budget=2213ms
[pair 7] ply 40 B c6d5 dt=2213ms budget=2211ms
[pair 7] ply 40 clocks W75s B75s
[pair 7] ply 41 W a1a2 dt=2176ms budget=2175ms
[pair 7] ply 42 B b8e8 dt=2175ms budget=2173ms
[pair 7] ply 43 W c1d1 dt=2139ms budget=2138ms
[pair 7] ply 44 B g6b1 dt=2138ms budget=2136ms
[pair 7] ply 45 W d2b1 dt=2103ms budget=2101ms
[pair 7] ply 46 B b7b6 dt=2101ms budget=2099ms
[pair 7] ply 47 W b1d2 dt=2068ms budget=2065ms
[pair 7] ply 48 B b6e6 dt=2065ms budget=2064ms
[pair 7] ply 49 W d1c2 dt=2033ms budget=2031ms
[pair 7] ply 50 B e6e2 dt=2030ms budget=2029ms
[pair 7] ply 51 W h2h4 dt=1999ms budget=1997ms
[pair 7] ply 52 B e8e3 dt=1997ms budget=1995ms
[pair 7] ply 53 W g3g4 dt=1965ms budget=1963ms
[pair 7] ply 54 B e2g2 dt=1963ms budget=1962ms
[pair 7] ply 55 W a2a1 dt=1932ms budget=1931ms
[pair 7] ply 56 B e3e2 dt=1930ms budget=1929ms
[pair 7] ply 57 W a1d1 dt=1901ms budget=1899ms
[pair 7] ply 58 B g2g4 dt=1900ms budget=1898ms
[pair 7] ply 59 W c2c1 dt=1869ms budget=1868ms
[pair 7] ply 60 B g4g2 dt=1868ms budget=1866ms
[pair 7] ply 60 clocks W60s B60s
[pair 7] ply 61 W h4h5 dt=1838ms budget=1837ms
[pair 7] ply 62 B g2h2 dt=1837ms budget=1836ms
[pair 7] ply 63 W c1c2 dt=1811ms budget=1808ms
[pair 7] ply 64 B h2h5 dt=1808ms budget=1806ms
[pair 7] ply 65 W c2d3 dt=1780ms budget=1778ms
[pair 7] ply 66 B e2g2 dt=1778ms budget=1777ms
[pair 7] ply 67 W d3c2 dt=1752ms budget=1750ms
[pair 7] ply 68 B g8h7 dt=1750ms budget=1749ms
[pair 7] ply 69 W c2c1 dt=1724ms budget=1722ms
[pair 7] ply 70 B h5h2 dt=1723ms budget=1721ms
[pair 7] ply 71 W c3c4 dt=1696ms budget=1695ms
[pair 7] ply 72 B d5c4 dt=1695ms budget=1694ms
[pair 7] ply 73 W c1c2 dt=1672ms budget=1668ms
[pair 7] ply 74 B h2h4 dt=1669ms budget=1667ms
[pair 7] ply 75 W c2c3 dt=1645ms budget=1642ms
[pair 7] ply 76 B g2g3 dt=1643ms budget=1641ms
[pair 7] ply 77 W c3c2 dt=1618ms budget=1617ms
[pair 7] ply 78 B h4d4 dt=1618ms budget=1616ms
[pair 7] ply 79 W d2f1 dt=1595ms budget=1592ms
[pair 7] ply 80 B g3g2 dt=1592ms budget=1591ms
[pair 7] ply 80 clocks W48s B48s
[pair 7] ply 81 W d1d2 dt=1570ms budget=1568ms
[pair 7] ply 82 B d4d2 dt=1568ms budget=1567ms
[pair 7] ply 83 W f1d2 dt=1546ms budget=1544ms
[pair 7] ply 84 B h7g6 dt=1546ms budget=1543ms
[pair 7] ply 85 W c2c1 dt=1522ms budget=1521ms
[pair 7] ply 86 B g2g4 dt=1523ms budget=1520ms
[pair 7] ply 87 W c1c2 dt=1499ms budget=1498ms
[pair 7] ply 88 B g6f5 dt=1501ms budget=1497ms
[pair 7] ply 89 W c2c3 dt=1478ms budget=1476ms
[pair 7] ply 90 B g4g2 dt=1477ms budget=1475ms
[pair 7] ply 91 W d2c4 dt=1455ms budget=1454ms
[pair 7] ply 92 B f5e4 dt=1454ms budget=1453ms
[pair 7] ply 93 W c4d2 dt=1434ms budget=1433ms
[pair 7] ply 94 B e4d5 dt=1434ms budget=1432ms
[pair 7] ply 95 W d2f1 dt=1414ms budget=1412ms
[pair 7] ply 96 B g2e2 dt=1412ms budget=1411ms
[pair 7] ply 97 W f1d2 dt=1395ms budget=1392ms
[pair 7] ply 98 B f7f5 dt=1396ms budget=1391ms
[pair 7] ply 99 W c3d3 dt=1374ms budget=1372ms
[pair 7] ply 100 B e2f2 dt=1373ms budget=1371ms
[pair 7] ply 100 clocks W38s B38s
[pair 7] ply 101 W d2b1 dt=1353ms budget=1352ms
[pair 7] ply 102 B f2b2 dt=1354ms budget=1352ms
[pair 7] ply 103 W b1c3 dt=1336ms budget=1334ms
[pair 7] ply 104 B d5e5 dt=1337ms budget=1333ms
[pair 7] ply 105 W c3a4 dt=1319ms budget=1315ms
[pair 7] ply 106 B b2b3 dt=1319ms budget=1314ms
[pair 7] ply 107 W d3c4 dt=1300ms budget=1297ms
[pair 7] ply 108 B b3a3 dt=1297ms budget=1296ms
[pair 7] ply 109 W a4b2 dt=1283ms budget=1279ms
[pair 7] ply 110 B f5f4 dt=1285ms budget=1278ms
[pair 7] ply 111 W c4b4 dt=1263ms budget=1262ms
[pair 7] ply 112 B a3a8 dt=1263ms budget=1261ms
[pair 7] ply 113 W b4c5 dt=1247ms budget=1245ms
[pair 7] ply 114 B f4f3 dt=1246ms budget=1244ms
[pair 7] ply 115 W b2d3 dt=1230ms budget=1228ms
[pair 7] ply 116 B e5e4 dt=1229ms budget=1227ms
[pair 7] ply 117 W d3f2 dt=1215ms budget=1212ms
[pair 7] ply 118 B e4e3 dt=1213ms budget=1211ms
[pair 7] ply 119 W f2d1 dt=1197ms budget=1196ms
[pair 7] ply 120 B e3e2 dt=1197ms budget=1195ms
[pair 7] ply 120 clocks W31s B31s
[pair 7] ply 121 W d1c3 dt=1182ms budget=1180ms
[pair 7] ply 122 B e2d3 dt=1182ms budget=1180ms
[pair 7] ply 123 W c3d1 dt=1167ms budget=1165ms
[pair 7] ply 124 B a8a2 dt=1167ms budget=1165ms
[pair 7] ply 125 W c5c6 dt=1153ms budget=1150ms
[pair 7] ply 126 B a2d2 dt=1152ms budget=1150ms
[pair 7] ply 127 W c6c7 dt=1138ms budget=1136ms
[pair 7] ply 128 B d2d1 dt=1137ms budget=1135ms
[pair 7] ply 129 W c7b6 dt=876ms budget=1122ms
[pair 7] ply 130 B d1c1 dt=1123ms budget=1121ms
[pair 7] ply 131 W b6a5 dt=20ms budget=1113ms
[pair 7] ply 132 B c1b1 dt=43ms budget=1107ms
[pair 7] ply 133 W a5a4 dt=7ms budget=1124ms
[pair 7] ply 134 B f3f2 dt=1ms budget=1117ms
[pair 7] ply 135 W a4a3 dt=0ms budget=1135ms
[pair 7] ply 136 B f2f1q dt=2ms budget=1128ms
[pair 7] ply 137 W a3a4 dt=1ms budget=1146ms
[pair 7] ply 138 B f1f6 dt=0ms budget=1140ms
[pair 7] ply 139 W a4a3 dt=1ms budget=1157ms
[pair 7] ply 140 B f6a1 dt=0ms budget=1151ms
[pair 7] ply 140 clocks W30s B30s
PAIR 7: g1 1-0 ply=57 flags=[] | g2 0-1 ply=140 flags=[] | cand_pts 0.0/2
