[pair 4] ply 1 W d1b3 dt=4742ms budget=3166ms
[pair 4] ply 2 B a7a5 dt=4785ms budget=3166ms
[pair 4] ply 3 W a2a3 dt=3076ms budget=3072ms
[pair 4] ply 4 B b4c3 dt=3074ms budget=3071ms
[pair 4] ply 5 W d2c3 dt=3017ms budget=3015ms
[pair 4] ply 6 B b8c6 dt=3016ms budget=3014ms
[pair 4] ply 7 W c1g5 dt=2964ms budget=2959ms
[pair 4] ply 8 B a5a4 dt=2961ms budget=2958ms
[pair 4] ply 9 W b3d1 dt=2907ms budget=2904ms
[pair 4] ply 10 B h7h6 dt=2907ms budget=2903ms
[pair 4] ply 11 W g2c6 dt=2853ms budget=2850ms
[pair 4] ply 12 B b7c6 dt=2853ms budget=2850ms
[pair 4] ply 13 W g5f6 dt=2800ms budget=2798ms
[pair 4] ply 14 B d8f6 dt=2801ms budget=2797ms
[pair 4] ply 15 W d1d2 dt=2748ms budget=2747ms
[pair 4] ply 16 B f6e6 dt=2749ms budget=2746ms
[pair 4] ply 17 W f2f4 dt=2699ms budget=2697ms
[pair 4] ply 18 B e5f4 dt=2699ms budget=2696ms
[pair 4] ply 19 W d2f4 dt=2649ms budget=2648ms
[pair 4] ply 20 B c8a6 dt=2650ms budget=2647ms
[pair 4] ply 20 clocks W95s B95s
[pair 4] ply 21 W c4c5 dt=2602ms budget=2600ms
[pair 4] ply 22 B e6d5 dt=2602ms budget=2600ms
[pair 4] ply 23 W f4f3 dt=2556ms budget=2554ms
[pair 4] ply 24 B d5c5 dt=2558ms budget=2553ms
[pair 4] ply 25 W e2e4 dt=2509ms budget=2508ms
[pair 4] ply 26 B d7d5 dt=2509ms budget=2507ms
[pair 4] ply 27 W e1c1 dt=2465ms budget=2463ms
[pair 4] ply 28 B a6c4 dt=2466ms budget=2463ms
[pair 4] ply 29 W d1e1 dt=2421ms budget=2420ms
[pair 4] ply 30 B d5e4 dt=2421ms budget=2419ms
[pair 4] ply 31 W e1e4 dt=2379ms budget=2377ms
[pair 4] ply 32 B c4d5 dt=2378ms budget=2376ms
[pair 4] ply 33 W f3f5 dt=2337ms budget=2335ms
[pair 4] ply 34 B f8e8 dt=2336ms budget=2334ms
[pair 4] ply 35 W e4e5 dt=2298ms budget=2295ms
[pair 4] ply 36 B e8e5 dt=2295ms budget=2294ms
[pair 4] ply 37 W f5e5 dt=2260ms budget=2255ms
[pair 4] ply 38 B f7f6 dt=2256ms budget=2254ms
[pair 4] ply 39 W e5f4 dt=2216ms budget=2215ms
[pair 4] ply 40 B g7g5 dt=2217ms budget=2215ms
[pair 4] ply 40 clocks W76s B75s
[pair 4] ply 41 W f4d2 dt=2182ms budget=2177ms
[pair 4] ply 42 B d5h1 dt=2180ms budget=2177ms
[pair 4] ply 43 W g1e2 dt=2143ms budget=2140ms
[pair 4] ply 44 B c5f2 dt=2143ms budget=2139ms
[pair 4] ply 45 W e2d4 dt=2106ms budget=2103ms
[pair 4] ply 46 B f2d2 dt=2105ms budget=2103ms
[pair 4] ply 47 W c1d2 dt=2070ms budget=2068ms
[pair 4] ply 48 B g8f7 dt=2070ms budget=2067ms
[pair 4] ply 49 W d2c1 dt=2035ms budget=2033ms
[pair 4] ply 50 B c6c5 dt=2034ms budget=2032ms
[pair 4] ply 51 W d4f5 dt=2000ms budget=1999ms
[pair 4] ply 52 B a8h8 dt=2000ms budget=1998ms
[pair 4] ply 53 W f5e3 dt=1966ms budget=1965ms
[pair 4] ply 54 B f7e6 dt=1970ms budget=1965ms
[pair 4] ply 55 W c1b1 dt=1936ms budget=1933ms
[pair 4] ply 56 B f6f5 dt=1933ms budget=1932ms
[pair 4] ply 57 W b1a1 dt=1903ms budget=1901ms
[pair 4] ply 58 B h8d8 dt=1902ms budget=1900ms
[pair 4] ply 59 W a1b1 dt=1871ms budget=1870ms
[pair 4] ply 60 B d8d3 dt=1871ms budget=1869ms
[pair 4] ply 60 clocks W60s B60s
[pair 4] ply 61 W e3c4 dt=1843ms budget=1839ms
[pair 4] ply 62 B h1d5 dt=1841ms budget=1839ms
[pair 4] ply 63 W c4a5 dt=1811ms budget=1809ms
[pair 4] ply 64 B d3d1 dt=1811ms budget=1809ms
[pair 4] ply 65 W b1c2 dt=1ms budget=1780ms
[pair 4] ply 66 B d1h1 dt=1782ms budget=1780ms
[pair 4] ply 67 W h2h4 dt=1794ms budget=1791ms
[pair 4] ply 68 B g5h4 dt=1754ms budget=1751ms
[pair 4] ply 69 W g3h4 dt=1765ms budget=1763ms
[pair 4] ply 70 B c5c4 dt=1725ms budget=1723ms
[pair 4] ply 71 W c2d2 dt=1735ms budget=1734ms
[pair 4] ply 72 B e6d6 dt=1700ms budget=1696ms
[pair 4] ply 73 W d2c2 dt=1708ms budget=1707ms
[pair 4] ply 74 B h1h2 dt=1671ms budget=1669ms
[pair 4] ply 75 W c2b1 dt=1682ms budget=1680ms
[pair 4] ply 76 B d6c5 dt=1644ms budget=1643ms
[pair 4] ply 77 W b1c1 dt=1655ms budget=1654ms
[pair 4] ply 78 B c5b5 dt=1619ms budget=1618ms
[pair 4] ply 79 W c1d1 dt=1630ms budget=1628ms
[pair 4] ply 80 B d5f3 dt=1595ms budget=1593ms
[pair 4] ply 80 clocks W50s B48s
[pair 4] ply 81 W d1e1 dt=1605ms budget=1603ms
[pair 4] ply 82 B b5a5 dt=1571ms budget=1569ms
[pair 4] ply 83 W e1f1 dt=1581ms budget=1579ms
[pair 4] ply 84 B a5b5 dt=1546ms budget=1545ms
[pair 4] ply 85 W f1e1 dt=1556ms budget=1555ms
[pair 4] ply 86 B h2b2 dt=1523ms budget=1522ms
[pair 4] ply 87 W e1f1 dt=1533ms budget=1531ms
[pair 4] ply 88 B f5f4 dt=1500ms budget=1499ms
[pair 4] ply 89 W f1e1 dt=1509ms budget=1508ms
[pair 4] ply 90 B b5c5 dt=1481ms budget=1477ms
[pair 4] ply 91 W e1f1 dt=1487ms budget=1486ms
[pair 4] ply 92 B f3e4 dt=698ms budget=1455ms
[pair 4] ply 93 W f1e1 dt=1465ms budget=1464ms
[pair 4] ply 94 B c5b5 dt=1ms budget=1451ms
[pair 4] ply 95 W e1f1 dt=177ms budget=1442ms
[pair 4] ply 96 B f4f3 dt=1ms budget=1462ms
[pair 4] ply 97 W f1e1 dt=2ms budget=1450ms
[pair 4] ply 98 B f3f2 dt=1ms budget=1473ms
[pair 4] ply 99 W e1f1 dt=1ms budget=1461ms
[pair 4] ply 100 B e4d3 dt=1ms budget=1484ms
[pair 4] ply 100 clocks W44s B45s
[pair 4] ply 101 W f1g2 dt=1ms budget=1472ms
[pair 4] ply 102 B f2f1q dt=1ms budget=1495ms
[pair 4] ply 103 W g2g3 dt=0ms budget=1483ms
[pair 4] ply 104 B b2g2 dt=1ms budget=1506ms
[pair 4] ply 105 W g3h3 dt=0ms budget=1494ms
[pair 4] ply 106 B f1h1 dt=1ms budget=1517ms
[pair 4] ply 1 W c4d5 dt=4748ms budget=3166ms
[pair 4] ply 2 B f6d5 dt=4994ms budget=3166ms
[pair 4] ply 3 W e2e4 dt=3076ms budget=3072ms
[pair 4] ply 4 B d5c3 dt=3069ms budget=3066ms
[pair 4] ply 5 W b2c3 dt=3018ms budget=3015ms
[pair 4] ply 6 B c5d4 dt=3011ms budget=3009ms
[pair 4] ply 7 W c3d4 dt=2962ms budget=2959ms
[pair 4] ply 8 B b8c6 dt=2954ms budget=2953ms
[pair 4] ply 9 W f1c4 dt=2906ms budget=2904ms
[pair 4] ply 10 B f8d6 dt=2901ms budget=2899ms
[pair 4] ply 11 W e1g1 dt=2852ms budget=2850ms
[pair 4] ply 12 B e8g8 dt=2848ms budget=2846ms
[pair 4] ply 13 W e4e5 dt=2800ms budget=2798ms
[pair 4] ply 14 B d6e7 dt=2796ms budget=2793ms
[pair 4] ply 15 W a2a3 dt=2749ms budget=2747ms
[pair 4] ply 16 B f7f6 dt=2743ms budget=2742ms
[pair 4] ply 17 W c1b2 dt=2700ms budget=2697ms
[pair 4] ply 18 B d8b6 dt=2693ms budget=2692ms
[pair 4] ply 19 W a1b1 dt=2650ms budget=2648ms
[pair 4] ply 20 B f6e5 dt=2647ms budget=2644ms
[pair 4] ply 20 clocks W95s B94s
[pair 4] ply 21 W d4d5 dt=2601ms budget=2600ms
[pair 4] ply 22 B e6d5 dt=2601ms budget=2596ms
[pair 4] ply 23 W c4d5 dt=2558ms budget=2554ms
[pair 4] ply 24 B g8h8 dt=2551ms budget=2549ms
[pair 4] ply 25 W f3e5 dt=2510ms budget=2508ms
[pair 4] ply 26 B c6e5 dt=2506ms budget=2504ms
[pair 4] ply 27 W b2e5 dt=2465ms budget=2463ms
[pair 4] ply 28 B b6a5 dt=2462ms budget=2459ms
[pair 4] ply 29 W d1b3 dt=2422ms budget=2420ms
[pair 4] ply 30 B a5a3 dt=2419ms budget=2416ms
[pair 4] ply 31 W b3a3 dt=2379ms budget=2377ms
[pair 4] ply 32 B e7a3 dt=2374ms budget=2373ms
[pair 4] ply 33 W d5b7 dt=2340ms budget=2335ms
[pair 4] ply 34 B c8b7 dt=2332ms budget=2331ms
[pair 4] ply 35 W b1b7 dt=2297ms budget=2294ms
[pair 4] ply 36 B f8g8 dt=2292ms budget=2291ms
[pair 4] ply 37 W f1a1 dt=2256ms budget=2254ms
[pair 4] ply 38 B a3c5 dt=2253ms budget=2251ms
[pair 4] ply 39 W b7c7 dt=2217ms budget=2215ms
[pair 4] ply 40 B c5b6 dt=2213ms budget=2212ms
[pair 4] ply 40 clocks W75s B75s
[pair 4] ply 41 W c7d7 dt=2180ms budget=2177ms
[pair 4] ply 42 B a8c8 dt=2175ms budget=2174ms
[pair 4] ply 43 W a1b1 dt=2142ms budget=2140ms
[pair 4] ply 44 B c8c2 dt=2138ms budget=2136ms
[pair 4] ply 45 W d7f7 dt=2104ms budget=2103ms
[pair 4] ply 46 B c2e2 dt=2103ms budget=2100ms
[pair 4] ply 47 W e5c3 dt=2072ms budget=2068ms
[pair 4] ply 48 B e2c2 dt=2066ms budget=2064ms
[pair 4] ply 49 W c3a1 dt=2034ms budget=2033ms
[pair 4] ply 50 B c2c4 dt=2032ms budget=2030ms
[pair 4] ply 51 W b1e1 dt=2001ms budget=1999ms
[pair 4] ply 52 B c4c2 dt=1998ms budget=1996ms
[pair 4] ply 53 W a1e5 dt=1968ms budget=1965ms
[pair 4] ply 54 B a7a5 dt=1963ms budget=1962ms
[pair 4] ply 55 W e1b1 dt=1936ms budget=1933ms
[pair 4] ply 56 B c2c4 dt=1932ms budget=1930ms
[pair 4] ply 57 W f7f4 dt=1903ms budget=1901ms
[pair 4] ply 58 B c4f4 dt=1903ms budget=1898ms
[pair 4] ply 59 W e5f4 dt=1872ms budget=1870ms
[pair 4] ply 60 B b6d4 dt=1869ms budget=1867ms
[pair 4] ply 60 clocks W60s B60s
[pair 4] ply 61 W b1c1 dt=1841ms budget=1839ms
[pair 4] ply 62 B g8d8 dt=1837ms budget=1836ms
[pair 4] ply 63 W c1c4 dt=1811ms budget=1809ms
[pair 4] ply 64 B h8g8 dt=1811ms budget=1807ms
[pair 4] ply 65 W g1f1 dt=1782ms budget=1780ms
[pair 4] ply 66 B h7h6 dt=1779ms budget=1778ms
[pair 4] ply 67 W f4c7 dt=1756ms budget=1752ms
[pair 4] ply 68 B d8c8 dt=1750ms budget=1749ms
[pair 4] ply 69 W c4d4 dt=1734ms budget=1724ms
[pair 4] ply 70 B c8c7 dt=1726ms budget=1721ms
[pair 4] ply 71 W d4d8 dt=1699ms budget=1696ms
[pair 4] ply 72 B g8f7 dt=1696ms budget=1694ms
[pair 4] ply 73 W d8a8 dt=1672ms budget=1670ms
[pair 4] ply 74 B c7c1 dt=1669ms budget=1667ms
[pair 4] ply 75 W f1e2 dt=1ms budget=1644ms
[pair 4] ply 76 B c1a1 dt=1644ms budget=1642ms
[pair 4] ply 77 W a8a7 dt=1656ms budget=1655ms
[pair 4] ply 78 B f7g6 dt=1617ms budget=1616ms
[pair 4] ply 79 W a7a8 dt=1631ms budget=1629ms
[pair 4] ply 80 B a5a4 dt=1593ms budget=1591ms
[pair 4] ply 80 clocks W50s B48s
[pair 4] ply 81 W e2d3 dt=1607ms budget=1604ms
[pair 4] ply 82 B a4a3 dt=1584ms budget=1567ms
[pair 4] ply 83 W d3c4 dt=1581ms budget=1579ms
[pair 4] ply 84 B a1a2 dt=1545ms budget=1543ms
[pair 4] ply 85 W a8f8 dt=1558ms budget=1555ms
[pair 4] ply 86 B a2c2 dt=1522ms budget=1520ms
[pair 4] ply 87 W c4b3 dt=1534ms budget=1532ms
[pair 4] ply 88 B a3a2 dt=1499ms budget=1497ms
[pair 4] ply 89 W f8a8 dt=1512ms budget=1509ms
[pair 4] ply 90 B a2a1q dt=1476ms budget=1475ms
[pair 4] ply 91 W a8a1 dt=1489ms budget=1486ms
[pair 4] ply 92 B c2f2 dt=1457ms budget=1453ms
[pair 4] ply 93 W a1a2 dt=1465ms budget=1464ms
[pair 4] ply 94 B f2a2 dt=1434ms budget=1432ms
[pair 4] ply 95 W b3a2 dt=1444ms budget=1443ms
[pair 4] ply 96 B g6f5 dt=1413ms budget=1411ms
[pair 4] ply 97 W a2b3 dt=1424ms budget=1422ms
[pair 4] ply 98 B f5e4 dt=1394ms budget=1391ms
[pair 4] ply 99 W h2h4 dt=1403ms budget=1401ms
[pair 4] ply 100 B e4e3 dt=1372ms budget=1371ms
[pair 4] ply 100 clocks W40s B38s
[pair 4] ply 101 W h4h5 dt=1382ms budget=1381ms
[pair 4] ply 102 B e3f2 dt=1352ms budget=1351ms
[pair 4] ply 103 W b3c4 dt=1363ms budget=1362ms
[pair 4] ply 104 B f2g2 dt=1334ms budget=1333ms
[pair 4] ply 105 W c4d5 dt=1344ms budget=1343ms
[pair 4] ply 106 B g2f3 dt=1316ms budget=1314ms
[pair 4] ply 107 W d5e6 dt=1329ms budget=1324ms
[pair 4] ply 108 B f3g4 dt=1297ms budget=1296ms
[pair 4] ply 109 W e6e5 dt=1306ms budget=1305ms
[pair 4] ply 110 B g4h5 dt=1279ms budget=1278ms
[pair 4] ply 111 W e5d4 dt=1288ms budget=1287ms
[pair 4] ply 112 B h5h4 dt=1262ms budget=1261ms
[pair 4] ply 113 W d4e4 dt=1272ms budget=1270ms
[pair 4] ply 114 B g7g5 dt=1247ms budget=1244ms
[pair 4] ply 115 W e4f3 dt=1255ms budget=1253ms
[pair 4] ply 116 B g5g4 dt=1229ms budget=1227ms
[pair 4] ply 117 W f3e2 dt=1237ms budget=1236ms
[pair 4] ply 118 B g4g3 dt=1213ms budget=1211ms
[pair 4] ply 119 W e2f1 dt=1221ms budget=1220ms
[pair 4] ply 120 B h4h3 dt=1196ms budget=1195ms
[pair 4] ply 120 clocks W32s B31s
[pair 4] ply 121 W f1e2 dt=1205ms budget=1204ms
[pair 4] ply 122 B g3g2 dt=1182ms budget=1180ms
[pair 4] ply 123 W e2d3 dt=1189ms budget=1188ms
[pair 4] ply 124 B g2g1q dt=1167ms budget=1165ms
[pair 4] ply 125 W d3c4 dt=1174ms budget=1173ms
[pair 4] ply 126 B g1g5 dt=1151ms budget=1150ms
[pair 4] ply 127 W c4b4 dt=989ms budget=1158ms
[pair 4] ply 128 B g5d5 dt=1088ms budget=1135ms
[pair 4] ply 129 W b4c3 dt=4ms budget=1147ms
[pair 4] ply 130 B h3g3 dt=2ms budget=1122ms
[pair 4] ply 131 W c3b4 dt=21ms budget=1158ms
[pair 4] ply 132 B g3f3 dt=4ms budget=1133ms
[pair 4] ply 133 W b4c3 dt=7ms budget=1168ms
[pair 4] ply 134 B d5c5 dt=1ms budget=1144ms
[pair 4] ply 135 W c3b3 dt=1ms budget=1179ms
[pair 4] ply 136 B f3g4 dt=1ms budget=1156ms
[pair 4] ply 137 W b3a2 dt=4ms budget=1190ms
[pair 4] ply 138 B g4f4 dt=2ms budget=1167ms
[pair 4] ply 139 W a2b3 dt=13ms budget=1202ms
[pair 4] ply 140 B f4f3 dt=1ms budget=1178ms
[pair 4] ply 140 clocks W32s B31s
[pair 4] ply 141 W b3a2 dt=1ms budget=1212ms
[pair 4] ply 142 B c5b5 dt=4ms budget=1189ms
[pair 4] ply 143 W a2a3 dt=1ms budget=1223ms
[pair 4] ply 144 B f3g3 dt=1ms budget=1200ms
[pair 4] ply 145 W a3a2 dt=1ms budget=1235ms
[pair 4] ply 146 B b5c5 dt=4ms budget=1211ms
[pair 4] ply 147 W a2b3 dt=17ms budget=1246ms
[pair 4] ply 148 B c5b5 dt=1ms budget=1222ms
[pair 4] ply 149 W b3a2 dt=1260ms budget=1256ms
[pair 4] ply 150 B b5a6 dt=3ms budget=1233ms
[pair 4] ply 151 W a2b3 dt=1062ms budget=1239ms
[pair 4] ply 152 B a6d3 dt=71ms budget=1244ms
[pair 4] ply 153 W b3b4 dt=206ms budget=1227ms
[pair 4] ply 154 B d3d5 dt=1ms budget=1254ms
[pair 4] ply 155 W b4a3 dt=5ms budget=1233ms
[pair 4] ply 156 B d5b7 dt=9ms budget=1265ms
[pair 4] ply 157 W a3a2 dt=26ms budget=1244ms
[pair 4] ply 158 B b7d5 dt=1ms budget=1276ms
[pair 4] ply 159 W a2a3 dt=1257ms budget=1255ms
[pair 4] ply 160 B g3f4 dt=12ms budget=1287ms
[pair 4] ply 160 clocks W33s B36s
[pair 4] ply 161 W a3b2 dt=219ms budget=1238ms
[pair 4] ply 162 B d5c5 dt=1ms budget=1298ms
[pair 4] ply 163 W b2b3 dt=1245ms budget=1244ms
[pair 4] ply 164 B c5b5 dt=2ms budget=1309ms
[pair 4] ply 165 W b3c2 dt=165ms budget=1228ms
[pair 4] ply 166 B f4g3 dt=1ms budget=1320ms
[pair 4] ply 167 W c2d1 dt=2ms budget=1235ms
[pair 4] ply 168 B b5c4 dt=6ms budget=1331ms
[pair 4] ply 169 W d1d2 dt=2ms budget=1246ms
[pair 4] ply 170 B g3f2 dt=1ms budget=1342ms
[pair 4] ply 171 W d2d1 dt=1ms budget=1257ms
[pair 4] ply 172 B f2e3 dt=1ms budget=1353ms
[pair 4] ply 173 W d1e1 dt=0ms budget=1269ms
[pair 4] ply 174 B c4e2 dt=1ms budget=1364ms
PAIR 4: g1 0-1 ply=106 flags=[] | g2 0-1 ply=174 flags=[] | cand_pts 1.0/2
