KRvK strong-as-white result=1/2-1/2 ply=49 flags=[]
  0. a1b2 h8h7   
  1. b1f1 h7g7   
  2. f1f2 g7h8   
  3. b2c3 h8h7   
  4. f2g2 h7h6   
  5. c3d2 h6h5   
  6. d2d1 h5h6   
  7. d1c2 h6h5   
  8. c2d3 h5h6   
  9. g2g1 h6h5   
 10. g1g2 h5h6   
 11. g2g1 h6h5   
 12. g1g7 h5h6   
 13. g7g3 h6h5   
 14. d3e2 h5h6   
 15. e2d1 h6h5   
 16. d1e1 h5h6   
 17. e1d1 h6h5   
 18. d1e1 h5h4   
 19. e1f2 h4h5   
 20. f2e1 h5h4   
 21. e1f2 h4h5   
 22. f2e1 h5h4   
 23. e1f2 h4h5   
 24. f2e1        
