# gate hand:1111 (new, /home/pino/projects/chessathon) vs hand:1111 (old, /tmp/chessathon_n1base) games=24 move-ms=500 seed=7
  1. 0-1    ply= 78 flags=[]
  2. 0-1    ply= 64 flags=[]
  3. 0-1    ply=146 flags=[]
  4. 1/2-1/2 ply=210 flags=[]
  5. 1-0    ply=141 flags=[]
  6. 0-1    ply=126 flags=[]
  7. 0-1    ply=120 flags=[]
  8. 0-1    ply=172 flags=[]
  9. 1-0    ply=221 flags=[]
 10. 0-1    ply= 90 flags=[]
 11. 1/2-1/2 ply=161 flags=[]
 12. 0-1    ply=126 flags=[]
 13. 1/2-1/2 ply=155 flags=[]
 14. 1/2-1/2 ply=178 flags=[]
 15. 1-0    ply= 71 flags=[]
 16. 0-1    ply=172 flags=[]
 17. 0-1    ply=166 flags=[]
 18. 1-0    ply=153 flags=[]
 19. 0-1    ply=194 flags=[]
 20. 0-1    ply=184 flags=[]
 21. 1-0    ply= 75 flags=[]
 22. 1/2-1/2 ply=127 flags=[]
 23. 1/2-1/2 ply=300 flags=[]
 24. 0-1    ply= 54 flags=[]
score: 12W-6L-6D (0.625)
