  1. 0-1    ply=120 flags=[]
  2. 1-0    ply=123 flags=[]
  3. 0-1    ply=134 flags=[]
  4. 1-0    ply=109 flags=[]
  5. 1/2-1/2 ply=231 flags=[]
  6. 0-1    ply=120 flags=[]
  7. 1/2-1/2 ply=114 flags=[]
  8. 0-1    ply=120 flags=[]
  9. 1-0    ply=145 flags=[]
 10. 0-1    ply=136 flags=[]
 11. 0-1    ply=206 flags=[]
 12. 0-1    ply=124 flags=[]
 13. 1-0    ply=125 flags=[]
 14. 1-0    ply=123 flags=[]
 15. 1/2-1/2 ply=177 flags=[]
 16. 1-0    ply=139 flags=[]
 17. 1-0    ply=159 flags=[]
 18. 0-1    ply=168 flags=[]
 19. 1-0    ply=147 flags=[]
 20. 1-0    ply= 53 flags=[]
 21. 0-1    ply= 80 flags=[]
 22. 0-1    ply=300 flags=[]
 23. 0-1    ply=150 flags=[]
 24. 1-0    ply=121 flags=[]
score: 10W-11L-3D (0.479)
