  1. 1-0    ply= 51 flags=[]
  2. 1-0    ply= 81 flags=[]
  3. 1-0    ply=201 flags=[]
  4. 0-1    ply=132 flags=[]
  5. 0-1    ply=208 flags=[]
  6. 0-1    ply=150 flags=[]
  7. 1-0    ply= 79 flags=[]
  8. 1-0    ply=113 flags=[]
  9. 0-1    ply=130 flags=[]
 10. 0-1    ply=122 flags=[]
 11. 1/2-1/2 ply=271 flags=[]
 12. 0-1    ply=124 flags=[]
 13. 0-1    ply=140 flags=[]
 14. 1/2-1/2 ply=182 flags=[]
 15. 1-0    ply=129 flags=[]
 16. 0-1    ply=158 flags=[]
 17. 0-1    ply=222 flags=[]
 18. 1/2-1/2 ply=183 flags=[]
 19. 1/2-1/2 ply=188 flags=[]
 20. 1/2-1/2 ply=134 flags=[]
 21. 0-1    ply=156 flags=[]
 22. 1/2-1/2 ply=300 flags=[]
 23. 1-0    ply=189 flags=[]
 24. 1-0    ply=221 flags=[]
score: 10W-8L-6D (0.542)
