# gate hand:1111 (new, /home/pino/projects/chessathon) vs hand:1111 (old, /tmp/chessathon-v7ref) games=24 move-ms=500 seed=13
  1. 1-0    ply=151 flags=[]
  2. 0-1    ply=104 flags=[]
  3. 0-1    ply= 80 flags=[]
  4. 0-1    ply= 88 flags=[]
  5. 1-0    ply=123 flags=[]
  6. 0-1    ply=146 flags=[]
  7. 0-1    ply=150 flags=[]
  8. 1-0    ply=229 flags=[]
  9. 1-0    ply=259 flags=[]
 10. 0-1    ply=144 flags=[]
 11. 1-0    ply= 77 flags=[]
 12. 1-0    ply=119 flags=[]
 13. 1/2-1/2 ply= 92 flags=[]
 14. 1/2-1/2 ply=174 flags=[]
 15. 1-0    ply=213 flags=[]
 16. 0-1    ply=132 flags=[]
 17. 0-1    ply=130 flags=[]
 18. 1-0    ply=207 flags=[]
 19. 1-0    ply=107 flags=[]
 20. 1-0    ply=119 flags=[]
 21. 1-0    ply=103 flags=[]
 22. 1-0    ply=137 flags=[]
 23. 0-1    ply=110 flags=[]
 24. 1/2-1/2 ply=193 flags=[]
score: 12W-9L-3D (0.562)
