# gate hand:1111 (new, /home/pino/chess/repo) vs hand:1111 (old, /home/pino/chess/trees/v7ref) games=24 move-ms=500 seed=19
  1. 0-1    ply=300 flags=[]
  2. 1-0    ply=145 flags=[]
  3. 0-1    ply=114 flags=[]
  4. 0-1    ply=172 flags=[]
  5. 1/2-1/2 ply=227 flags=[]
  6. 0-1    ply=150 flags=[]
  7. 1-0    ply=135 flags=[]
  8. 1/2-1/2 ply=133 flags=[]
  9. 1-0    ply=137 flags=[]
 10. 1/2-1/2 ply=277 flags=[]
 11. 1/2-1/2 ply=124 flags=[]
 12. 1-0    ply=125 flags=[]
 13. 1-0    ply= 93 flags=[]
 14. 1-0    ply=143 flags=[]
 15. 1-0    ply=109 flags=[]
 16. 0-1    ply=124 flags=[]
 17. 0-1    ply=182 flags=[]
 18. 0-1    ply=140 flags=[]
 19. 0-1    ply=246 flags=[]
 20. 1-0    ply=171 flags=[]
 21. 1-0    ply= 87 flags=[]
 22. 0-1    ply=194 flags=[]
 23. 1-0    ply=115 flags=[]
 24. 1/2-1/2 ply=167 flags=[]
score: 11W-8L-5D (0.562)
