  1. 1/2-1/2 ply=178 flags=[]
  2. 1/2-1/2 ply=209 flags=[]
  3. 0-1    ply=122 flags=[]
  4. 1-0    ply=155 flags=[]
  5. 0-1    ply=126 flags=[]
  6. 0-1    ply=300 flags=[]
  7. 0-1    ply= 58 flags=[]
  8. 1-0    ply= 55 flags=[]
  9. 0-1    ply=204 flags=[]
 10. 1-0    ply=107 flags=[]
 11. 0-1    ply=166 flags=[]
 12. 0-1    ply=194 flags=[]
 13. 1-0    ply=119 flags=[]
 14. 0-1    ply=158 flags=[]
 15. 1-0    ply=201 flags=[]
 16. 1-0    ply=103 flags=[]
 17. 0-1    ply=146 flags=[]
 18. 0-1    ply=150 flags=[]
 19. 1-0    ply=157 flags=[]
 20. 0-1    ply=106 flags=[]
 21. 0-1    ply=236 flags=[]
 22. 0-1    ply=136 flags=[]
 23. 0-1    ply=148 flags=[]
 24. 1/2-1/2 ply=216 flags=[]
score: 9W-12L-3D (0.438)
