  1. 0-1    ply=210 flags=[]
  2. 1/2-1/2 ply=267 flags=[]
  3. 1-0    ply=143 flags=[]
  4. 0-1    ply=122 flags=[]
  5. 0-1    ply=138 flags=[]
  6. 1-0    ply=125 flags=[]
  7. 1/2-1/2 ply=113 flags=[]
  8. 1-0    ply=171 flags=[]
  9. 0-1    ply= 68 flags=[]
 10. 0-1    ply=138 flags=[]
 11. 1-0    ply=161 flags=[]
 12. 1-0    ply=117 flags=[]
 13. 1-0    ply=125 flags=[]
 14. 1-0    ply= 59 flags=[]
 15. 1/2-1/2 ply=134 flags=[]
 16. 0-1    ply= 66 flags=[]
 17. 1-0    ply= 91 flags=[]
 18. 1-0    ply=123 flags=[]
 19. 0-1    ply=294 flags=[]
 20. 1-0    ply= 49 flags=[]
 21. 0-1    ply=140 flags=[]
 22. 0-1    ply= 56 flags=[]
 23. 1-0    ply=107 flags=[]
 24. 1-0    ply=105 flags=[]
score: 9W-12L-3D (0.438)
