  1. 1/2-1/2 ply=147 flags=[]
  2. 1-0    ply=119 flags=[]
  3. 1-0    ply=155 flags=[]
  4. 0-1    ply=144 flags=[]
  5. 0-1    ply=106 flags=[]
  6. 0-1    ply=146 flags=[]
  7. 0-1    ply=148 flags=[]
  8. 1/2-1/2 ply=211 flags=[]
  9. 1-0    ply=267 flags=[]
 10. 1-0    ply=153 flags=[]
 11. 1/2-1/2 ply=136 flags=[]
 12. 1/2-1/2 ply=124 flags=[]
 13. 0-1    ply=180 flags=[]
 14. 1-0    ply= 87 flags=[]
 15. 1-0    ply=125 flags=[]
 16. 1/2-1/2 ply=183 flags=[]
 17. 1-0    ply=139 flags=[]
 18. 1/2-1/2 ply=138 flags=[]
 19. 0-1    ply=134 flags=[]
 20. 0-1    ply=300 flags=[]
 21. 1-0    ply=139 flags=[]
 22. 0-1    ply=128 flags=[]
 23. 1-0    ply=113 flags=[]
 24. 1-0    ply=191 flags=[]
score: 10W-8L-6D (0.542)
