  1. 1-0    ply=123 flags=[]
  2. 0-1    ply=164 flags=[]
  3. 1/2-1/2 ply=260 flags=[]
  4. 1-0    ply= 43 flags=[]
  5. 1/2-1/2 ply=150 flags=[]
  6. 1-0    ply=133 flags=[]
  7. 1-0    ply=127 flags=[]
  8. 1-0    ply=143 flags=[]
  9. 1-0    ply=115 flags=[]
 10. 0-1    ply= 74 flags=[]
 11. 1/2-1/2 ply=139 flags=[]
 12. 1-0    ply=149 flags=[]
 13. 1/2-1/2 ply=125 flags=[]
 14. 0-1    ply=294 flags=[]
 15. 1-0    ply=209 flags=[]
 16. 1-0    ply=123 flags=[]
 17. 1-0    ply=151 flags=[]
 18. 1-0    ply=153 flags=[]
 19. 1-0    ply=185 flags=[]
 20. 1-0    ply= 55 flags=[]
 21. 0-1    ply=122 flags=[]
 22. 0-1    ply=260 flags=[]
 23. 0-1    ply=184 flags=[]
 24. 0-1    ply=184 flags=[]
score: 11W-9L-4D (0.542)
