# gate hand:1111 (new, /home/pino/projects/chessathon) vs hand:1111 (old, /tmp/chessathon_v5ref) games=24 move-ms=500 seed=7
  1. 1/2-1/2 ply= 97 flags=[]
  2. 0-1    ply=124 flags=[]
  3. 1-0    ply=119 flags=[]
  4. 1-0    ply=169 flags=[]
  5. 1-0    ply=161 flags=[]
  6. 0-1    ply= 96 flags=[]
  7. 1-0    ply=187 flags=[]
  8. 0-1    ply=132 flags=[]
  9. 0-1    ply= 58 flags=[]
 10. 0-1    ply=186 flags=[]
 11. 1-0    ply=231 flags=[]
 12. 0-1    ply=124 flags=[]
 13. 0-1    ply=158 flags=[]
 14. 0-1    ply=136 flags=[]
 15. 1-0    ply= 93 flags=[]
 16. 0-1    ply=164 flags=[]
 17. 1-0    ply=141 flags=[]
 18. 1-0    ply= 99 flags=[]
 19. 1-0    ply=141 flags=[]
 20. 0-1    ply=112 flags=[]
 21. 0-1    ply=258 flags=[]
 22. 1-0    ply=151 flags=[]
 23. 1/2-1/2 ply=239 flags=[]
 24. 0-1    ply=108 flags=[]
score: 16W-6L-2D (0.708)
