  1. 0-1    ply=132 flags=[]
  2. 1/2-1/2 ply=136 flags=[]
  3. 1-0    ply=133 flags=[]
  4. 1/2-1/2 ply=293 flags=[]
  5. 0-1    ply=116 flags=[]
  6. 1-0    ply=107 flags=[]
  7. 0-1    ply=122 flags=[]
  8. 1-0    ply=173 flags=[]
  9. 0-1    ply=106 flags=[]
 10. 1-0    ply=153 flags=[]
 11. 0-1    ply=146 flags=[]
 12. 0-1    ply=170 flags=[]
 13. 0-1    ply= 80 flags=[]
 14. 1-0    ply=129 flags=[]
 15. 1/2-1/2 ply=182 flags=[]
 16. 0-1    ply=150 flags=[]
 17. 0-1    ply=120 flags=[]
 18. 1/2-1/2 ply=165 flags=[]
 19. 1/2-1/2 ply=179 flags=[]
 20. 0-1    ply= 78 flags=[]
 21. 1-0    ply=165 flags=[]
 22. 1-0    ply=203 flags=[]
 23. 1-0    ply= 99 flags=[]
 24. 0-1    ply=156 flags=[]
score: 7W-12L-5D (0.396)
