  1. 1-0    ply=135 flags=[]
  2. 0-1    ply=144 flags=[]
  3. 1-0    ply=181 flags=[]
  4. 0-1    ply=138 flags=[]
  5. 1-0    ply= 63 flags=[]
  6. 0-1    ply=178 flags=[]
  7. 1-0    ply= 67 flags=[]
  8. 0-1    ply= 50 flags=[]
  9. 1-0    ply=103 flags=[]
 10. 0-1    ply=134 flags=[]
 11. 1-0    ply=107 flags=[]
 12. 0-1    ply= 64 flags=[]
 13. 1-0    ply=179 flags=[]
 14. 0-1    ply= 86 flags=[]
 15. 1-0    ply= 49 flags=[]
 16. 0-1    ply= 98 flags=[]
 17. 1-0    ply=103 flags=[]
 18. 0-1    ply= 40 flags=[]
 19. 1-0    ply=135 flags=[]
 20. 0-1    ply= 50 flags=[]
 21. 1-0    ply=175 flags=[]
 22. 0-1    ply= 94 flags=[]
 23. 1-0    ply=107 flags=[]
 24. 0-1    ply=106 flags=[]
score: 24W-0L-0D (1.000)
