# local_game --games=22 --base-ms=5000 --inc-ms=50 --sides=agent:ref1a --seed=7
game 00 ply= 33 result=1-0 time=   6.1s flags=0 start=rnbqkbnr/pppppppp/8/8/8/8/PPPPPPPP/RNBQKBNR
  moves: g1f3 h7h5 b1c3 g7g5 c3e4 f8g7 e2e3 g7b2 c1b2 f7f5 b2h8 f5e4 f3g5 e7e5 h2h4 d8g5 h4g5 b7b5 d1h5 e8f8 f1b5 a7a5 h5h7 c7c5 h7g7 f8e8 g7g8 e8e7 g8c8 d7d5 c8e8 e7d6 h8e5
game 01 ply= 37 result=1-0 time=   6.7s flags=0 start=r1bqkbnr/pppp1ppp/2n5/4p3/4P3/5N2/PPPP1PPP/RNBQKB1R
  moves: f3e5 c6e5 d2d4 e5d3 c2d3 h7h5 e4e5 g7g5 f1e2 b7b5 e1g1 a7a5 d4d5 c7c5 d5c6 d7c6 e5e6 f7e6 d3d4 d8d4 d1d4 c6c5 d4h8 c5c4 h8g8 c4c3 e2h5 e8d8 g8f8 d8c7 f8c5 c7b8 c5d6 b8b7 h5f3 b7a7 c1e3
game 02 ply= 45 result=1-0 time=   7.6s flags=0 start=rnbqkb1r/ppp2ppp/4pn2/3p4/2PP4/2N5/PP2PPPP/R1BQKBNR
  moves: c4d5 e6d5 a1b1 f6g8 b1a1 h7h5 c3d5 f8b4 d5b4 d8d4 d1d4 g7g5 d4h8 b7b5 h8g8 e8e7 g8c8 a7a5 b4d5 e7d6 d5c7 f7f5 c7a8 d6e7 c8b8 f5f4 b8e5 e7f8 e5f5 f8g8 a8c7 f4f3 f5g6 g8h8 g6h5 h8g8 h5g6 g8h8 e2f3 g5g4 f3g4 b5b4 g6h6 h8g8 f1c4
game 03 ply= 57 result=1-0 time=   8.7s flags=0 start=r1bqk1nr/pppp1ppp/2n5/2b1p3/2B1P3/5N2/PPPP1PPP/RNBQK2R
  moves: c4f7 e8f7 f3e5 c6e5 d1h5 g7g6 h5e5 c5f2 e1f2 d8f6 e5f6 g8f6 b1a3 f6e4 f2e1 e4d2 e1d2 b7b5 a3b5 h7h5 h1f1 f7g8 b5d4 a8b8 d4f3 b8b2 c1b2 c8b7 b2h8 b7f3 f1f3 g8h8 f3f2 a7a5 d2e3 c7c5 f2f7 d7d5 f7a7 d5d4 e3d2 d4d3 c2d3 c5c4 d3c4 g6g5 a7a5 h5h4 a5g5 h4h3 g2h3 h8h7 a1b1 h7h6 b1g1 h6h7 g5h5
game 04 ply= 43 result=1-0 time=   7.0s flags=0 start=rnbqkb1r/pp2pppp/3p1n2/8/3NP3/8/PPP2PPP/RNBQKB1R
  moves: b1d2 f6e4 d2e4 d8a5 c1d2 a5d2 d1d2 h7h5 e1c1 g7g5 f1b5 e8d8 e4g5 a7a5 g5f7 d8c7 f7h8 b7b6 h8g6 e7e5 g6f8 e5d4 d2d4 c7d8 d4h4 d8c7 h4c4 c7d8 c4h4 d8c7 f8e6 c8e6 h4e7 c7c8 e7e6 c8d8 d1d6 d8c7 e6e7 b8d7 e7d7 c7b8 d6b6
game 05 ply= 19 result=1-0 time=   3.9s flags=0 start=rnbqkbnr/pppppppp/8/8/8/8/PPPPPPPP/RNBQKBNR
  moves: b1a3 h7h5 g1f3 b7b5 a3b5 c8b7 b5a7 b7f3 a7b5 f3e2 f1e2 a8a2 a1a2 c7c5 a2a8 d8a5 a8b8 a5d8 b5c7
game 06 ply= 25 result=1-0 time=   4.6s flags=0 start=r1bqkbnr/pppp1ppp/2n5/4p3/4P3/5N2/PPPP1PPP/RNBQKB1R
  moves: b1a3 f8a3 b2a3 d8h4 f3h4 c6b4 a3b4 f7f5 d1h5 g7g6 h5g5 f5e4 g5e5 e8d8 e5h8 h7h5 h8g8 d8e7 h4g6 e7f6 c1b2 f6g5 g6h4 g5h4 b2f6
game 07 ply= 71 result=1-0 time=  10.2s flags=0 start=rnbqkb1r/ppp2ppp/4pn2/3p4/2PP4/2N5/PP2PPPP/R1BQKBNR
  moves: c4d5 e6d5 a1b1 f6g8 b1a1 h7h5 d1d3 g7g5 d3e3 d8e7 c3d5 e7e3 f2e3 b7b5 d5c7 e8d8 c7a8 c8b7 e3e4 b7a8 c1g5 f7f6 g5h4 a8e4 a2a4 e4g2 f1g2 b5a4 g2d5 a7a5 d5a2 h8h6 a2g8 d8c8 g8c4 f8a3 a1a3 f6f5 c4d3 f5f4 a3a4 f4f3 a4c4 c8d7 h4g5 f3e2 g5h6 d7e8 c4c8 e8d7 c8b8 d7c7 b8h8 h5h4 g1e2 a5a4 h6f4 c7b7 h8h4 a4a3 b2a3 b7a7 e1d1 a7b7 d1d2 b7a8 h1b1 a8a7 f4b8 a7a8 d3e4
game 08 ply= 59 result=1-0 time=   9.1s flags=0 start=r1bqk1nr/pppp1ppp/2n5/2b1p3/2B1P3/5N2/PPPP1PPP/RNBQK2R
  moves: c4f7 e8f7 f3e5 c6e5 d1h5 g7g6 h5e5 c5f2 e1f2 d8f6 e5f6 g8f6 e4e5 f6g4 f2e1 f7g8 e5e6 g4h2 h1h2 d7e6 b1c3 h7h5 c3e4 b7b5 e4f6 g8f8 f6g4 h5g4 h2h8 f8g7 h8d8 c8d7 d8a8 d7c6 a8a7 c6g2 a7c7 g7h6 c7f7 g2d5 d2d4 g6g5 f7f8 d5a2 a1a2 e6e5 d4e5 b5b4 f8f6 h6h7 c1g5 b4b3 a2a7 h7g8 f6g6 g8f8 g5h6 f8e8 g6g8
game 09 ply= 37 result=1-0 time=   6.3s flags=0 start=rnbqkb1r/pp2pppp/3p1n2/8/3NP3/8/PPP2PPP/RNBQKB1R
  moves: b1d2 f6e4 d2e4 d8a5 c1d2 a5d2 e1d2 h7h5 d2c3 g7g5 f1b5 e8d8 e4g5 a7a5 g5f7 d8c7 f7h8 b7b6 d1d3 e7e5 d4f3 c7d8 h8f7 d8e7 d3d6 e7f7 d6d5 c8e6 f3g5 f7g8 d5e6 g8h8 e6f6 f8g7 f6d8 g7f8 d8f8
game 10 ply= 33 result=1-0 time=   5.8s flags=0 start=rnbqkbnr/pppppppp/8/8/8/8/PPPPPPPP/RNBQKBNR
  moves: b1a3 h7h5 g1f3 b7b5 a3b5 c8b7 b5c3 b7f3 e2f3 g7g5 c3a4 f8g7 d2d4 g7d4 d1d4 a7a5 d4h8 e7e5 h8g8 e8e7 c1g5 f7f6 g5f6 e7f6 g8d8 f6g7 d8e7 g7h8 e7f8 h8h7 f1d3 e5e4 d3e4
game 11 ply= 25 result=1-0 time=   4.6s flags=0 start=r1bqkbnr/pppp1ppp/2n5/4p3/4P3/5N2/PPPP1PPP/RNBQKB1R
  moves: b1a3 f8a3 b2a3 d8h4 f3h4 c6b4 a3b4 f7f5 d1h5 g7g6 h5g5 f5e4 g5e5 e8d8 e5h8 h7h5 h8g8 d8e7 h4g6 e7f6 c1b2 f6g5 g6h4 g5h4 b2f6
game 12 ply= 49 result=1-0 time=   8.4s flags=0 start=rnbqkb1r/ppp2ppp/4pn2/3p4/2PP4/2N5/PP2PPPP/R1BQKBNR
  moves: c4d5 e6d5 a1b1 f6g8 b1a1 h7h5 d1d3 g7g5 d3e3 d8e7 e3d3 e7e2 d3e2 e8d8 c1g5 f7f6 g5d2 b7b5 e2f3 a7a5 f3d5 d8e8 f1b5 c7c6 d5f3 c6b5 f3a8 f6f5 a8b8 f5f4 b8e5 e8d8 e5h8 f4f3 h8g8 f3g2 g8f8 d8d7 f8f7 d7c6 f7d5 c6b6 d5d8 b6b7 d8d5 b7b8 c3b5 g2h1n d2f4
game 13 ply= 55 result=1-0 time=   8.7s flags=0 start=r1bqk1nr/pppp1ppp/2n5/2b1p3/2B1P3/5N2/PPPP1PPP/RNBQK2R
  moves: c4f7 e8f7 b2b4 c5f2 e1f2 d8h4 f3h4 c6b4 h4f3 b4d3 c2d3 d7d5 f3e5 f7e6 d1h5 d5e4 h5f7 e6e5 f7e8 e5d6 e8f8 d6d7 f8f5 d7c6 f5f8 e4d3 f8f3 c6d7 f3f7 d7d8 f7f8 d8d7 f8f5 d7e8 f5h5 g7g6 h5a5 h7h5 a5e5 e8d8 e5h8 b7b5 h8g8 d8e7 g8g7 e7e8 h1e1 c8e6 e1e6 e8d8 g7e7 d8c8 e6c6 c8b8 e7c7
game 14 ply= 35 result=1-0 time=   6.0s flags=0 start=rnbqkb1r/pp2pppp/3p1n2/8/3NP3/8/PPP2PPP/RNBQKB1R
  moves: b1d2 f6e4 d2e4 d8a5 c1d2 a5d2 e1d2 f7f5 e4g5 h7h6 g5e6 c8e6 d4e6 g7g5 e6c7 e8d7 c7a8 b7b5 f1b5 d7d8 b5d3 f8g7 d1b1 g7b2 b1b2 a7a5 b2h8 d8d7 a8b6 d7c7 h8c8 c7b6 h1b1 b6a7 c8b8
game 15 ply= 57 result=1-0 time=   8.7s flags=0 start=rnbqkbnr/pppppppp/8/8/8/8/PPPPPPPP/RNBQKBNR
  moves: b1a3 h7h5 a1b1 g7g5 g1f3 b7b5 a3b5 c8b7 f3g5 b7g2 f1g2 f8h6 g5f7 h6d2 c1d2 e8f7 g2a8 a7a6 a8d5 e7e6 d2c3 e6d5 d1d5 f7e8 c3h8 a6b5 d5g8 e8e7 h8f6 e7f6 g8d8 f6g7 d8b8 c7c5 b8e5 g7g8 e5e8 g8h7 e8d7 h7h8 d7b5 c5c4 b5h5 h8g8 h5d5 g8h8 d5c4 h8h7 c4f7 h7h8 f7f6 h8h7 e1d2 h7g8 h1g1 g8h7 f6h4
game 16 ply= 75 result=1-0 time=  10.5s flags=0 start=r1bqkbnr/pppp1ppp/2n5/4p3/4P3/5N2/PPPP1PPP/RNBQKB1R
  moves: f3e5 c6e5 d1h5 e5d3 c2d3 g7g5 e4e5 b7b5 d3d4 a7a5 f1b5 h7h6 e1g1 c7c5 h5f3 c5d4 f3a8 f7f5 a8a7 d4d3 b5d3 d7d5 e5d6 d8d6 a7a8 d6h2 g1h2 f5f4 a8c8 e8e7 c8c5 e7e8 c5c8 e8e7 c8a8 f4f3 a8a7 e7e8 d3g6 e8d8 a7a8 d8c7 a8a5 c7c8 g6f5 c8b7 f5e4 b7c8 a5c3 c8d8 c3h8 f3g2 h8d4 f8d6 d4d6 d8c8 h2g2 h6h5 e4f5 c8b7 b1a3 g8h6 f5e4 b7c8 d6h6 h5h4 h6g5 h4h3 g2h3 c8c7 g5e7 c7c8 a3c4 c8b8 e7b7
game 17 ply= 23 result=1-0 time=   4.7s flags=0 start=rnbqkb1r/ppp2ppp/4pn2/3p4/2PP4/2N5/PP2PPPP/R1BQKBNR
  moves: c4d5 e6d5 a1b1 f6g8 b1a1 h7h5 d1d3 g7g5 d3e3 d8e7 e3g3 e7e2 f1e2 b7b5 g3e5 e8d8 c1g5 d8d7 e5f5 d7c6 f5d5 c6b6 d5b5
game 18 ply= 45 result=1-0 time=   7.9s flags=0 start=r1bqk1nr/pppp1ppp/2n5/2b1p3/2B1P3/5N2/PPPP1PPP/RNBQK2R
  moves: b1a3 c5a3 b2a3 c6b8 f3e5 h7h5 e1g1 g7g5 a3a4 b7b5 c4d5 b5a4 d5f7 e8e7 f7c4 a7a5 e5f7 c7c5 f7d8 e7d8 c4f7 c8b7 f7g6 b7e4 g6e4 d7d5 e4d5 c5c4 d5a8 c4c3 d2c3 d8e8 c1g5 h5h4 f1e1 e8f8 d1d8 f8g7 d8d4 g7g6 d4d6 g6g5 e1e5 g5g4 d6d4
game 19 ply= 27 result=1-0 time=   5.3s flags=0 start=rnbqkb1r/pp2pppp/3p1n2/8/3NP3/8/PPP2PPP/RNBQKB1R
  moves: b1d2 f6e4 d2e4 d8a5 c1d2 a5d2 e1d2 f7f5 e4g5 h7h6 g5e6 c8e6 d4e6 g7g5 e6c7 e8d7 c7a8 b7b5 f1b5 d7d8 c2c4 f8g7 d1a4 g7b2 a4a7 e7e5 a7c7
game 20 ply= 37 result=1-0 time=   6.8s flags=0 start=rnbqkbnr/pppppppp/8/8/8/8/PPPPPPPP/RNBQKBNR
  moves: b1a3 h7h5 a1b1 g7g5 a3b5 f8g7 g1f3 g7b2 c1b2 c7c5 b2h8 d8a5 f3g5 a5d2 e1d2 a7a6 b5c7 e8d8 c7a8 f7f6 g5h7 b7b6 h8g7 c8b7 c2c3 b7a8 d2e3 a8g2 f1g2 e7e5 g2e4 d7d5 d1d5 d8e8 e4g6 e8e7 g7f8
game 21 ply= 75 result=1-0 time=  10.9s flags=0 start=r1bqkbnr/pppp1ppp/2n5/4p3/4P3/5N2/PPPP1PPP/RNBQKB1R
  moves: f3e5 c6e5 d1h5 e5d3 c2d3 g7g5 e4e5 b7b5 h5h3 h7h5 h3f3 a7a5 f3a8 f7f5 a8b8 c7c5 b8a8 d7d5 a8b8 f5f4 b8a8 c5c4 a8b8 c4d3 b8a8 f4f3 a8c6 e8f7 c6c3 f3g2 f1g2 f7e8 e1g1 h5h4 e5e6 c8e6 c3h8 e6c8 h8g8 g5g4 g8g6 e8e7 g6g8 b5b4 g8g5 e7e8 g5g6 e8e7 g6g5 e7e8 g5g6 e8e7 g6g8 e7e8 g8g6 e8e7 g6g8 e7e8 g8h8 a5a4 h8g8 d5d4 g8h8 g4g3 h8h5 e8e7 f2g3 h4g3 h5g5 e7e8 g5g6 e8e7 f1f7 e7e8 f7c7

=== SUMMARY: 22 games, 5000ms+50ms, agent:ref1a, 158s wall ===
agent wins 22, ref1a wins 0, draws 0
OK: zero illegal moves, zero crashes, zero timeouts, zero slow moves
