# gate hand:1111 (new, /home/pino/chess/repo) vs hand:1111 (old, /home/pino/chess/trees/v7ref) games=24 move-ms=500 seed=29
  1. 1/2-1/2 ply=233 flags=[]
  2. 1-0    ply=123 flags=[]
  3. 1-0    ply=125 flags=[]
  4. 1-0    ply=185 flags=[]
  5. 1/2-1/2 ply=247 flags=[]
  6. 1-0    ply=135 flags=[]
  7. 1/2-1/2 ply=169 flags=[]
  8. 0-1    ply= 56 flags=[]
  9. 0-1    ply= 84 flags=[]
 10. 1-0    ply= 63 flags=[]
 11. 0-1    ply=140 flags=[]
 12. 0-1    ply=294 flags=[]
 13. 1-0    ply=121 flags=[]
 14. 1/2-1/2 ply=187 flags=[]
 15. 0-1    ply=150 flags=[]
 16. 1-0    ply=127 flags=[]
 17. 1-0    ply=123 flags=[]
 18. 1-0    ply=289 flags=[]
 19. 0-1    ply=138 flags=[]
 20. 1-0    ply= 77 flags=[]
 21. 1-0    ply= 93 flags=[]
 22. 1/2-1/2 ply=144 flags=[]
 23. 1-0    ply= 69 flags=[]
 24. 0-1    ply= 92 flags=[]
score: 8W-11L-5D (0.438)
