  1. 1/2-1/2 ply=174 flags=[]
  2. 0-1    ply= 98 flags=[]
  3. 0-1    ply=138 flags=[]
  4. 1-0    ply=195 flags=[]
  5. 1/2-1/2 ply=300 flags=[]
  6. 1-0    ply=159 flags=[]
  7. 0-1    ply=124 flags=[]
  8. 1-0    ply=135 flags=[]
  9. 0-1    ply=242 flags=[]
 10. 1/2-1/2 ply=300 flags=[]
 11. 1/2-1/2 ply=300 flags=[]
 12. 0-1    ply=144 flags=[]
 13. 0-1    ply=172 flags=[]
 14. 0-1    ply=160 flags=[]
 15. 1-0    ply= 57 flags=[]
 16. 1-0    ply=207 flags=[]
 17. 1-0    ply=115 flags=[]
 18. 0-1    ply=190 flags=[]
 19. 1/2-1/2 ply=166 flags=[]
 20. 1-0    ply=139 flags=[]
 21. 0-1    ply=130 flags=[]
 22. 1-0    ply=139 flags=[]
 23. 1-0    ply= 95 flags=[]
 24. 0-1    ply=178 flags=[]
score: 8W-11L-5D (0.438)
