# gate hand:1111:see,seeprune (new, /home/pino/projects/chessathon) vs hand:1111:see (old, /home/pino/projects/chessathon) games=24 move-ms=500 seed=7
  1. 1-0    ply= 87 flags=[]
  2. 1-0    ply=225 flags=[]
  3. 0-1    ply= 86 flags=[]
  4. 0-1    ply=112 flags=[]
  5. 1/2-1/2 ply=153 flags=[]
  6. 1-0    ply=155 flags=[]
  7. 0-1    ply=230 flags=[]
  8. 0-1    ply=104 flags=[]
  9. 0-1    ply=172 flags=[]
 10. 1/2-1/2 ply=300 flags=[]
 11. 1/2-1/2 ply=217 flags=[]
 12. 1/2-1/2 ply=300 flags=[]
 13. 0-1    ply=146 flags=[]
 14. 1-0    ply=141 flags=[]
 15. 0-1    ply=126 flags=[]
 16. 0-1    ply=124 flags=[]
 17. 0-1    ply=120 flags=[]
 18. 0-1    ply=152 flags=[]
 19. 1-0    ply=205 flags=[]
 20. 1/2-1/2 ply= 96 flags=[]
 21. 1-0    ply=107 flags=[]
 22. 0-1    ply=142 flags=[]
 23. 1/2-1/2 ply=159 flags=[]
 24. 1-0    ply=187 flags=[]
score: 8W-10L-6D (0.458)
