# gate hand:1111 (new, /home/pino/chess/repo) vs hand:1111 (old, /home/pino/chess/trees/v7ref) games=24 move-ms=500 seed=23
  1. 1-0    ply= 73 flags=[]
  2. 1-0    ply=267 flags=[]
  3. 0-1    ply=286 flags=[]
  4. 1/2-1/2 ply=155 flags=[]
  5. 0-1    ply=174 flags=[]
  6. 1-0    ply= 49 flags=[]
  7. 1/2-1/2 ply=217 flags=[]
  8. 0-1    ply= 74 flags=[]
  9. 1-0    ply= 81 flags=[]
 10. 1-0    ply=117 flags=[]
 11. 0-1    ply=116 flags=[]
 12. 1/2-1/2 ply=153 flags=[]
 13. 1-0    ply= 97 flags=[]
 14. 0-1    ply=300 flags=[]
 15. 1-0    ply=261 flags=[]
 16. 1-0    ply=123 flags=[]
 17. 1-0    ply=171 flags=[]
 18. 0-1    ply=158 flags=[]
 19. 1/2-1/2 ply=182 flags=[]
 20. 1-0    ply=169 flags=[]
 21. 1-0    ply=131 flags=[]
 22. 0-1    ply= 92 flags=[]
 23. 1-0    ply=117 flags=[]
 24. 1/2-1/2 ply= 97 flags=[]
score: 11W-8L-5D (0.562)
