# gate hand:1111 (new, /tmp/c345-mine) vs hand:1111 (old, /tmp/chessathon-v9k-base) games=24 move-ms=500 seed=11
  1. 1/2-1/2 ply=267 flags=[]
  2. 1-0    ply=223 flags=[]
  3. 1/2-1/2 ply=173 flags=[]
  4. 1/2-1/2 ply=300 flags=[]
  5. 1-0    ply=141 flags=[]
  6. 1-0    ply=105 flags=[]
  7. 0-1    ply= 90 flags=[]
  8. 1/2-1/2 ply=300 flags=[]
  9. 1/2-1/2 ply=161 flags=[]
 10. 1-0    ply=149 flags=[]
 11. 0-1    ply= 60 flags=[]
 12. 1/2-1/2 ply=190 flags=[]
 13. 1/2-1/2 ply= 53 flags=[]
 14. 0-1    ply=194 flags=[]
 15. 0-1    ply=236 flags=[]
 16. 0-1    ply=118 flags=[]
 17. 0-1    ply=300 flags=[]
 18. 0-1    ply= 38 flags=[]
 19. 1/2-1/2 ply=147 flags=[]
 20. 1/2-1/2 ply=142 flags=[]
 21. 1/2-1/2 ply=130 flags=[]
 22. 1-0    ply=157 flags=[]
 23. 1-0    ply=153 flags=[]
 24. 0-1    ply=100 flags=[]
score: 6W-8L-10D (0.458)
