# gate hand:1111 (new, /home/pino/projects/chessathon) vs hand:1111 (old, /tmp/chessathon-v7ref) games=24 move-ms=500 seed=7
  1. 0-1    ply=134 flags=[]
  2. 0-1    ply=142 flags=[]
  3. 1-0    ply=113 flags=[]
  4. 0-1    ply= 74 flags=[]
  5. 1-0    ply=163 flags=[]
  6. 0-1    ply=110 flags=[]
  7. 0-1    ply=170 flags=[]
  8. 0-1    ply=300 flags=[]
  9. 1-0    ply= 95 flags=[]
 10. 1-0    ply=125 flags=[]
 11. 1-0    ply=189 flags=[]
 12. 1/2-1/2 ply=213 flags=[]
 13. 1-0    ply=171 flags=[]
 14. 0-1    ply=164 flags=[]
 15. 1/2-1/2 ply=170 flags=[]
 16. 1-0    ply=109 flags=[]
 17. 1-0    ply=141 flags=[]
 18. 1-0    ply=103 flags=[]
 19. 1/2-1/2 ply= 62 flags=[]
 20. 1/2-1/2 ply=136 flags=[]
 21. 0-1    ply=154 flags=[]
 22. 1-0    ply=125 flags=[]
 23. 1/2-1/2 ply=133 flags=[]
 24. 1-0    ply=167 flags=[]
score: 11W-8L-5D (0.562)
