  1. 1-0    ply=109 flags=[]
  2. 1-0    ply= 77 flags=[]
  3. 0-1    ply=174 flags=[]
  4. 1/2-1/2 ply=262 flags=[]
  5. 1-0    ply= 71 flags=[]
  6. 1/2-1/2 ply=171 flags=[]
  7. 1-0    ply=191 flags=[]
  8. 1-0    ply= 83 flags=[]
  9. 0-1    ply=134 flags=[]
 10. 1-0    ply= 69 flags=[]
 11. 0-1    ply=138 flags=[]
 12. 0-1    ply=158 flags=[]
 13. 1-0    ply= 95 flags=[]
 14. 1-0    ply=111 flags=[]
 15. 1-0    ply= 77 flags=[]
 16. 1-0    ply=117 flags=[]
 17. 0-1    ply=132 flags=[]
 18. 0-1    ply=124 flags=[]
 19. 0-1    ply=210 flags=[]
 20. 1-0    ply=137 flags=[]
 21. 0-1    ply=134 flags=[]
 22. 1/2-1/2 ply=154 flags=[]
 23. 1-0    ply= 89 flags=[]
 24. 1-0    ply=107 flags=[]
score: 8W-13L-3D (0.396)
