# gate hand:1111 (new, /home/pino/projects/chessathon) vs hand:1111 (old, /tmp/chessathon_prefix) games=24 move-ms=500 seed=7
  1. 0-1    ply=154 flags=[]
  2. 0-1    ply= 72 flags=[]
  3. 0-1    ply= 70 flags=[]
  4. 1-0    ply=129 flags=[]
  5. 1/2-1/2 ply=136 flags=[]
  6. 1/2-1/2 ply=207 flags=[]
  7. 1/2-1/2 ply=143 flags=[]
  8. 0-1    ply=176 flags=[]
  9. 1/2-1/2 ply=142 flags=[]
 10. 0-1    ply=168 flags=[]
 11. 0-1    ply=254 flags=[]
 12. 1-0    ply=141 flags=[]
 13. 0-1    ply= 98 flags=[]
 14. 1-0    ply=131 flags=[]
 15. 1-0    ply=123 flags=[]
 16. 1-0    ply= 59 flags=[]
 17. 1-0    ply=179 flags=[]
 18. 0-1    ply=140 flags=[]
 19. 0-1    ply=178 flags=[]
 20. 1/2-1/2 ply=239 flags=[]
 21. 0-1    ply=104 flags=[]
 22. 0-1    ply=136 flags=[]
 23. 1-0    ply=141 flags=[]
 24. 0-1    ply= 98 flags=[]
score: 9W-10L-5D (0.479)
