# gate hand:1111 (new, /tmp/c345-mine) vs hand:1111 (old, /tmp/chessathon-v9k-base) games=24 move-ms=500 seed=7
  1. 0-1    ply= 88 flags=[]
  2. 1-0    ply=109 flags=[]
  3. 0-1    ply=120 flags=[]
  4. 0-1    ply=128 flags=[]
  5. 1-0    ply=159 flags=[]
  6. 1-0    ply=183 flags=[]
  7. 1-0    ply=169 flags=[]
  8. 1-0    ply= 71 flags=[]
  9. 1/2-1/2 ply=207 flags=[]
 10. 0-1    ply=212 flags=[]
 11. 1-0    ply=117 flags=[]
 12. 0-1    ply=170 flags=[]
 13. 0-1    ply=144 flags=[]
 14. 1-0    ply=137 flags=[]
 15. 0-1    ply=116 flags=[]
 16. 1-0    ply=109 flags=[]
 17. 1/2-1/2 ply=214 flags=[]
 18. 0-1    ply=132 flags=[]
 19. 1/2-1/2 ply=177 flags=[]
 20. 1-0    ply=115 flags=[]
 21. 1-0    ply=151 flags=[]
 22. 0-1    ply=294 flags=[]
 23. 0-1    ply=120 flags=[]
 24. 1-0    ply=149 flags=[]
score: 9W-12L-3D (0.438)
