  1. 1/2-1/2 ply=121 flags=[]
  2. 0-1    ply= 94 flags=[]
  3. 0-1    ply=122 flags=[]
  4. 1-0    ply=125 flags=[]
  5. 1-0    ply=153 flags=[]
  6. 0-1    ply=148 flags=[]
  7. 1-0    ply=147 flags=[]
  8. 1-0    ply=147 flags=[]
  9. 1-0    ply=169 flags=[]
 10. 0-1    ply=210 flags=[]
 11. 1-0    ply=147 flags=[]
 12. 1-0    ply= 87 flags=[]
 13. 0-1    ply=102 flags=[]
 14. 1/2-1/2 ply=265 flags=[]
 15. 1-0    ply=115 flags=[]
 16. 1/2-1/2 ply=267 flags=[]
 17. 1-0    ply=101 flags=[]
 18. 1-0    ply=129 flags=[]
 19. 1/2-1/2 ply=157 flags=[]
 20. 0-1    ply=102 flags=[]
 21. 0-1    ply=204 flags=[]
 22. 1/2-1/2 ply= 88 flags=[]
 23. 1/2-1/2 ply=115 flags=[]
 24. 1-0    ply=237 flags=[]
score: 10W-8L-6D (0.542)
