  1. 0-1    ply=130 flags=[]
  2. 0-1    ply= 64 flags=[]
  3. 1/2-1/2 ply=176 flags=[]
  4. 0-1    ply=196 flags=[]
  5. 1-0    ply=153 flags=[]
  6. 1/2-1/2 ply=120 flags=[]
  7. 1/2-1/2 ply=113 flags=[]
  8. 1-0    ply=171 flags=[]
  9. 1-0    ply=127 flags=[]
 10. 1/2-1/2 ply= 96 flags=[]
 11. 1/2-1/2 ply=151 flags=[]
 12. 1-0    ply=159 flags=[]
 13. 0-1    ply=134 flags=[]
 14. 1-0    ply=109 flags=[]
 15. 1-0    ply=127 flags=[]
 16. 1/2-1/2 ply=186 flags=[]
 17. 1/2-1/2 ply=181 flags=[]
 18. 1/2-1/2 ply=164 flags=[]
 19. 1-0    ply=141 flags=[]
 20. 1/2-1/2 ply=300 flags=[]
 21. 1/2-1/2 ply=192 flags=[]
 22. 1-0    ply=123 flags=[]
 23. 1-0    ply=139 flags=[]
 24. 0-1    ply=194 flags=[]
score: 8W-6L-10D (0.542)
