# gate_parallel tag=stackclean seeds=[7, 11, 13] games=24 move-ms=500 parallel=3 out=/home/pino/projects/chessathon/results
[s13]   1. 0-1    ply=132 flags=[]
[s7]   1. 1/2-1/2 ply=197 flags=[]
[s13]   2. 1/2-1/2 ply=136 flags=[]
[s11]   1. 1/2-1/2 ply=267 flags=[]
[s7]   2. 1/2-1/2 ply=133 flags=[]
[s13]   3. 1-0    ply=133 flags=[]
[s7]   3. 1-0    ply=107 flags=[]
[s11]   2. 1-0    ply=223 flags=[]
[s7]   4. 0-1    ply= 74 flags=[]
[s7]   5. 1-0    ply=101 flags=[]
[s11]   3. 1/2-1/2 ply=173 flags=[]
[s13]   4. 1/2-1/2 ply=293 flags=[]
[s13]   5. 0-1    ply=116 flags=[]
[s7]   6. 1/2-1/2 ply=300 flags=[]
[s13]   6. 1-0    ply=107 flags=[]
[s11]   4. 1/2-1/2 ply=300 flags=[]
[s13]   7. 0-1    ply=122 flags=[]
[s7]   7. 1/2-1/2 ply=167 flags=[]
[s11]   5. 1-0    ply=141 flags=[]
[s13]   8. 1-0    ply=173 flags=[]
[s7]   8. 1-0    ply=169 flags=[]
[s11]   6. 1-0    ply=105 flags=[]
[s13]   9. 0-1    ply=106 flags=[]
[s11]   7. 0-1    ply= 90 flags=[]
[s7]   9. 0-1    ply=124 flags=[]
[s13]  10. 1-0    ply=153 flags=[]
[s7]  10. 1/2-1/2 ply=177 flags=[]
[s13]  11. 0-1    ply=146 flags=[]
[s11]   8. 1/2-1/2 ply=300 flags=[]
[s7]  11. 1/2-1/2 ply=199 flags=[]
[s13]  12. 0-1    ply=170 flags=[]
[s11]   9. 1/2-1/2 ply=161 flags=[]
[s13]  13. 0-1    ply= 80 flags=[]
[s11]  10. 1-0    ply=149 flags=[]
[s7]  12. 1-0    ply=225 flags=[]
[s13]  14. 1-0    ply=129 flags=[]
[s11]  11. 0-1    ply= 60 flags=[]
[s7]  13. 1-0    ply=173 flags=[]
[s13]  15. 1/2-1/2 ply=182 flags=[]
[s11]  12. 1/2-1/2 ply=190 flags=[]
[s11]  13. 1/2-1/2 ply= 53 flags=[]
[s13]  16. 0-1    ply=150 flags=[]
[s7]  14. 1-0    ply=185 flags=[]
[s13]  17. 0-1    ply=120 flags=[]
[s11]  14. 0-1    ply=194 flags=[]
[s7]  15. 1-0    ply=181 flags=[]
[s7]  16. 1/2-1/2 ply= 98 flags=[]
[s13]  18. 1/2-1/2 ply=165 flags=[]
[s11]  15. 0-1    ply=236 flags=[]
[s7]  17. 1-0    ply=179 flags=[]
[s11]  16. 0-1    ply=118 flags=[]
[s13]  19. 1/2-1/2 ply=179 flags=[]
[s13]  20. 0-1    ply= 78 flags=[]
[s7]  18. 1-0    ply=157 flags=[]
[s7]  19. 1/2-1/2 ply= 80 flags=[]
[s13]  21. 1-0    ply=165 flags=[]
[s11]  17. 0-1    ply=300 flags=[]
[s11]  18. 0-1    ply= 38 flags=[]
[s7]  20. 1/2-1/2 ply=135 flags=[]
[s13]  22. 1-0    ply=203 flags=[]
[s11]  19. 1/2-1/2 ply=147 flags=[]
[s13]  23. 1-0    ply= 99 flags=[]
[s7]  21. 1-0    ply=233 flags=[]
[s11]  20. 1/2-1/2 ply=142 flags=[]
[s13]  24. 0-1    ply=156 flags=[]
[s13] score: 7W-12L-5D (0.396)
[s7]  22. 0-1    ply=164 flags=[]
[s11]  21. 1/2-1/2 ply=130 flags=[]
[s7]  23. 0-1    ply= 96 flags=[]
[s11]  22. 1-0    ply=157 flags=[]
[s7]  24. 1-0    ply=181 flags=[]
[s7] score: 8W-7L-9D (0.521)
[s11]  23. 1-0    ply=153 flags=[]
[s11]  24. 0-1    ply=100 flags=[]
[s11] score: 6W-8L-10D (0.458)
=== gate_parallel tag=stackclean ===
seeds [7, 11, 13] | games/gate 24 @ 500ms | wall 1947s
  seed    7: 8W-7L-9D (0.521) rc=0 1872s
  seed   11: 6W-8L-10D (0.458) rc=0 1947s
  seed   13: 7W-12L-5D (0.396) rc=0 1708s
POOLED: 21W-27L-24D over 72 games -> 0.458 (normal-approx 95% CI +-0.115)
band: NEUTRAL (0.45-0.55)   [bands as calibrated solo; pooled N tightens them, it does not shift them]
summary: /home/pino/projects/chessathon/results/gate_stackclean_summary.txt
