# gate hand:1111 (new, /home/pino/projects/chessathon) vs hand:1111 (old, /tmp/chessathon-v7ref) games=24 move-ms=500 seed=13
  1. 1-0    ply=159 flags=[]
  2. 1-0    ply= 97 flags=[]
  3. 1-0    ply=117 flags=[]
  4. 1-0    ply=105 flags=[]
  5. 1-0    ply=153 flags=[]
  6. 1-0    ply=161 flags=[]
  7. 1-0    ply=121 flags=[]
  8. 1-0    ply=119 flags=[]
  9. 1-0    ply= 87 flags=[]
 10. 0-1    ply=108 flags=[]
 11. 0-1    ply=134 flags=[]
 12. 1-0    ply=149 flags=[]
 13. 1-0    ply=237 flags=[]
 14. 1-0    ply=125 flags=[]
 15. 1-0    ply=101 flags=[]
 16. 1-0    ply=133 flags=[]
 17. 1/2-1/2 ply=182 flags=[]
 18. 0-1    ply=284 flags=[]
 19. 1-0    ply=147 flags=[]
 20. 1-0    ply=101 flags=[]
 21. 1-0    ply=209 flags=[]
 22. 0-1    ply=142 flags=[]
 23. 1/2-1/2 ply=115 flags=[]
 24. 1-0    ply=165 flags=[]
score: 12W-10L-2D (0.542)
