# gate hand:1111 (new, /home/pino/projects/chessathon) vs hand:1111 (old, /tmp/chessathon-v9k-base) games=24 move-ms=500 seed=11
  1. 0-1    ply= 94 flags=[]
  2. 1-0    ply=255 flags=[]
  3. 0-1    ply=144 flags=[]
  4. 0-1    ply=170 flags=[]
  5. 0-1    ply= 94 flags=[]
  6. 1/2-1/2 ply=170 flags=[]
  7. 1/2-1/2 ply=126 flags=[]
  8. 0-1    ply= 62 flags=[]
  9. 1-0    ply=199 flags=[]
 10. 0-1    ply=110 flags=[]
 11. 1-0    ply=123 flags=[]
 12. 1-0    ply= 97 flags=[]
 13. 1-0    ply=171 flags=[]
 14. 0-1    ply=142 flags=[]
 15. 1-0    ply=155 flags=[]
 16. 1-0    ply= 75 flags=[]
 17. 1/2-1/2 ply=109 flags=[]
 18. 0-1    ply= 76 flags=[]
 19. 1/2-1/2 ply=176 flags=[]
 20. 1-0    ply=113 flags=[]
 21. 1/2-1/2 ply=237 flags=[]
 22. 1-0    ply=145 flags=[]
 23. 1-0    ply=129 flags=[]
 24. 0-1    ply=170 flags=[]
score: 11W-8L-5D (0.562)
