  1. 0-1    ply=164 flags=[]
  2. 0-1    ply=158 flags=[]
  3. 0-1    ply=118 flags=[]
  4. 1/2-1/2 ply=104 flags=[]
  5. 1/2-1/2 ply=230 flags=[]
  6. 0-1    ply=108 flags=[]
  7. 1-0    ply=115 flags=[]
  8. 1/2-1/2 ply=300 flags=[]
  9. 0-1    ply=278 flags=[]
 10. 1-0    ply=163 flags=[]
 11. 1-0    ply=119 flags=[]
 12. 0-1    ply=128 flags=[]
 13. 1-0    ply=161 flags=[]
 14. 1-0    ply=117 flags=[]
 15. 1-0    ply=109 flags=[]
 16. 0-1    ply=104 flags=[]
 17. 0-1    ply=140 flags=[]
 18. 1/2-1/2 ply=255 flags=[]
 19. 1-0    ply= 53 flags=[]
 20. 0-1    ply=126 flags=[]
 21. 1-0    ply=161 flags=[]
 22. 1-0    ply=171 flags=[]
 23. 1/2-1/2 ply= 76 flags=[]
 24. 0-1    ply=170 flags=[]
score: 12W-7L-5D (0.604)
