  1. 1/2-1/2 ply=180 flags=[]
  2. 1-0    ply=147 flags=[]
  3. 0-1    ply=244 flags=[]
  4. 1-0    ply=157 flags=[]
  5. 1-0    ply=300 flags=[]
  6. 1-0    ply=151 flags=[]
  7. 1-0    ply=105 flags=[]
  8. 1-0    ply=183 flags=[]
  9. 0-1    ply=300 flags=[]
 10. 1/2-1/2 ply=211 flags=[]
 11. 0-1    ply=162 flags=[]
 12. 0-1    ply= 56 flags=[]
 13. 1/2-1/2 ply=300 flags=[]
 14. 1/2-1/2 ply=300 flags=[]
 15. 1-0    ply=169 flags=[]
 16. 0-1    ply=146 flags=[]
 17. 1/2-1/2 ply=155 flags=[]
 18. 0-1    ply=114 flags=[]
 19. 0-1    ply= 76 flags=[]
 20. 0-1    ply=148 flags=[]
 21. 1-0    ply=129 flags=[]
 22. 0-1    ply=216 flags=[]
 23. 1/2-1/2 ply=160 flags=[]
 24. 0-1    ply=114 flags=[]
score: 10W-8L-6D (0.542)
