# gate hand:1111 (new, /home/pino/projects/chessathon) vs hand:1111 (old, /tmp/chessathon-v9k-base) games=24 move-ms=500 seed=13
  1. 1-0    ply=135 flags=[]
  2. 1-0    ply=131 flags=[]
  3. 1-0    ply=145 flags=[]
  4. 1-0    ply=151 flags=[]
  5. 0-1    ply=170 flags=[]
  6. 1-0    ply=155 flags=[]
  7. 0-1    ply=138 flags=[]
  8. 1/2-1/2 ply=143 flags=[]
  9. 0-1    ply=150 flags=[]
 10. 0-1    ply=176 flags=[]
 11. 1/2-1/2 ply=231 flags=[]
 12. 0-1    ply=138 flags=[]
 13. 1-0    ply=157 flags=[]
 14. 1-0    ply=257 flags=[]
 15. 1/2-1/2 ply=136 flags=[]
 16. 1-0    ply=109 flags=[]
 17. 1/2-1/2 ply=180 flags=[]
 18. 1/2-1/2 ply=162 flags=[]
 19. 0-1    ply=132 flags=[]
 20. 1-0    ply=143 flags=[]
 21. 0-1    ply= 82 flags=[]
 22. 0-1    ply=274 flags=[]
 23. 1-0    ply=169 flags=[]
 24. 0-1    ply=176 flags=[]
score: 8W-11L-5D (0.438)
