  1. 1/2-1/2 ply=199 flags=[]
  2. 1-0    ply= 81 flags=[]
  3. 1-0    ply=135 flags=[]
  4. 1-0    ply= 91 flags=[]
  5. 1/2-1/2 ply=126 flags=[]
  6. 0-1    ply=156 flags=[]
  7. 1/2-1/2 ply=122 flags=[]
  8. 1-0    ply= 97 flags=[]
  9. 1-0    ply=105 flags=[]
 10. 1/2-1/2 ply=212 flags=[]
 11. 0-1    ply=256 flags=[]
 12. 1-0    ply= 43 flags=[]
 13. 1/2-1/2 ply=300 flags=[]
 14. 1-0    ply=279 flags=[]
 15. 1-0    ply= 99 flags=[]
 16. 1-0    ply=151 flags=[]
 17. 1/2-1/2 ply=139 flags=[]
 18. 1-0    ply= 97 flags=[]
 19. 1/2-1/2 ply=177 flags=[]
 20. 1/2-1/2 ply=220 flags=[]
 21. 1-0    ply= 91 flags=[]
 22. 1-0    ply=139 flags=[]
 23. 1-0    ply= 89 flags=[]
 24. 1-0    ply=125 flags=[]
score: 6W-10L-8D (0.417)
