  1. 0-1    ply=104 flags=[]
  2. 1-0    ply=139 flags=[]
  3. 1-0    ply=113 flags=[]
  4. 0-1    ply=158 flags=[]
  5. 1-0    ply=149 flags=[]
  6. 0-1    ply= 94 flags=[]
  7. 1-0    ply=151 flags=[]
  8. 1/2-1/2 ply=200 flags=[]
  9. 0-1    ply=156 flags=[]
 10. 0-1    ply= 98 flags=[]
 11. 1-0    ply=121 flags=[]
 12. 1-0    ply=165 flags=[]
 13. 0-1    ply=122 flags=[]
 14. 1-0    ply= 99 flags=[]
 15. 1-0    ply=163 flags=[]
 16. 1-0    ply=135 flags=[]
 17. 0-1    ply=152 flags=[]
 18. 0-1    ply=146 flags=[]
 19. 1-0    ply=283 flags=[]
 20. 1/2-1/2 ply=134 flags=[]
 21. 1/2-1/2 ply=187 flags=[]
 22. 1-0    ply= 93 flags=[]
 23. 0-1    ply=268 flags=[]
 24. 0-1    ply=244 flags=[]
score: 11W-10L-3D (0.521)
