  1. 1/2-1/2 ply=197 flags=[]
  2. 1/2-1/2 ply=133 flags=[]
  3. 1-0    ply=107 flags=[]
  4. 0-1    ply= 74 flags=[]
  5. 1-0    ply=101 flags=[]
  6. 1/2-1/2 ply=300 flags=[]
  7. 1/2-1/2 ply=167 flags=[]
  8. 1-0    ply=169 flags=[]
  9. 0-1    ply=124 flags=[]
 10. 1/2-1/2 ply=177 flags=[]
 11. 1/2-1/2 ply=199 flags=[]
 12. 1-0    ply=225 flags=[]
 13. 1-0    ply=173 flags=[]
 14. 1-0    ply=185 flags=[]
 15. 1-0    ply=181 flags=[]
 16. 1/2-1/2 ply= 98 flags=[]
 17. 1-0    ply=179 flags=[]
 18. 1-0    ply=157 flags=[]
 19. 1/2-1/2 ply= 80 flags=[]
 20. 1/2-1/2 ply=135 flags=[]
 21. 1-0    ply=233 flags=[]
 22. 0-1    ply=164 flags=[]
 23. 0-1    ply= 96 flags=[]
 24. 1-0    ply=181 flags=[]
score: 8W-7L-9D (0.521)
