head r64_a ply=76 nodes=0 score=-32000 best=0
head r64_a ply=78 nodes=1428480 score=-123 best=6467
head r64_a ply=80 nodes=1556480 score=-57 best=4530
head r64_a ply=82 nodes=1580032 score=-99 best=8898
head r64_a ply=84 nodes=1490944 score=16 best=4530
head r64_a ply=86 nodes=1347584 score=47 best=65874
head r64_a ply=88 nodes=1469440 score=10 best=72227
head r64_b ply=181 nodes=1581056 score=-32 best=9143
head r64_b ply=183 nodes=1571840 score=-61 best=67702
head r68 ply=50 nodes=1329152 score=577 best=72486
head r68 ply=52 nodes=1463296 score=571 best=5046
head r68 ply=54 nodes=1329152 score=615 best=78403
head r68 ply=56 nodes=1437696 score=777 best=6967
head r68 ply=58 nodes=1403904 score=1242 best=74422
head r68 ply=60 nodes=1628160 score=1274 best=76483
head r74 ply=82 nodes=1558528 score=-803 best=74304
head r74 ply=84 nodes=1545216 score=-803 best=74293
head r74 ply=86 nodes=1492992 score=-826 best=6596
head r74 ply=88 nodes=1687552 score=-826 best=6451
head r74 ply=90 nodes=1596416 score=-894 best=76545
head r74 ply=92 nodes=1937408 score=-957 best=8918
head r74 ply=94 nodes=1931264 score=-992 best=6322
