see r64_a ply=76 nodes=0 score=-32000 best=0
see r64_a ply=78 nodes=1210368 score=-79 best=6467
see r64_a ply=80 nodes=1165312 score=-62 best=4530
see r64_a ply=82 nodes=1184768 score=-99 best=8898
see r64_a ply=84 nodes=1164288 score=16 best=4530
see r64_a ply=86 nodes=1248256 score=47 best=65874
see r64_a ply=88 nodes=1379328 score=10 best=72227
see r64_b ply=181 nodes=1340416 score=-32 best=9143
see r64_b ply=183 nodes=1278976 score=-76 best=14838
see r68 ply=50 nodes=1072128 score=577 best=72486
see r68 ply=52 nodes=1197056 score=577 best=5046
see r68 ply=54 nodes=1278976 score=630 best=78403
see r68 ply=56 nodes=1350656 score=777 best=6967
see r68 ply=58 nodes=1413120 score=1242 best=74422
see r68 ply=60 nodes=1760256 score=1353 best=76483
see r74 ply=82 nodes=1570816 score=-767 best=74304
see r74 ply=84 nodes=1415168 score=-767 best=74293
see r74 ply=86 nodes=1462272 score=-826 best=6596
see r74 ply=88 nodes=1545216 score=-826 best=6451
see r74 ply=90 nodes=1665024 score=-894 best=76545
see r74 ply=92 nodes=1747968 score=-938 best=2390
see r74 ply=94 nodes=1730560 score=-992 best=6322
