# hand:1111 vs hand:0000  2000ms  8/8/8/4K3/8/8/4p3/4k3 b - - 0 1
# ply side   move   eval dep kdist   mat  ph half  kings
  0    B   e1d2     30  12     4  -100   0    1  K e5-d2  [e1d2:1162 e1f2:1162 e1d1:1155 e1f1:1155]
  1    W   e5d4   -142  11     3  -100   0    2  K d4-d2  [e5d6:-1167 e5e6:-1182 e5f5:-1182 e5f6:-1182]
  2    B  e2e1q     60  13     2  -100   0    0  K d4-d2  [e2e1q:1202 d2c1:1199 d2d1:1199 d2e1:1199]
  3    W   d4d5  -1127  12     2  -900   4    1  K d5-d2  [d4d5:-1212 d4c5:-29988 d4c4:-29990]
  4    B   e1e7   1069  11     3  -900   4    2  K d5-d2  [e1e7:1202 e1e8:1202 d2c1:1202 d2d1:1202]
  5    W   d5c6  -1087  12     3  -900   4    3  K c6-d2  [d5c6:-29988 d5c4:-29990 d5d4:-29990]
  6    B   d2c1   1037  12     4  -900   4    4  K c6-c1  [d2c1:1202 d2d1:1202 d2e1:1202 d2c2:1202]
  7    W   c6b6   -977   9     5  -900   4    5  K b6-c1  [c6b6:-29984 c6b5:-29986 c6d5:-29986]
  8    B   e7d7    989   2     5  -900   4    6  K b6-c1  [e7d7:29987 e7g7:29983 c1c2:29977 e7d6:29977]
  9    W   b6a5  -1002   7     5  -900   4    7  K a5-c1  [b6a6:-29982 b6c5:-29982 b6a5:-29984]
 10    B   d7d6   1055   4     4  -900   4    8  K a5-c1  [d7b7:29993 d7e7:29991 d7h7:29991 d7d8:29989]
 11    W   a5b5  -1075   5     4  -900   4    9  K b5-c1  [a5b5:-29984 a5a4:-29990]
 12    B   c1c2   1045   2     4  -900   4   10  K b5-c2  [c1d2:29991 d6c7:29991 d6f8:29991 d6e6:29991]
 13    W   b5c4  -1134   5     3  -900   4   11  K c4-c2  [b5c4:-29992 b5a5:-29992 b5a4:-29996]
 14    B   c2b2   1137   2     2  -900   4   12  K c4-b2  [c2b2:29993 c2d2:29993 d6e5:29993 d6d8:29993]
 15    W   c4b5  -1130   0     2  -900   4   13  K b5-b2  [c4b5:-29994]
 16    B   b2c3   1097   2     3  -900   4   14  K b5-c3  [b2b3:29995 b2c3:29995 d6e6:29993 d6h6:29993]
 17    W   b5a5  -1197   2     2  -900   4   15  K a5-c3  [b5a5:-29996 b5a4:-29998]
 18    B   c3c4   1197   2     2  -900   4   16  K a5-c4  [c3c4:29997 d6h6:29997 d6b8:29995 c3c2:29993]
 19    W   a5a4  -1219   0     2  -900   4   17  K a4-c4  [a5a4:-29998]
 20    B   d6b4   1205   1     2  -900   4   18  K a4-c4  [d6b4:29999 d6a6:29999 d6e5:29997 d6b8:29997]
# end: ply=21 result=0-1 (59.5s)
