# hand:1111 vs hand:0000  300ms  7k/8/8/8/8/8/8/KQ6 w - - 0 1
# ply side   move   eval dep kdist   mat  ph half  kings
  0    W   a1b2    920   8     7   900   4    1  K b2-h8  [a1b2:1196 b1h1:1196 b1b2:1196 b1b3:1196]
  1    B   h8g7   -963  10     6   900   4    2  K b2-g7  [h8g7:-1188 h8g8:-1188]
  2    W   b1f5   1014   8     5   900   4    3  K b2-g7  [b1f5:1234 b1a1:1234 b1c1:1234 b1d1:1234]
  3    B   g7h6  -1005  11     5   900   4    4  K b2-h6  [g7h6:-1205 g7g8:-1205 g7h8:-1205]
  4    W   b2c3    996   9     6   900   4    5  K c3-h6  [b2c3:1235 f5g4:1235 f5h3:1235 f5f4:1235]
  5    B   h6g7  -1045   0     5   900   4    6  K c3-g7  [h6g7:-1216]
  6    W   c3d4   1123   9     4   900   4    7  K d4-g7  [c3d4:1246 f5g4:1246 f5h3:1246 f5e6:1246]
  7    B   g7h6  -1153  10     3   900   4    8  K d4-h6  [g7h6:-29990 g7g8:-29990 g7h8:-29990]
  8    W   d4e5   1145   8     4   900   4    9  K e5-h6  [d4d5:1253 d4e5:1253 f5e4:1253 f5d3:1253]
  9    B   h6g7  -1161   0     3   900   4   10  K e5-g7  [h6g7:-29992]
 10    W   f5h5   1235   6     2   900   4   11  K e5-g7  [e5e6:29993 f5e4:29993 f5d3:29993 f5c2:29993]
 11    B   g7f8  -1195   6     2   900   4   12  K e5-f8  [g7f8:-29994 g7g8:-29996]
 12    W   e5f6   1179   4     3   900   4   13  K f6-f8  [e5f6:29995 h5h2:29995 h5h1:29995 h5h7:29995]
 13    B   f8g8  -1190   0     2   900   4   14  K f6-g8  [f8g8:-29996]
 14    W   h5g4   1229   2     2   900   4   15  K f6-g8  [h5g4:29997 h5g6:29997 h5f7:29997 h5h4:29997]
 15    B   g8h7  -1203   2     2   900   4   16  K f6-h7  [g8h7:-29998 g8f8:-29998 g8h8:-29998]
 16    W   g4g7   1226   1     2   900   4   17  K f6-h7  [g4g7:29999 g4d7:29997 g4c8:29997 g4g3:29997]
# end: ply=17 result=1-0 (62.4s)
