# hand:1111 vs hand:0000  300ms  7k/8/8/8/8/8/8/KQ6 w - - 0 1
# ply side   move   eval dep kdist   mat  ph half  kings
  0    W   a1b2    920   8     7   900   4    1  K b2-h8  [a1b2:1196 b1h1:1196 b1b2:1196 b1b3:1196]
  1    B   h8g7   -963  10     6   900   4    2  K b2-g7  [h8g7:-1188 h8g8:-1188]
  2    W   b1f5   1014   8     5   900   4    3  K b2-g7  [b1f5:1234 b1a1:1234 b1c1:1234 b1d1:1234]
  3    B   g7h6  -1005  11     5   900   4    4  K b2-h6  [g7h6:-1205 g7g8:-1205 g7h8:-1205]
  4    W   b2c3    996   9     6   900   4    5  K c3-h6  [b2c3:1235 f5e4:1235 f5d3:1235 f5b1:1235]
  5    B   h6g7  -1045   0     5   900   4    6  K c3-g7  [h6g7:-1205]
  6    W   c3d4   1123   8     4   900   4    7  K d4-g7  [c3d4:1246 f5f4:1246 f5f2:1246 f5e5:1246]
  7    B   g7h6  -1153  10     3   900   4    8  K d4-h6  [g7h6:-29990 g7g8:-29990 g7h8:-29990]
  8    W   d4e5   1145   8     4   900   4    9  K e5-h6  [d4d3:1246 d4e3:1246 d4c4:1246 d4e4:1246]
  9    B   h6g7  -1161   0     3   900   4   10  K e5-g7  [h6g7:-29992]
 10    W   e5e6   1235   7     2   900   4   11  K e6-g7  [e5e6:29993 f5e4:29993 f5d3:29993 f5c2:29993]
 11    B   g7h6  -1200   3     2   900   4   12  K e6-h6  [g7h6:-29994 g7g8:-29994 g7h8:-29994]
 12    W   e6d5   1188   4     3   900   4   13  K d5-h6  [f5g4:29995 f5e4:29993 f5d3:29993 f5c2:29993]
 13    B   h6g7  -1111   0     4   900   4   14  K d5-g7  [h6g7:-29988]
 14    W   d5e6   1186   2     3   900   4   15  K e6-g7  [d5e6:29993 f5e4:29993 f5g4:29993 f5c8:29993]
 15    B   g7h6  -1200   2     2   900   4   16  K e6-h6  [g7h6:-29994 g7g8:-29994 g7h8:-29994]
 16    W   f5g4   1188   2     3   900   4   17  K e6-h6  [f5g4:29995 f5e4:29993 f5d3:29993 f5c2:29993]
 17    B   h6h7  -1151   0     3   900   4   18  K e6-h7  [h6h7:-29996]
 18    W   e6f6   1181   2     3   900   4   19  K f6-h7  [e6f6:29997 e6f7:29997 g4g3:29995 g4g2:29995]
 19    B   h7h6  -1193   2     2   900   4   20  K f6-h6  [h7h6:-29998 h7h8:-29998]
 20    W   g4h3   1226   1     2   900   4   21  K f6-h6  [g4h3:29999 g4h4:29999 g4g6:29999 g4d7:29997]
# end: ply=21 result=1-0 (85.1s)
