# gate hand:1111 (new, /home/pino/projects/chessathon) vs hand:1111 (old, /tmp/chessathon_head) games=24 move-ms=500 seed=7
  1. 1-0    ply= 57 flags=[]
  2. 1/2-1/2 ply=169 flags=[]
  3. 1-0    ply= 91 flags=[]
  4. 0-1    ply=164 flags=[]
  5. 1-0    ply=131 flags=[]
  6. 1/2-1/2 ply=121 flags=[]
  7. 1/2-1/2 ply= 66 flags=[]
  8. 0-1    ply=206 flags=[]
  9. 1-0    ply=171 flags=[]
 10. 1/2-1/2 ply=131 flags=[]
 11. 1-0    ply=101 flags=[]
 12. 0-1    ply= 34 flags=[]
 13. 0-1    ply=240 flags=[]
 14. 1-0    ply=183 flags=[]
 15. 1/2-1/2 ply=183 flags=[]
 16. 0-1    ply=138 flags=[]
 17. 1/2-1/2 ply=185 flags=[]
 18. 0-1    ply= 68 flags=[]
 19. 1-0    ply=125 flags=[]
 20. 0-1    ply= 44 flags=[]
 21. 0-1    ply=112 flags=[]
 22. 0-1    ply=172 flags=[]
 23. 1-0    ply=177 flags=[]
 24. 0-1    ply=184 flags=[]
score: 15W-3L-6D (0.750)
