# hand:1111 vs hand:0000  300ms  kr6/8/8/8/8/8/8/7K b - - 0 1
# ply side   move   eval dep kdist   mat  ph half  kings
  0    B   a8b7    685  10     7  -500   2    1  K h1-b7  [b8g8:1264 b8f8:1237 a8b7:1226 b8b7:1226]
  1    W   h1h2   -807  11     6  -500   2    2  K h2-b7  [h1h2:-1262 h1g1:-1284 h1g2:-1284]
  2    B   b8g8    806  10     6  -500   2    3  K h2-b7  [b8g8:1324 b8h8:1314 b7c6:1309 b7b6:1267]
  3    W   h2h1   -809  13     6  -500   2    4  K h1-b7  [h2h1:-1323 h2h3:-1323]
  4    B   b7c6    812  11     6  -500   2    5  K h1-c6  [b7c6:1327 g8a8:1327 g8h8:1327 g8c8:1326]
  5    W   h1h2   -944   0     5  -500   2    6  K h2-c6  [h1h2:-1323]
  6    B   c6d6    951  10     5  -500   2    7  K h2-d6  [c6d5:1349 c6b6:1349 c6d6:1349 c6b7:1349]
  7    W   h2h1  -1004  12     4  -500   2    8  K h1-d6  [h2h1:-29988 h2h3:-29988]
  8    B   d6e5   1007  10     5  -500   2    9  K h1-e5  [d6d5:29989 d6e5:29989 d6e6:29989 g8g7:29989]
  9    W   h1h2  -1111   0     4  -500   2   10  K h2-e5  [h1h2:-29990]
 10    B   e5e4   1118   2     3  -500   2   11  K h2-e4  [e5e4:29991 e5f4:29991 e5f5:29991 g8g7:29991]
 11    W   h2h1  -1164   3     3  -500   2   12  K h1-e4  [h2h1:-29992 h2h3:-29992]
 12    B   e4d5   1167   2     3  -500   2   13  K h1-d5  [e4e3:29993 e4f3:29993 e4f4:29993 g8g7:29993]
 13    W   h1h2  -1061   0     4  -500   2   14  K h2-d5  [h1h2:-29990]
 14    B   d5e4   1068   2     4  -500   2   15  K h2-e4  [d5e4:29991 d5e5:29991 g8g6:29991 g8f8:29991]
 15    W   h2h1  -1164   2     3  -500   2   16  K h1-e4  [h2h1:-29992 h2h3:-29992]
 16    B   e4e3   1167   2     3  -500   2   17  K h1-e3  [e4e3:29993 e4f3:29993 e4f4:29993 g8g7:29993]
 17    W   h1h2  -1205   0     3  -500   2   18  K h2-e3  [h1h2:-29994]
 18    B   e3f3   1211   2     3  -500   2   19  K h2-f3  [e3f3:29995 g8g5:29995 g8g4:29995 g8h8:29995]
 19    W   h2h1  -1247   2     2  -500   2   20  K h1-f3  [h2h1:-29996 h2h3:-29998]
 20    B   f3f2   1251   2     2  -500   2   21  K h1-f2  [f3f2:29997 f3g3:29995 g8g7:29995 g8g6:29995]
 21    W   h1h2  -1279   0     2  -500   2   22  K h2-f2  [h1h2:-29998]
 22    B   g8h8   1286   1     2  -500   2   23  K h2-f2  [g8h8:29999 g8g3:29997 g8c8:29997 g8b8:29997]
# end: ply=23 result=0-1 (54.4s)
