# tag=v8dp root=/home/pino/projects/chessathon corpus=results/leak_suite/fens.json sha256=fc285bb601e16e7e rows=107 budget_s=2.6
v8dp round-64-vs-snake ply=9 vloss=166 nodes=1211392 score=-1 depth=7 best=e3e4
v8dp round-64-vs-snake ply=23 vloss=252 nodes=1262592 score=14 depth=7 best=e3e4
v8dp round-64-vs-snake ply=51 vloss=164 nodes=1345536 score=9 depth=9 best=c3c4
v8dp round-64-vs-snake ply=63 vloss=193 nodes=1414144 score=115 depth=8 best=f4e2
v8dp round-64-vs-snake ply=69 vloss=537 nodes=1235968 score=64 depth=9 best=g3e2
v8dp round-64-vs-snake ply=83 vloss=322 nodes=1390592 score=30 depth=9 best=c2c1
v8dp round-64-vs-snake ply=129 vloss=305 nodes=1385472 score=-8 depth=9 best=g6g5
v8dp round-64-vs-snake ply=181 vloss=329 nodes=1424384 score=-100 depth=9 best=h4h5
v8dp round-64-vs-snake ply=183 vloss=279 nodes=1315840 score=-140 depth=8 best=g8d8
v8dp round-64-vs-snake ply=187 vloss=427 nodes=1795072 score=-921 depth=12 best=h3h2
v8dp round-64-vs-snake ply=189 vloss=8101 nodes=1567744 score=-662 depth=12 best=h6h7
v8dp round-64-vs-snake ply=193 vloss=694 nodes=0 score=0 depth=0 best=h1h2
v8dp round-64-vs-snake ply=195 vloss=6648 nodes=1560576 score=-703 depth=12 best=g2g4
v8dp round-64-vs-snake ply=197 vloss=665 nodes=1740800 score=-809 depth=12 best=g1f2
v8dp round-64-vs-snake ply=207 vloss=22814 nodes=1845248 score=-1102 depth=12 best=e6e7
v8dp round-68-vs-rook-and-roll ply=13 vloss=314 nodes=1190912 score=37 depth=8 best=a2c2
v8dp round-68-vs-rook-and-roll ply=15 vloss=491 nodes=1086464 score=98 depth=8 best=a2a1
v8dp round-68-vs-rook-and-roll ply=29 vloss=1804 nodes=1251328 score=-18 depth=9 best=c7d6
v8dp round-68-vs-rook-and-roll ply=33 vloss=27978 nodes=1222656 score=-235 depth=9 best=a1f6
v8dp round-68-vs-rook-and-roll ply=39 vloss=207 nodes=1161216 score=-771 depth=9 best=e4f4
v8dp round-68-vs-rook-and-roll ply=41 vloss=202 nodes=1159168 score=-790 depth=9 best=g6f5
v8dp round-68-vs-rook-and-roll ply=43 vloss=357 nodes=1158144 score=-594 depth=8 best=f4e5
v8dp round-70-vs-kingsguard ply=12 vloss=399 nodes=1469440 score=-17 depth=9 best=c6e5
v8dp round-70-vs-kingsguard ply=42 vloss=178 nodes=1517568 score=-245 depth=9 best=a8b8
v8dp round-70-vs-kingsguard ply=46 vloss=234 nodes=1362944 score=-230 depth=8 best=c7d7
v8dp round-70-vs-kingsguard ply=48 vloss=958 nodes=1439744 score=-714 depth=10 best=h4g5
v8dp round-70-vs-kingsguard ply=50 vloss=28129 nodes=1354752 score=-767 depth=10 best=f7f6
v8dp round-71-vs-magnus ply=10 vloss=243 nodes=1203200 score=53 depth=8 best=f3g3
v8dp round-71-vs-magnus ply=18 vloss=619 nodes=1324032 score=56 depth=8 best=c3d5
v8dp round-71-vs-magnus ply=38 vloss=181 nodes=1296384 score=469 depth=8 best=f8g7
v8dp round-71-vs-magnus ply=68 vloss=242 nodes=1461248 score=1002 depth=10 best=g2h3
v8dp round-73-vs-skylab ply=53 vloss=614 nodes=1152000 score=1216 depth=9 best=c2d3
v8dp round-73-vs-skylab ply=57 vloss=488 nodes=1354752 score=1309 depth=9 best=e6d5
v8dp round-74-vs-rohan ply=12 vloss=194 nodes=1210368 score=120 depth=7 best=c1d2
v8dp round-74-vs-rohan ply=24 vloss=171 nodes=1253376 score=123 depth=7 best=c3a5
v8dp round-74-vs-rohan ply=34 vloss=217 nodes=1199104 score=118 depth=8 best=c2b1
v8dp round-74-vs-rohan ply=36 vloss=188 nodes=1107968 score=344 depth=8 best=d2c2
v8dp round-74-vs-rohan ply=38 vloss=190 nodes=1157120 score=232 depth=9 best=c2c4
v8dp round-74-vs-rohan ply=54 vloss=632 nodes=1336320 score=487 depth=9 best=b4f4
v8dp round-74-vs-rohan ply=62 vloss=637 nodes=1233920 score=470 depth=8 best=e2e5
v8dp round-74-vs-rohan ply=66 vloss=297 nodes=1186816 score=-145 depth=10 best=a6a5
v8dp round-74-vs-rohan ply=70 vloss=495 nodes=1067008 score=-130 depth=10 best=b1g6
v8dp round-74-vs-rohan ply=98 vloss=5256 nodes=1662976 score=-1012 depth=10 best=b4b5
v8dp round-74-vs-rohan ply=112 vloss=22279 nodes=1953792 score=-1305 depth=13 best=b6b5
v8dp round-75-vs-prophylaxis ply=46 vloss=337 nodes=1217536 score=81 depth=9 best=g7h6
v8dp round-75-vs-prophylaxis ply=86 vloss=851 nodes=1707008 score=964 depth=13 best=d5a8
v8dp round-76-vs-mcai ply=32 vloss=474 nodes=1228800 score=-72 depth=9 best=e1e4
v8dp round-76-vs-mcai ply=34 vloss=266 nodes=1270784 score=-213 depth=10 best=b2c3
v8dp round-76-vs-mcai ply=46 vloss=258 nodes=1213440 score=-226 depth=9 best=e4d2
v8dp round-76-vs-mcai ply=48 vloss=179 nodes=1203200 score=-418 depth=10 best=e4d2
v8dp round-76-vs-mcai ply=50 vloss=316 nodes=1251328 score=-427 depth=9 best=h2h4
v8dp round-76-vs-mcai ply=76 vloss=227 nodes=1398784 score=-483 depth=10 best=f1e1
v8dp round-76-vs-mcai ply=96 vloss=161 nodes=1296384 score=-821 depth=10 best=d3c4
v8dp round-76-vs-mcai ply=122 vloss=231 nodes=1165312 score=-481 depth=11 best=a8h8
v8dp round-76-vs-mcai ply=134 vloss=197 nodes=1170432 score=-961 depth=9 best=d4c4
v8dp round-76-vs-mcai ply=144 vloss=26877 nodes=1435648 score=-1344 depth=12 best=g1h1
v8dp round-77-vs-frisky ply=17 vloss=168 nodes=1288192 score=55 depth=8 best=a7a6
v8dp round-77-vs-frisky ply=35 vloss=302 nodes=1302528 score=261 depth=8 best=h3e6
v8dp round-77-vs-frisky ply=41 vloss=213 nodes=1218560 score=231 depth=8 best=c4b2
v8dp round-80-vs-gmmmmm ply=7 vloss=186 nodes=1126400 score=-90 depth=10 best=g4f3
v8dp round-80-vs-gmmmmm ply=11 vloss=228 nodes=1435648 score=-118 depth=9 best=c5a6
v8dp round-80-vs-gmmmmm ply=21 vloss=254 nodes=1384448 score=-92 depth=8 best=a7a6
v8dp round-81-vs-magnus-carlson ply=38 vloss=161 nodes=1102848 score=536 depth=8 best=c3f6
v8dp round-82-vs-team7347 ply=32 vloss=175 nodes=1205248 score=-22 depth=7 best=e1f2
v8dp round-82-vs-team7347 ply=40 vloss=286 nodes=1114112 score=47 depth=8 best=e3e4
v8dp round-82-vs-team7347 ply=48 vloss=695 nodes=1176576 score=103 depth=8 best=h1h4
v8dp round-82-vs-team7347 ply=62 vloss=677 nodes=1101824 score=56 depth=7 best=b6a6
v8dp round-83-vs-404-not-found ply=21 vloss=190 nodes=1235968 score=-37 depth=9 best=e8g8
v8dp round-83-vs-404-not-found ply=29 vloss=190 nodes=1266688 score=-60 depth=9 best=e8c8
v8dp round-83-vs-404-not-found ply=31 vloss=210 nodes=1200128 score=-60 depth=10 best=f6g5
v8dp round-83-vs-404-not-found ply=35 vloss=166 nodes=1256448 score=-41 depth=9 best=a7a6
v8dp round-83-vs-404-not-found ply=39 vloss=188 nodes=1230848 score=-36 depth=9 best=a6c4
v8dp round-83-vs-404-not-found ply=41 vloss=175 nodes=1267712 score=-45 depth=8 best=a6c4
v8dp round-83-vs-404-not-found ply=75 vloss=421 nodes=1246208 score=-63 depth=9 best=f8h8
v8dp round-83-vs-404-not-found ply=109 vloss=165 nodes=1498112 score=-451 depth=10 best=d8g8
v8dp round-83-vs-404-not-found ply=115 vloss=390 nodes=1589248 score=-613 depth=13 best=a7a8
v8dp round-83-vs-404-not-found ply=117 vloss=219 nodes=1628160 score=-654 depth=13 best=a8a7
v8dp round-83-vs-404-not-found ply=121 vloss=172 nodes=1571840 score=-746 depth=11 best=f8g8
v8dp round-90-vs-chessbuster-9000 ply=29 vloss=239 nodes=1246208 score=27 depth=9 best=c3c1
v8dp round-90-vs-chessbuster-9000 ply=59 vloss=241 nodes=1434624 score=-8 depth=12 best=a7a5
v8dp round-90-vs-chessbuster-9000 ply=63 vloss=508 nodes=1443840 score=-26 depth=13 best=e6d8
v8dp round-90-vs-chessbuster-9000 ply=69 vloss=249 nodes=1592320 score=-183 depth=13 best=h3h4
v8dp round-90-vs-chessbuster-9000 ply=81 vloss=26534 nodes=1873920 score=-704 depth=17 best=f1g1
v8dp round-91-vs-epoch-mate ply=86 vloss=474 nodes=1327104 score=835 depth=11 best=a3a2
v8dp round-92-vs-team-i-love-fortnite ply=54 vloss=180 nodes=1110016 score=107 depth=9 best=d4e3
v8dp round-92-vs-team-i-love-fortnite ply=56 vloss=455 nodes=1081344 score=68 depth=8 best=d5b3
v8dp round-92-vs-team-i-love-fortnite ply=58 vloss=407 nodes=1116160 score=87 depth=7 best=b4b5
v8dp round-92-vs-team-i-love-fortnite ply=62 vloss=346 nodes=1102848 score=-124 depth=8 best=g4e3
v8dp round-92-vs-team-i-love-fortnite ply=64 vloss=210 nodes=1111040 score=-223 depth=9 best=b3d5
v8dp round-92-vs-team-i-love-fortnite ply=66 vloss=181 nodes=1070080 score=-793 depth=10 best=d4e3
v8dp round-93-vs-brokefish ply=24 vloss=286 nodes=1347584 score=70 depth=7 best=c1c4
v8dp round-93-vs-brokefish ply=28 vloss=193 nodes=1302528 score=178 depth=7 best=c4c5
v8dp round-93-vs-brokefish ply=30 vloss=262 nodes=1311744 score=186 depth=7 best=c1c2
v8dp round-93-vs-brokefish ply=32 vloss=215 nodes=1265664 score=186 depth=7 best=d2g5
v8dp round-93-vs-brokefish ply=82 vloss=311 nodes=1350656 score=193 depth=10 best=b7b8
v8dp round-93-vs-brokefish ply=86 vloss=567 nodes=1317888 score=125 depth=11 best=c6b4
v8dp round-94-vs-tal ply=38 vloss=342 nodes=1228800 score=834 depth=9 best=h2g1
v8dp round-94-vs-tal ply=42 vloss=265 nodes=1254400 score=919 depth=8 best=g8f8
v8dp round-96-vs-bongcloud ply=31 vloss=248 nodes=1257472 score=-125 depth=10 best=e7e5
v8dp round-96-vs-bongcloud ply=33 vloss=167 nodes=1266688 score=-123 depth=10 best=f7e6
v8dp round-96-vs-bongcloud ply=65 vloss=306 nodes=1163264 score=-157 depth=10 best=e6f7
v8dp round-96-vs-bongcloud ply=83 vloss=168 nodes=1418240 score=-218 depth=10 best=e6f7
v8dp round-96-vs-bongcloud ply=85 vloss=2480 nodes=1517568 score=-175 depth=10 best=g4g5
v8dp round-96-vs-bongcloud ply=87 vloss=6043 nodes=1511424 score=-232 depth=11 best=f7e6
v8dp round-96-vs-bongcloud ply=89 vloss=756 nodes=1504256 score=-193 depth=10 best=e6d5
v8dp round-96-vs-bongcloud ply=91 vloss=6457 nodes=1642496 score=-546 depth=10 best=d5e6
v8dp round-96-vs-bongcloud ply=93 vloss=23190 nodes=1575936 score=-470 depth=9 best=e6d6
