corpus=results/leak_suite/mate_stratum.json rows=24  A=v9k (24 probed)  B=v7ref (24 probed)
game                            ply    sf16    v9k_s v9k_mv  v7ref_s v7ref_mv    dA-B
round-64-vs-snake               201  -28500     -971   g2g3     -977   g2g3       6
round-68-vs-rook-and-roll        35  -28900        0   d6e5        0   d6e5       0
round-68-vs-rook-and-roll        65  -29300    -1383   h7h5    -1406   a7a6      23  MV!
round-71-vs-magnus               72   28600     1091   b5a6     1096   b5a6      -5
round-72-vs-stocked-fish         69   27700     1062   e5f5     1072   e5f5     -10
round-72-vs-stocked-fish         73   28200     1242   g7g5     1241   g7g5       1
round-72-vs-stocked-fish         75   28300     1241   g7g5     1241   f4f3       0  MV!
round-72-vs-stocked-fish         77   28000     1264   g7g5     1257   g7g5       7
round-72-vs-stocked-fish         79   28300     1259   g7g5     1259   g7g5       0
round-73-vs-skylab               51   28900     1613   c2c3     1239   d4d3     374  MV!
round-73-vs-skylab               61   29500     1485   e4h4     1490   e4h4      -5
round-76-vs-mcai                148  -28800    -1344   g1h1    -1346   g1h1       2
round-77-vs-frisky               59   29100     1022   g6g5     1067   g6g5     -45
round-77-vs-frisky               61   29500    29991   d3f4    29991   d3f4       0
round-78-vs-stockfish            75   29100     1331   e7d7     1345   e7d7     -14
round-80-vs-gmmmmm               45   29200     1675   g5g2     1679   g5g2      -4
round-81-vs-magnus-carlson       82   29100     2311   a6a7     2319   a6a7      -8
round-83-vs-404-not-found       125  -29000    -1284   e8c8    -1373   e8c8      89
round-83-vs-404-not-found       127  -29100    -1734   c8e8    -1742   c8e8       8
round-83-vs-404-not-found       137  -29400   -29988   b5b4   -29988   b5b4       0
round-92-vs-team-i-love-fortni   76  -29100    -1152   f5f4    -1142   f5f4     -10
round-93-vs-brokefish           112   28400     1301   e5e6     1318   e5e6     -17
round-94-vs-tal                  36   29200      808   g8g7      790   f2f6      18  MV!
round-95-vs-subzero              86   29100    29989   c2b2    29989   c2b2       0

rows compared        : 24
mean score delta A-B : +17.1 cp
median score delta   : +0.0 cp
moves changed        : 4
A >=300cp WORSE rows : 0
A >=300cp better rows: 1
   ('round-73-vs-skylab', 51) sf16=28900 B=1239 A=1613
mean |score-SF16|    : A=27511 cp B=27519 cp (n=21 cp-scale rows)
median |score-SF16|  : A=27509 cp B=27521 cp
