# tag=v9k root=/home/pino/projects/chessathon corpus=results/leak_suite/fens.json sha256=fc285bb601e16e7e rows=107 budget_s=2.6
v9k round-64-vs-snake ply=9 vloss=166 nodes=1115136 score=-13 depth=8 best=d1c2
v9k round-64-vs-snake ply=23 vloss=252 nodes=1234944 score=-2 depth=7 best=e3e4
v9k round-64-vs-snake ply=51 vloss=164 nodes=1191936 score=10 depth=9 best=a3b2
v9k round-64-vs-snake ply=63 vloss=193 nodes=1228800 score=115 depth=8 best=f4e2
v9k round-64-vs-snake ply=69 vloss=537 nodes=1101824 score=50 depth=9 best=g3e2
v9k round-64-vs-snake ply=83 vloss=322 nodes=1142784 score=7 depth=9 best=c2c1
v9k round-64-vs-snake ply=129 vloss=305 nodes=1236992 score=-10 depth=8 best=g6g7
v9k round-64-vs-snake ply=181 vloss=329 nodes=1337344 score=-111 depth=8 best=f4f5
v9k round-64-vs-snake ply=183 vloss=279 nodes=1216512 score=-124 depth=8 best=g8d8
v9k round-64-vs-snake ply=187 vloss=427 nodes=1467392 score=-921 depth=12 best=h3h2
v9k round-64-vs-snake ply=189 vloss=8101 nodes=1519616 score=-659 depth=12 best=h6h7
v9k round-64-vs-snake ply=193 vloss=694 nodes=0 score=0 depth=0 best=h1h2
v9k round-64-vs-snake ply=195 vloss=6648 nodes=1731584 score=-697 depth=12 best=g2g4
v9k round-64-vs-snake ply=197 vloss=665 nodes=1889280 score=-815 depth=12 best=g1f1
v9k round-64-vs-snake ply=207 vloss=22814 nodes=1988608 score=-1102 depth=12 best=e6e7
v9k round-68-vs-rook-and-roll ply=13 vloss=314 nodes=1156096 score=30 depth=9 best=g6c2
v9k round-68-vs-rook-and-roll ply=15 vloss=491 nodes=1146880 score=94 depth=9 best=a2a1
v9k round-68-vs-rook-and-roll ply=29 vloss=1804 nodes=1116160 score=-69 depth=8 best=c7d6
v9k round-68-vs-rook-and-roll ply=33 vloss=27978 nodes=1084416 score=-217 depth=9 best=a1f6
v9k round-68-vs-rook-and-roll ply=39 vloss=207 nodes=1080320 score=-762 depth=8 best=e4f4
v9k round-68-vs-rook-and-roll ply=41 vloss=202 nodes=1059840 score=-800 depth=9 best=g6f5
v9k round-68-vs-rook-and-roll ply=43 vloss=357 nodes=1075200 score=-676 depth=9 best=f4e5
v9k round-70-vs-kingsguard ply=12 vloss=399 nodes=1248256 score=-17 depth=9 best=c6e5
v9k round-70-vs-kingsguard ply=42 vloss=178 nodes=1440768 score=-256 depth=9 best=a8g8
v9k round-70-vs-kingsguard ply=46 vloss=234 nodes=1306624 score=-243 depth=8 best=c7a7
v9k round-70-vs-kingsguard ply=48 vloss=958 nodes=1302528 score=-655 depth=10 best=h4g5
v9k round-70-vs-kingsguard ply=50 vloss=28129 nodes=1354752 score=-802 depth=10 best=f7f6
v9k round-71-vs-magnus ply=10 vloss=243 nodes=1318912 score=53 depth=8 best=f3g3
v9k round-71-vs-magnus ply=18 vloss=619 nodes=1189888 score=73 depth=8 best=c3d5
v9k round-71-vs-magnus ply=38 vloss=181 nodes=1125376 score=470 depth=8 best=f8g7
v9k round-71-vs-magnus ply=68 vloss=242 nodes=1173504 score=980 depth=10 best=g2h3
v9k round-73-vs-skylab ply=53 vloss=614 nodes=1220608 score=1291 depth=9 best=c2d3
v9k round-73-vs-skylab ply=57 vloss=488 nodes=1382400 score=1309 depth=9 best=e6d5
v9k round-74-vs-rohan ply=12 vloss=194 nodes=1163264 score=116 depth=7 best=e1g1
v9k round-74-vs-rohan ply=24 vloss=171 nodes=979968 score=105 depth=7 best=f3e5
v9k round-74-vs-rohan ply=34 vloss=217 nodes=1097728 score=105 depth=8 best=c2b1
v9k round-74-vs-rohan ply=36 vloss=188 nodes=1052672 score=344 depth=8 best=d2c2
v9k round-74-vs-rohan ply=38 vloss=190 nodes=1084416 score=217 depth=9 best=c2c4
v9k round-74-vs-rohan ply=54 vloss=632 nodes=1225728 score=471 depth=9 best=b4f4
v9k round-74-vs-rohan ply=62 vloss=637 nodes=1096704 score=439 depth=8 best=e2e5
v9k round-74-vs-rohan ply=66 vloss=297 nodes=1062912 score=-158 depth=10 best=a6a5
v9k round-74-vs-rohan ply=70 vloss=495 nodes=1182720 score=-132 depth=10 best=b1g6
v9k round-74-vs-rohan ply=98 vloss=5256 nodes=1497088 score=-972 depth=9 best=f5d3
v9k round-74-vs-rohan ply=112 vloss=22279 nodes=2204672 score=-1319 depth=13 best=b6b5
v9k round-75-vs-prophylaxis ply=46 vloss=337 nodes=1189888 score=69 depth=9 best=g7h6
v9k round-75-vs-prophylaxis ply=86 vloss=851 nodes=1620992 score=960 depth=13 best=d5b7
v9k round-76-vs-mcai ply=32 vloss=474 nodes=1197056 score=-61 depth=9 best=e1e4
v9k round-76-vs-mcai ply=34 vloss=266 nodes=1272832 score=-205 depth=10 best=b2c3
v9k round-76-vs-mcai ply=46 vloss=258 nodes=1397760 score=-249 depth=10 best=e4d2
v9k round-76-vs-mcai ply=48 vloss=179 nodes=1272832 score=-405 depth=10 best=e4d2
v9k round-76-vs-mcai ply=50 vloss=316 nodes=1292288 score=-418 depth=9 best=e3e8
v9k round-76-vs-mcai ply=76 vloss=227 nodes=1419264 score=-537 depth=11 best=f1e1
v9k round-76-vs-mcai ply=96 vloss=161 nodes=1305600 score=-845 depth=10 best=d3c4
v9k round-76-vs-mcai ply=122 vloss=231 nodes=1347584 score=-481 depth=11 best=a8h8
v9k round-76-vs-mcai ply=134 vloss=197 nodes=1440768 score=-969 depth=9 best=d4c4
v9k round-76-vs-mcai ply=144 vloss=26877 nodes=1525760 score=-1331 depth=12 best=e4f4
v9k round-77-vs-frisky ply=17 vloss=168 nodes=1374208 score=55 depth=8 best=a7a6
v9k round-77-vs-frisky ply=35 vloss=302 nodes=1250304 score=261 depth=8 best=h3e6
v9k round-77-vs-frisky ply=41 vloss=213 nodes=1283072 score=237 depth=9 best=c4b2
v9k round-80-vs-gmmmmm ply=7 vloss=186 nodes=1243136 score=-90 depth=10 best=g4f3
v9k round-80-vs-gmmmmm ply=11 vloss=228 nodes=1275904 score=-118 depth=9 best=c5a6
v9k round-80-vs-gmmmmm ply=21 vloss=254 nodes=1334272 score=-90 depth=8 best=d8f6
v9k round-81-vs-magnus-carlson ply=38 vloss=161 nodes=1088512 score=547 depth=8 best=c3f6
v9k round-82-vs-team7347 ply=32 vloss=175 nodes=1120256 score=-21 depth=8 best=e1g1
v9k round-82-vs-team7347 ply=40 vloss=286 nodes=1026048 score=51 depth=7 best=e3e4
v9k round-82-vs-team7347 ply=48 vloss=695 nodes=1138688 score=90 depth=8 best=h1h4
v9k round-82-vs-team7347 ply=62 vloss=677 nodes=1071104 score=45 depth=7 best=b6c5
v9k round-83-vs-404-not-found ply=21 vloss=190 nodes=1099776 score=-37 depth=9 best=e8g8
v9k round-83-vs-404-not-found ply=29 vloss=190 nodes=1161216 score=-70 depth=9 best=e8g8
v9k round-83-vs-404-not-found ply=31 vloss=210 nodes=1116160 score=-70 depth=9 best=f6g5
v9k round-83-vs-404-not-found ply=35 vloss=166 nodes=1156096 score=-58 depth=9 best=a7a6
v9k round-83-vs-404-not-found ply=39 vloss=188 nodes=1218560 score=-54 depth=10 best=a6c4
v9k round-83-vs-404-not-found ply=41 vloss=175 nodes=1231872 score=-53 depth=10 best=a6c4
v9k round-83-vs-404-not-found ply=75 vloss=421 nodes=1366016 score=-72 depth=9 best=f8h8
v9k round-83-vs-404-not-found ply=109 vloss=165 nodes=1530880 score=-491 depth=11 best=d8g8
v9k round-83-vs-404-not-found ply=115 vloss=390 nodes=1604608 score=-598 depth=13 best=a7a8
v9k round-83-vs-404-not-found ply=117 vloss=219 nodes=1685504 score=-643 depth=13 best=a8a7
v9k round-83-vs-404-not-found ply=121 vloss=172 nodes=1627136 score=-755 depth=12 best=f8e8
v9k round-90-vs-chessbuster-9000 ply=29 vloss=239 nodes=1498112 score=25 depth=9 best=c3c1
v9k round-90-vs-chessbuster-9000 ply=59 vloss=241 nodes=1685504 score=-8 depth=12 best=a7a5
v9k round-90-vs-chessbuster-9000 ply=63 vloss=508 nodes=1584128 score=-26 depth=13 best=e6d8
v9k round-90-vs-chessbuster-9000 ply=69 vloss=249 nodes=1645568 score=-185 depth=13 best=h3g2
v9k round-90-vs-chessbuster-9000 ply=81 vloss=26534 nodes=2086912 score=-741 depth=17 best=f1g1
v9k round-91-vs-epoch-mate ply=86 vloss=474 nodes=1627136 score=965 depth=12 best=g5g4
v9k round-92-vs-team-i-love-fortnite ply=54 vloss=180 nodes=1321984 score=97 depth=9 best=d4e3
v9k round-92-vs-team-i-love-fortnite ply=56 vloss=455 nodes=1265664 score=48 depth=7 best=d5b3
v9k round-92-vs-team-i-love-fortnite ply=58 vloss=407 nodes=1267712 score=64 depth=8 best=g3h2
v9k round-92-vs-team-i-love-fortnite ply=62 vloss=346 nodes=1124352 score=-146 depth=8 best=g4e3
v9k round-92-vs-team-i-love-fortnite ply=64 vloss=210 nodes=1170432 score=-251 depth=9 best=b3d5
v9k round-92-vs-team-i-love-fortnite ply=66 vloss=181 nodes=1184768 score=-696 depth=9 best=d4e3
v9k round-93-vs-brokefish ply=24 vloss=286 nodes=1463296 score=69 depth=7 best=c1c4
v9k round-93-vs-brokefish ply=28 vloss=193 nodes=1420288 score=178 depth=7 best=c4c5
v9k round-93-vs-brokefish ply=30 vloss=262 nodes=1459200 score=186 depth=7 best=c1c2
v9k round-93-vs-brokefish ply=32 vloss=215 nodes=1306624 score=186 depth=7 best=d2g5
v9k round-93-vs-brokefish ply=82 vloss=311 nodes=1455104 score=187 depth=11 best=b7b8
v9k round-93-vs-brokefish ply=86 vloss=567 nodes=1276928 score=119 depth=11 best=c6b4
v9k round-94-vs-tal ply=38 vloss=342 nodes=1352704 score=822 depth=9 best=h2g1
v9k round-94-vs-tal ply=42 vloss=265 nodes=1382400 score=939 depth=8 best=e6e5
v9k round-96-vs-bongcloud ply=31 vloss=248 nodes=1086464 score=-127 depth=10 best=e7e5
v9k round-96-vs-bongcloud ply=33 vloss=167 nodes=1270784 score=-125 depth=10 best=e5e4
v9k round-96-vs-bongcloud ply=65 vloss=306 nodes=1230848 score=-149 depth=9 best=b7a6
v9k round-96-vs-bongcloud ply=83 vloss=168 nodes=1323008 score=-253 depth=11 best=e6f7
v9k round-96-vs-bongcloud ply=85 vloss=2480 nodes=1464320 score=-156 depth=10 best=g4g5
v9k round-96-vs-bongcloud ply=87 vloss=6043 nodes=1468416 score=-236 depth=11 best=f7e6
v9k round-96-vs-bongcloud ply=89 vloss=756 nodes=1598464 score=-205 depth=10 best=e6d5
v9k round-96-vs-bongcloud ply=91 vloss=6457 nodes=1584128 score=-244 depth=10 best=d5e6
v9k round-96-vs-bongcloud ply=93 vloss=23190 nodes=1649664 score=-581 depth=10 best=e6f5
