  1. 1/2-1/2 ply=135 flags=[]
  2. 1/2-1/2 ply=134 flags=[]
  3. 1/2-1/2 ply=133 flags=[]
  4. 1-0    ply=113 flags=[]
  5. 1-0    ply=163 flags=[]
  6. 0-1    ply=262 flags=[]
  7. 0-1    ply= 96 flags=[]
  8. 0-1    ply=126 flags=[]
  9. 1/2-1/2 ply= 69 flags=[]
 10. 1/2-1/2 ply=175 flags=[]
 11. 1/2-1/2 ply=130 flags=[]
 12. 1-0    ply= 73 flags=[]
 13. 1/2-1/2 ply=190 flags=[]
 14. 1/2-1/2 ply= 89 flags=[]
 15. 1/2-1/2 ply= 89 flags=[]
 16. 1/2-1/2 ply=144 flags=[]
 17. 0-1    ply=132 flags=[]
 18. 1-0    ply=179 flags=[]
 19. 1/2-1/2 ply=133 flags=[]
 20. 1-0    ply= 35 flags=[]
 21. 0-1    ply= 38 flags=[]
 22. 1/2-1/2 ply=118 flags=[]
 23. 0-1    ply= 94 flags=[]
 24. 1/2-1/2 ply=135 flags=[]
score: 3W-8L-13D (0.396)
