# gate hand:1111 (new, /home/pino/projects/chessathon) vs hand:1111 (old, /tmp/chessathon_head) games=24 move-ms=500 seed=7
  1. 0-1    ply=126 flags=[]
  2. 1/2-1/2 ply=209 flags=[]
  3. 0-1    ply=184 flags=[]
  4. 1-0    ply=159 flags=[]
  5. 1-0    ply= 79 flags=[]
  6. 1/2-1/2 ply=138 flags=[]
  7. 1-0    ply=155 flags=[]
  8. 1-0    ply=169 flags=[]
  9. 1-0    ply=145 flags=[]
 10. 1-0    ply=121 flags=[]
 11. 1/2-1/2 ply=258 flags=[]
 12. 1-0    ply=127 flags=[]
 13. 1/2-1/2 ply=102 flags=[]
 14. 1-0    ply=139 flags=[]
 15. 1/2-1/2 ply=185 flags=[]
 16. 1/2-1/2 ply=182 flags=[]
 17. 1-0    ply=169 flags=[]
 18. 1-0    ply=117 flags=[]
 19. 1/2-1/2 ply= 92 flags=[]
 20. 1-0    ply=163 flags=[]
 21. 1/2-1/2 ply=113 flags=[]
 22. 1/2-1/2 ply=123 flags=[]
 23. 1/2-1/2 ply= 53 flags=[]
 24. 0-1    ply=194 flags=[]
score: 5W-9L-10D (0.417)
