# gate hand:1111 (new, /home/pino/projects/chessathon) vs hand:1111 (old, /tmp/chessathon_head) games=24 move-ms=500 seed=7
  1. 1/2-1/2 ply=151 flags=[]
  2. 1-0    ply=167 flags=[]
  3. 1/2-1/2 ply=140 flags=[]
  4. 0-1    ply= 98 flags=[]
  5. 0-1    ply= 94 flags=[]
  6. 1-0    ply= 99 flags=[]
  7. 1/2-1/2 ply=145 flags=[]
  8. 1/2-1/2 ply=150 flags=[]
  9. 1-0    ply=131 flags=[]
 10. 0-1    ply= 42 flags=[]
 11. 0-1    ply=194 flags=[]
 12. 1/2-1/2 ply=120 flags=[]
 13. 1/2-1/2 ply=142 flags=[]
 14. 1-0    ply=179 flags=[]
 15. 1/2-1/2 ply=181 flags=[]
 16. 1-0    ply= 73 flags=[]
 17. 1-0    ply= 57 flags=[]
 18. 1-0    ply=135 flags=[]
 19. 1/2-1/2 ply=226 flags=[]
 20. 1-0    ply=165 flags=[]
 21. 0-1    ply= 56 flags=[]
 22. 1/2-1/2 ply= 88 flags=[]
 23. 1/2-1/2 ply= 72 flags=[]
 24. 0-1    ply=164 flags=[]
score: 5W-9L-10D (0.417)
