# hand:1111 vs hand:0000  300ms  7k/8/8/8/8/8/8/KR6 w - - 0 1
# ply side   move   eval dep kdist   mat  ph half  kings
  0    W   a1b2    524  10     7   500   2    1  K b2-h8
  1    B   h8g7   -576  12     6   500   2    2  K b2-g7
  2    W   b2c3    617  10     5   500   2    3  K c3-g7
  3    B   g7f6   -686  13     4   500   2    4  K c3-f6
  4    W   b1e1    725  10     3   500   2    5  K c3-f6
  5    B   f6f5   -700  13     3   500   2    6  K c3-f5
  6    W   e1f1    716  10     3   500   2    7  K c3-f5
  7    B   f5e4   -690  13     3   500   2    8  K c3-e4
  8    W   c3c4    756  11     2   500   2    9  K c4-e4
  9    B   e4e3   -740  12     2   500   2   10  K c4-e3
 10    W   f1e1    773  11     2   500   2   11  K c4-e3
 11    B   e3f3   -748  12     2   500   2   12  K c4-f3
 12    W   e1e5    732  10     3   500   2   13  K c4-f3
 13    B   f3f4   -707  12     3   500   2   14  K c4-f4
 14    W   c4d4    724  11     3   500   2   15  K d4-f4
 15    B   f4f3   -757  12     2   500   2   16  K d4-f3
 16    W   e5e7    791  11     2   500   2   17  K d4-f3
 17    B   f3f4   -765  13     2   500   2   18  K d4-f4
 18    W   d4d5    782  10     2   500   2   19  K d5-f4
 19    B   f4f3   -758  13     2   500   2   20  K d5-f3
 20    W   d5d4    791  11     2   500   2   21  K d4-f3
 21    B   f3f4   -765  13     2   500   2   22  K d4-f4
 22    W   d4d5    782  11     2   500   2   23  K d5-f4
 23    B   f4f5   -758  11     2   500   2   24  K d5-f5
 24    W   e7e4    784  11     2   500   2   25  K d5-f5
 25    B   f5f6   -759  12     2   500   2   26  K d5-f6
 26    W   e4f4    793  11     2   500   2   27  K d5-f6
 27    B   f6e7   -768  13     2   500   2   28  K d5-e7
 28    W   f4f3    812  11     2   500   2   29  K d5-e7
 29    B   e7d7   -787   8     2   500   2   30  K d5-d7
 30    W   f3f1    812  11     2   500   2   31  K d5-d7
 31    B   d7c7   -787  10     2   500   2   32  K d5-c7
 32    W   f1e1    821  12     2   500   2   33  K d5-c7
 33    B   c7b7   -795  11     2   500   2   34  K d5-b7
 34    W   d5c5    830  11     2   500   2   35  K c5-b7
 35    B   b7a7   -796   8     2   500   2   36  K c5-a7
 36    W   e1e7    830   2     2   500   2   37  K c5-a7
 37    B   a7b8   -805   6     2   500   2   38  K c5-b8
 38    W   c5c6    790   2     3   500   2   39  K c6-b8
 39    B   b8a8   -806   4     2   500   2   40  K c6-a8
 40    W   c6b6    840   2     2   500   2   41  K b6-a8
 41    B   a8b8   -787   0     2   500   2   42  K b6-b8
 42    W   e7e8    804   1     2   500   2   43  K b6-b8
# end: ply=43 result=1-0 (51.3s)
